Archive member included to satisfy reference by file (symbol)

C:/ST/STM32CubeIDE_1.15.1/STM32CubeIDE/plugins/com.st.stm32cube.ide.mcu.externaltools.gnu-tools-for-stm32.12.3.rel1.win32_1.0.100.202403111256/tools/bin/../lib/gcc/arm-none-eabi/12.3.1/../../../../arm-none-eabi/lib/thumb/v7-m/nofp\libc_nano.a(libc_a-exit.o)
                              C:/ST/STM32CubeIDE_1.15.1/STM32CubeIDE/plugins/com.st.stm32cube.ide.mcu.externaltools.gnu-tools-for-stm32.12.3.rel1.win32_1.0.100.202403111256/tools/bin/../lib/gcc/arm-none-eabi/12.3.1/../../../../arm-none-eabi/lib/thumb/v7-m/nofp/crt0.o (exit)
C:/ST/STM32CubeIDE_1.15.1/STM32CubeIDE/plugins/com.st.stm32cube.ide.mcu.externaltools.gnu-tools-for-stm32.12.3.rel1.win32_1.0.100.202403111256/tools/bin/../lib/gcc/arm-none-eabi/12.3.1/../../../../arm-none-eabi/lib/thumb/v7-m/nofp\libc_nano.a(libc_a-findfp.o)
                              C:/ST/STM32CubeIDE_1.15.1/STM32CubeIDE/plugins/com.st.stm32cube.ide.mcu.externaltools.gnu-tools-for-stm32.12.3.rel1.win32_1.0.100.202403111256/tools/bin/../lib/gcc/arm-none-eabi/12.3.1/../../../../arm-none-eabi/lib/thumb/v7-m/nofp\libc_nano.a(libc_a-exit.o) (__stdio_exit_handler)
C:/ST/STM32CubeIDE_1.15.1/STM32CubeIDE/plugins/com.st.stm32cube.ide.mcu.externaltools.gnu-tools-for-stm32.12.3.rel1.win32_1.0.100.202403111256/tools/bin/../lib/gcc/arm-none-eabi/12.3.1/../../../../arm-none-eabi/lib/thumb/v7-m/nofp\libc_nano.a(libc_a-fwalk.o)
                              C:/ST/STM32CubeIDE_1.15.1/STM32CubeIDE/plugins/com.st.stm32cube.ide.mcu.externaltools.gnu-tools-for-stm32.12.3.rel1.win32_1.0.100.202403111256/tools/bin/../lib/gcc/arm-none-eabi/12.3.1/../../../../arm-none-eabi/lib/thumb/v7-m/nofp\libc_nano.a(libc_a-findfp.o) (_fwalk_sglue)
C:/ST/STM32CubeIDE_1.15.1/STM32CubeIDE/plugins/com.st.stm32cube.ide.mcu.externaltools.gnu-tools-for-stm32.12.3.rel1.win32_1.0.100.202403111256/tools/bin/../lib/gcc/arm-none-eabi/12.3.1/../../../../arm-none-eabi/lib/thumb/v7-m/nofp\libc_nano.a(libc_a-stdio.o)
                              C:/ST/STM32CubeIDE_1.15.1/STM32CubeIDE/plugins/com.st.stm32cube.ide.mcu.externaltools.gnu-tools-for-stm32.12.3.rel1.win32_1.0.100.202403111256/tools/bin/../lib/gcc/arm-none-eabi/12.3.1/../../../../arm-none-eabi/lib/thumb/v7-m/nofp\libc_nano.a(libc_a-findfp.o) (__sread)
C:/ST/STM32CubeIDE_1.15.1/STM32CubeIDE/plugins/com.st.stm32cube.ide.mcu.externaltools.gnu-tools-for-stm32.12.3.rel1.win32_1.0.100.202403111256/tools/bin/../lib/gcc/arm-none-eabi/12.3.1/../../../../arm-none-eabi/lib/thumb/v7-m/nofp\libc_nano.a(libc_a-memset.o)
                              C:/ST/STM32CubeIDE_1.15.1/STM32CubeIDE/plugins/com.st.stm32cube.ide.mcu.externaltools.gnu-tools-for-stm32.12.3.rel1.win32_1.0.100.202403111256/tools/bin/../lib/gcc/arm-none-eabi/12.3.1/../../../../arm-none-eabi/lib/thumb/v7-m/nofp/crt0.o (memset)
C:/ST/STM32CubeIDE_1.15.1/STM32CubeIDE/plugins/com.st.stm32cube.ide.mcu.externaltools.gnu-tools-for-stm32.12.3.rel1.win32_1.0.100.202403111256/tools/bin/../lib/gcc/arm-none-eabi/12.3.1/../../../../arm-none-eabi/lib/thumb/v7-m/nofp\libc_nano.a(libc_a-closer.o)
                              C:/ST/STM32CubeIDE_1.15.1/STM32CubeIDE/plugins/com.st.stm32cube.ide.mcu.externaltools.gnu-tools-for-stm32.12.3.rel1.win32_1.0.100.202403111256/tools/bin/../lib/gcc/arm-none-eabi/12.3.1/../../../../arm-none-eabi/lib/thumb/v7-m/nofp\libc_nano.a(libc_a-stdio.o) (_close_r)
C:/ST/STM32CubeIDE_1.15.1/STM32CubeIDE/plugins/com.st.stm32cube.ide.mcu.externaltools.gnu-tools-for-stm32.12.3.rel1.win32_1.0.100.202403111256/tools/bin/../lib/gcc/arm-none-eabi/12.3.1/../../../../arm-none-eabi/lib/thumb/v7-m/nofp\libc_nano.a(libc_a-reent.o)
                              C:/ST/STM32CubeIDE_1.15.1/STM32CubeIDE/plugins/com.st.stm32cube.ide.mcu.externaltools.gnu-tools-for-stm32.12.3.rel1.win32_1.0.100.202403111256/tools/bin/../lib/gcc/arm-none-eabi/12.3.1/../../../../arm-none-eabi/lib/thumb/v7-m/nofp\libc_nano.a(libc_a-closer.o) (errno)
C:/ST/STM32CubeIDE_1.15.1/STM32CubeIDE/plugins/com.st.stm32cube.ide.mcu.externaltools.gnu-tools-for-stm32.12.3.rel1.win32_1.0.100.202403111256/tools/bin/../lib/gcc/arm-none-eabi/12.3.1/../../../../arm-none-eabi/lib/thumb/v7-m/nofp\libc_nano.a(libc_a-impure.o)
                              C:/ST/STM32CubeIDE_1.15.1/STM32CubeIDE/plugins/com.st.stm32cube.ide.mcu.externaltools.gnu-tools-for-stm32.12.3.rel1.win32_1.0.100.202403111256/tools/bin/../lib/gcc/arm-none-eabi/12.3.1/../../../../arm-none-eabi/lib/thumb/v7-m/nofp\libc_nano.a(libc_a-reent.o) (_impure_ptr)
C:/ST/STM32CubeIDE_1.15.1/STM32CubeIDE/plugins/com.st.stm32cube.ide.mcu.externaltools.gnu-tools-for-stm32.12.3.rel1.win32_1.0.100.202403111256/tools/bin/../lib/gcc/arm-none-eabi/12.3.1/../../../../arm-none-eabi/lib/thumb/v7-m/nofp\libc_nano.a(libc_a-lseekr.o)
[...]
Memory Configuration

Name             Origin             Length             Attributes
RAM              0x20000000         0x00005000         xrw
FLASH            0x08000000         0x00020000         xr
*default*        0x00000000         0xffffffff

Linker script and memory map

LOAD C:/ST/STM32CubeIDE_1.15.1/STM32CubeIDE/plugins/com.st.stm32cube.ide.mcu.externaltools.gnu-tools-for-stm32.12.3.rel1.win32_1.0.100.202403111256/tools/bin/../lib/gcc/arm-none-eabi/12.3.1/thumb/v7-m/nofp/crti.o
LOAD C:/ST/STM32CubeIDE_1.15.1/STM32CubeIDE/plugins/com.st.stm32cube.ide.mcu.externaltools.gnu-tools-for-stm32.12.3.rel1.win32_1.0.100.202403111256/tools/bin/../lib/gcc/arm-none-eabi/12.3.1/thumb/v7-m/nofp/crtbegin.o
LOAD C:/ST/STM32CubeIDE_1.15.1/STM32CubeIDE/plugins/com.st.stm32cube.ide.mcu.externaltools.gnu-tools-for-stm32.12.3.rel1.win32_1.0.100.202403111256/tools/bin/../lib/gcc/arm-none-eabi/12.3.1/../../../../arm-none-eabi/lib/thumb/v7-m/nofp/crt0.o
LOAD ./Core/Src/Keyboard.o
LOAD ./Core/Src/STM_to_PIC.o
LOAD ./Core/Src/arm_logic.o
LOAD ./Core/Src/lcd.o
LOAD ./Core/Src/main.o
LOAD ./Core/Src/stm32f1xx_hal_msp.o
LOAD ./Core/Src/stm32f1xx_it.o
LOAD ./Core/Src/syscalls.o
LOAD ./Core/Src/sysmem.o
LOAD ./Core/Src/system_stm32f1xx.o
LOAD ./Core/Startup/startup_stm32f103cbtx.o
LOAD ./Drivers/STM32F1xx_HAL_Driver/Src/stm32f1xx_hal.o
LOAD ./Drivers/STM32F1xx_HAL_Driver/Src/stm32f1xx_hal_cortex.o
LOAD ./Drivers/STM32F1xx_HAL_Driver/Src/stm32f1xx_hal_dma.o
LOAD ./Drivers/STM32F1xx_HAL_Driver/Src/stm32f1xx_hal_exti.o
LOAD ./Drivers/STM32F1xx_HAL_Driver/Src/stm32f1xx_hal_flash.o
LOAD ./Drivers/STM32F1xx_HAL_Driver/Src/stm32f1xx_hal_flash_ex.o
LOAD ./Drivers/STM32F1xx_HAL_Driver/Src/stm32f1xx_hal_gpio.o
LOAD ./Drivers/STM32F1xx_HAL_Driver/Src/stm32f1xx_hal_gpio_ex.o
LOAD ./Drivers/STM32F1xx_HAL_Driver/Src/stm32f1xx_hal_pcd.o
LOAD ./Drivers/STM32F1xx_HAL_Driver/Src/stm32f1xx_hal_pcd_ex.o
LOAD ./Drivers/STM32F1xx_HAL_Driver/Src/stm32f1xx_hal_pwr.o
LOAD ./Drivers/STM32F1xx_HAL_Driver/Src/stm32f1xx_hal_rcc.o
LOAD ./Drivers/STM32F1xx_HAL_Driver/Src/stm32f1xx_hal_rcc_ex.o
LOAD ./Drivers/STM32F1xx_HAL_Driver/Src/stm32f1xx_hal_tim.o
LOAD ./Drivers/STM32F1xx_HAL_Driver/Src/stm32f1xx_hal_tim_ex.o
LOAD ./Drivers/STM32F1xx_HAL_Driver/Src/stm32f1xx_ll_usb.o
LOAD ./Middlewares/ST/STM32_USB_Device_Library/Class/CDC/Src/usbd_cdc.o
LOAD ./Middlewares/ST/STM32_USB_Device_Library/Core/Src/usbd_core.o
LOAD ./Middlewares/ST/STM32_USB_Device_Library/Core/Src/usbd_ctlreq.o
LOAD ./Middlewares/ST/STM32_USB_Device_Library/Core/Src/usbd_ioreq.o
LOAD ./USB_DEVICE/App/usb_device.o
LOAD ./USB_DEVICE/App/usbd_cdc_if.o
LOAD ./USB_DEVICE/App/usbd_desc.o
LOAD ./USB_DEVICE/Target/usbd_conf.o
START GROUP
LOAD C:/ST/STM32CubeIDE_1.15.1/STM32CubeIDE/plugins/com.st.stm32cube.ide.mcu.externaltools.gnu-tools-for-stm32.12.3.rel1.win32_1.0.100.202403111256/tools/bin/../lib/gcc/arm-none-eabi/12.3.1/../../../../arm-none-eabi/lib/thumb/v7-m/nofp\libc_nano.a
LOAD C:/ST/STM32CubeIDE_1.15.1/STM32CubeIDE/plugins/com.st.stm32cube.ide.mcu.externaltools.gnu-tools-for-stm32.12.3.rel1.win32_1.0.100.202403111256/tools/bin/../lib/gcc/arm-none-eabi/12.3.1/../../../../arm-none-eabi/lib/thumb/v7-m/nofp\libm.a
END GROUP
START GROUP
LOAD C:/ST/STM32CubeIDE_1.15.1/STM32CubeIDE/plugins/com.st.stm32cube.ide.mcu.externaltools.gnu-tools-for-stm32.12.3.rel1.win32_1.0.100.202403111256/tools/bin/../lib/gcc/arm-none-eabi/12.3.1/thumb/v7-m/nofp\libgcc.a
LOAD C:/ST/STM32CubeIDE_1.15.1/STM32CubeIDE/plugins/com.st.stm32cube.ide.mcu.externaltools.gnu-tools-for-stm32.12.3.rel1.win32_1.0.100.202403111256/tools/bin/../lib/gcc/arm-none-eabi/12.3.1/../../../../arm-none-eabi/lib/thumb/v7-m/nofp\libc_nano.a
END GROUP
START GROUP
LOAD C:/ST/STM32CubeIDE_1.15.1/STM32CubeIDE/plugins/com.st.stm32cube.ide.mcu.externaltools.gnu-tools-for-stm32.12.3.rel1.win32_1.0.100.202403111256/tools/bin/../lib/gcc/arm-none-eabi/12.3.1/thumb/v7-m/nofp\libgcc.a
LOAD C:/ST/STM32CubeIDE_1.15.1/STM32CubeIDE/plugins/com.st.stm32cube.ide.mcu.externaltools.gnu-tools-for-stm32.12.3.rel1.win32_1.0.100.202403111256/tools/bin/../lib/gcc/arm-none-eabi/12.3.1/../../../../arm-none-eabi/lib/thumb/v7-m/nofp\libc_nano.a
LOAD C:/ST/STM32CubeIDE_1.15.1/STM32CubeIDE/plugins/com.st.stm32cube.ide.mcu.externaltools.gnu-tools-for-stm32.12.3.rel1.win32_1.0.100.202403111256/tools/bin/../lib/gcc/arm-none-eabi/12.3.1/../../../../arm-none-eabi/lib/thumb/v7-m/nofp\libnosys.a
END GROUP
START GROUP
LOAD C:/ST/STM32CubeIDE_1.15.1/STM32CubeIDE/plugins/com.st.stm32cube.ide.mcu.externaltools.gnu-tools-for-stm32.12.3.rel1.win32_1.0.100.202403111256/tools/bin/../lib/gcc/arm-none-eabi/12.3.1/thumb/v7-m/nofp\libgcc.a
LOAD C:/ST/STM32CubeIDE_1.15.1/STM32CubeIDE/plugins/com.st.stm32cube.ide.mcu.externaltools.gnu-tools-for-stm32.12.3.rel1.win32_1.0.100.202403111256/tools/bin/../lib/gcc/arm-none-eabi/12.3.1/../../../../arm-none-eabi/lib/thumb/v7-m/nofp\libc_nano.a
LOAD C:/ST/STM32CubeIDE_1.15.1/STM32CubeIDE/plugins/com.st.stm32cube.ide.mcu.externaltools.gnu-tools-for-stm32.12.3.rel1.win32_1.0.100.202403111256/tools/bin/../lib/gcc/arm-none-eabi/12.3.1/../../../../arm-none-eabi/lib/thumb/v7-m/nofp\libnosys.a
END GROUP
LOAD C:/ST/STM32CubeIDE_1.15.1/STM32CubeIDE/plugins/com.st.stm32cube.ide.mcu.externaltools.gnu-tools-for-stm32.12.3.rel1.win32_1.0.100.202403111256/tools/bin/../lib/gcc/arm-none-eabi/12.3.1/thumb/v7-m/nofp/crtend.o
LOAD C:/ST/STM32CubeIDE_1.15.1/STM32CubeIDE/plugins/com.st.stm32cube.ide.mcu.externaltools.gnu-tools-for-stm32.12.3.rel1.win32_1.0.100.202403111256/tools/bin/../lib/gcc/arm-none-eabi/12.3.1/thumb/v7-m/nofp/crtn.o
                0x20005000                        _estack = (ORIGIN (RAM) + LENGTH (RAM))
                0x00000200                        _Min_Heap_Size = 0x200
                0x00000400                        _Min_Stack_Size = 0x400

.isr_vector     0x08000000      0x10c
                0x08000000                        . = ALIGN (0x4)
 *(.isr_vector)
 .isr_vector    0x08000000      0x10c ./Core/Startup/startup_stm32f103cbtx.o
                0x08000000                g_pfnVectors
                0x0800010c                        . = ALIGN (0x4)

.text           0x0800010c     0x7d44
                0x0800010c                        . = ALIGN (0x4)
 *(.text)
 .text          0x0800010c       0x40 C:/ST/STM32CubeIDE_1.15.1/STM32CubeIDE/plugins/com.st.stm32cube.ide.mcu.externaltools.gnu-tools-for-stm32.12.3.rel1.win32_1.0.100.202403111256/tools/bin/../lib/gcc/arm-none-eabi/12.3.1/thumb/v7-m/nofp/crtbegin.o
 *(.text*)
 .text.main     0x0800014c       0x50 ./Core/Src/main.o
                0x0800014c                main
 .text.SystemClock_Config
                0x0800019c       0xb4 ./Core/Src/main.o
                0x0800019c                SystemClock_Config
 .text.MX_TIM2_Init
                0x08000250       0x98 ./Core/Src/main.o
 .text.MX_GPIO_Init
                0x080002e8      0x144 ./Core/Src/main.o
 .text.Error_Handler
                0x0800042c        0xc ./Core/Src/main.o
                0x0800042c                Error_Handler
 .text.HAL_MspInit
                0x08000438       0x64 ./Core/Src/stm32f1xx_hal_msp.o
                0x08000438                HAL_MspInit
 .text.HAL_TIM_Base_MspInit
                0x0800049c       0x48 ./Core/Src/stm32f1xx_hal_msp.o
                0x0800049c                HAL_TIM_Base_MspInit
 .text.NMI_Handler
                0x080004e4        0x8 ./Core/Src/stm32f1xx_it.o
                0x080004e4                NMI_Handler
 .text.HardFault_Handler
                0x080004ec        0x8 ./Core/Src/stm32f1xx_it.o
                0x080004ec                HardFault_Handler
 .text.MemManage_Handler
                0x080004f4        0x8 ./Core/Src/stm32f1xx_it.o
                0x080004f4                MemManage_Handler
 .text.BusFault_Handler
                0x080004fc        0x8 ./Core/Src/stm32f1xx_it.o
                0x080004fc                BusFault_Handler
 .text.UsageFault_Handler
                0x08000504        0x8 ./Core/Src/stm32f1xx_it.o
                0x08000504                UsageFault_Handler
 .text.SVC_Handler
                0x0800050c        0xc ./Core/Src/stm32f1xx_it.o
                0x0800050c                SVC_Handler
 .text.DebugMon_Handler
                0x08000518        0xc ./Core/Src/stm32f1xx_it.o
                0x08000518                DebugMon_Handler
 .text.PendSV_Handler
                0x08000524        0xc ./Core/Src/stm32f1xx_it.o
                0x08000524                PendSV_Handler
 .text.SysTick_Handler
                0x08000530        0xc ./Core/Src/stm32f1xx_it.o
                0x08000530                SysTick_Handler
 .text.USB_LP_CAN1_RX0_IRQHandler
                0x0800053c       0x14 ./Core/Src/stm32f1xx_it.o
                0x0800053c                USB_LP_CAN1_RX0_IRQHandler
 .text.TIM2_IRQHandler
                0x08000550       0x14 ./Core/Src/stm32f1xx_it.o
                0x08000550                TIM2_IRQHandler
 .text.SystemInit
                0x08000564        0xc ./Core/Src/system_stm32f1xx.o
                0x08000564                SystemInit
 .text.Reset_Handler
                0x08000570       0x48 ./Core/Startup/startup_stm32f103cbtx.o
                0x08000570                Reset_Handler
 .text.Default_Handler
                0x080005b8        0x2 ./Core/Startup/startup_stm32f103cbtx.o
                0x080005b8                RTC_Alarm_IRQHandler
                0x080005b8                EXTI2_IRQHandler
                0x080005b8                TIM1_CC_IRQHandler
                0x080005b8                PVD_IRQHandler
                0x080005b8                EXTI3_IRQHandler
                0x080005b8                EXTI0_IRQHandler
                0x080005b8                I2C2_EV_IRQHandler
                0x080005b8                ADC1_2_IRQHandler
                0x080005b8                SPI1_IRQHandler
                0x080005b8                TAMPER_IRQHandler
                0x080005b8                DMA1_Channel4_IRQHandler
                0x080005b8                USART3_IRQHandler
                0x080005b8                RTC_IRQHandler
                0x080005b8                DMA1_Channel7_IRQHandler
                0x080005b8                CAN1_RX1_IRQHandler
                0x080005b8                TIM4_IRQHandler
                0x080005b8                I2C1_EV_IRQHandler
                0x080005b8                DMA1_Channel6_IRQHandler
                0x080005b8                TIM3_IRQHandler
                0x080005b8                RCC_IRQHandler
                0x080005b8                TIM1_TRG_COM_IRQHandler
                0x080005b8                DMA1_Channel1_IRQHandler
                0x080005b8                Default_Handler
                0x080005b8                EXTI15_10_IRQHandler
                0x080005b8                EXTI9_5_IRQHandler
                0x080005b8                SPI2_IRQHandler
                0x080005b8                DMA1_Channel5_IRQHandler
                0x080005b8                EXTI4_IRQHandler
                0x080005b8                USB_HP_CAN1_TX_IRQHandler
                0x080005b8                DMA1_Channel3_IRQHandler
                0x080005b8                TIM1_UP_IRQHandler
                0x080005b8                WWDG_IRQHandler
                0x080005b8                TIM1_BRK_IRQHandler
                0x080005b8                EXTI1_IRQHandler
                0x080005b8                USART2_IRQHandler
                0x080005b8                I2C2_ER_IRQHandler
                0x080005b8                DMA1_Channel2_IRQHandler
                0x080005b8                CAN1_SCE_IRQHandler
                0x080005b8                FLASH_IRQHandler
                0x080005b8                USART1_IRQHandler
                0x080005b8                I2C1_ER_IRQHandler
                0x080005b8                USBWakeUp_IRQHandler
 *fill*         0x080005ba        0x2 
 .text.HAL_Init
                0x080005bc       0x2c ./Drivers/STM32F1xx_HAL_Driver/Src/stm32f1xx_hal.o
                0x080005bc                HAL_Init
 .text.HAL_InitTick
                0x080005e8       0x60 ./Drivers/STM32F1xx_HAL_Driver/Src/stm32f1xx_hal.o
                0x080005e8                HAL_InitTick
 .text.HAL_IncTick
                0x08000648       0x24 ./Drivers/STM32F1xx_HAL_Driver/Src/stm32f1xx_hal.o
                0x08000648                HAL_IncTick
 .text.HAL_GetTick
                0x0800066c       0x14 ./Drivers/STM32F1xx_HAL_Driver/Src/stm32f1xx_hal.o
                0x0800066c                HAL_GetTick
 .text.HAL_Delay
                0x08000680       0x48 ./Drivers/STM32F1xx_HAL_Driver/Src/stm32f1xx_hal.o
                0x08000680                HAL_Delay
 .text.__NVIC_SetPriorityGrouping
                0x080006c8       0x48 ./Drivers/STM32F1xx_HAL_Driver/Src/stm32f1xx_hal_cortex.o
 .text.__NVIC_GetPriorityGrouping
                0x08000710       0x1c ./Drivers/STM32F1xx_HAL_Driver/Src/stm32f1xx_hal_cortex.o
 .text.__NVIC_EnableIRQ
                0x0800072c       0x38 ./Drivers/STM32F1xx_HAL_Driver/Src/stm32f1xx_hal_cortex.o
 .text.__NVIC_SetPriority
                0x08000764       0x54 ./Drivers/STM32F1xx_HAL_Driver/Src/stm32f1xx_hal_cortex.o
 .text.NVIC_EncodePriority
                0x080007b8       0x64 ./Drivers/STM32F1xx_HAL_Driver/Src/stm32f1xx_hal_cortex.o
 .text.SysTick_Config
                0x0800081c       0x44 ./Drivers/STM32F1xx_HAL_Driver/Src/stm32f1xx_hal_cortex.o
 .text.HAL_NVIC_SetPriorityGrouping
                0x08000860       0x16 ./Drivers/STM32F1xx_HAL_Driver/Src/stm32f1xx_hal_cortex.o
                0x08000860                HAL_NVIC_SetPriorityGrouping
 .text.HAL_NVIC_SetPriority
                0x08000876       0x38 ./Drivers/STM32F1xx_HAL_Driver/Src/stm32f1xx_hal_cortex.o
                0x08000876                HAL_NVIC_SetPriority
 .text.HAL_NVIC_EnableIRQ
                0x080008ae       0x1c ./Drivers/STM32F1xx_HAL_Driver/Src/stm32f1xx_hal_cortex.o
                0x080008ae                HAL_NVIC_EnableIRQ
 .text.HAL_SYSTICK_Config
                0x080008ca       0x18 ./Drivers/STM32F1xx_HAL_Driver/Src/stm32f1xx_hal_cortex.o
                0x080008ca                HAL_SYSTICK_Config
 *fill*         0x080008e2        0x2 
 .text.HAL_GPIO_Init
                0x080008e4      0x308 ./Drivers/STM32F1xx_HAL_Driver/Src/stm32f1xx_hal_gpio.o
                0x080008e4                HAL_GPIO_Init
 .text.HAL_GPIO_WritePin
                0x08000bec       0x30 ./Drivers/STM32F1xx_HAL_Driver/Src/stm32f1xx_hal_gpio.o
                0x08000bec                HAL_GPIO_WritePin
 .text.HAL_PCD_Init
                0x08000c1c      0x1ec ./Drivers/STM32F1xx_HAL_Driver/Src/stm32f1xx_hal_pcd.o
                0x08000c1c                HAL_PCD_Init
 .text.HAL_PCD_Start
                0x08000e08       0x4c ./Drivers/STM32F1xx_HAL_Driver/Src/stm32f1xx_hal_pcd.o
                0x08000e08                HAL_PCD_Start
 .text.HAL_PCD_IRQHandler
                0x08000e54      0x260 ./Drivers/STM32F1xx_HAL_Driver/Src/stm32f1xx_hal_pcd.o
                0x08000e54                HAL_PCD_IRQHandler
 .text.HAL_PCD_SetAddress
                0x080010b4       0x48 ./Drivers/STM32F1xx_HAL_Driver/Src/stm32f1xx_hal_pcd.o
                0x080010b4                HAL_PCD_SetAddress
 .text.HAL_PCD_EP_Open
                0x080010fc       0xba ./Drivers/STM32F1xx_HAL_Driver/Src/stm32f1xx_hal_pcd.o
                0x080010fc                HAL_PCD_EP_Open
 .text.HAL_PCD_EP_Close
                0x080011b6       0x90 ./Drivers/STM32F1xx_HAL_Driver/Src/stm32f1xx_hal_pcd.o
                0x080011b6                HAL_PCD_EP_Close
 .text.HAL_PCD_EP_Receive
                0x08001246       0x62 ./Drivers/STM32F1xx_HAL_Driver/Src/stm32f1xx_hal_pcd.o
                0x08001246                HAL_PCD_EP_Receive
 .text.HAL_PCD_EP_GetRxCount
                0x080012a8       0x2e ./Drivers/STM32F1xx_HAL_Driver/Src/stm32f1xx_hal_pcd.o
                0x080012a8                HAL_PCD_EP_GetRxCount
 .text.HAL_PCD_EP_Transmit
                0x080012d6       0x6e ./Drivers/STM32F1xx_HAL_Driver/Src/stm32f1xx_hal_pcd.o
                0x080012d6                HAL_PCD_EP_Transmit
 .text.HAL_PCD_EP_SetStall
                0x08001344       0xc0 ./Drivers/STM32F1xx_HAL_Driver/Src/stm32f1xx_hal_pcd.o
                0x08001344                HAL_PCD_EP_SetStall
 .text.HAL_PCD_EP_ClrStall
                0x08001404       0xa8 ./Drivers/STM32F1xx_HAL_Driver/Src/stm32f1xx_hal_pcd.o
                0x08001404                HAL_PCD_EP_ClrStall
 .text.PCD_EP_ISR_Handler
                0x080014ac      0x79e ./Drivers/STM32F1xx_HAL_Driver/Src/stm32f1xx_hal_pcd.o
 .text.HAL_PCD_EP_DB_Receive
                0x08001c4a      0x21a ./Drivers/STM32F1xx_HAL_Driver/Src/stm32f1xx_hal_pcd.o
 .text.HAL_PCD_EP_DB_Transmit
                0x08001e64      0x7f4 ./Drivers/STM32F1xx_HAL_Driver/Src/stm32f1xx_hal_pcd.o
 .text.HAL_PCDEx_PMAConfig
                0x08002658       0x84 ./Drivers/STM32F1xx_HAL_Driver/Src/stm32f1xx_hal_pcd_ex.o
                0x08002658                HAL_PCDEx_PMAConfig
 .text.HAL_RCC_OscConfig
                0x080026dc      0x504 ./Drivers/STM32F1xx_HAL_Driver/Src/stm32f1xx_hal_rcc.o
                0x080026dc                HAL_RCC_OscConfig
 .text.HAL_RCC_ClockConfig
                0x08002be0      0x1d4 ./Drivers/STM32F1xx_HAL_Driver/Src/stm32f1xx_hal_rcc.o
                0x08002be0                HAL_RCC_ClockConfig
 .text.HAL_RCC_GetSysClockFreq
                0x08002db4       0xa8 ./Drivers/STM32F1xx_HAL_Driver/Src/stm32f1xx_hal_rcc.o
                0x08002db4                HAL_RCC_GetSysClockFreq
 .text.RCC_Delay
                0x08002e5c       0x3c ./Drivers/STM32F1xx_HAL_Driver/Src/stm32f1xx_hal_rcc.o
 .text.HAL_RCCEx_PeriphCLKConfig
                0x08002e98      0x16c ./Drivers/STM32F1xx_HAL_Driver/Src/stm32f1xx_hal_rcc_ex.o
                0x08002e98                HAL_RCCEx_PeriphCLKConfig
 .text.HAL_TIM_Base_Init
                0x08003004       0x9e ./Drivers/STM32F1xx_HAL_Driver/Src/stm32f1xx_hal_tim.o
                0x08003004                HAL_TIM_Base_Init
 .text.HAL_TIM_IRQHandler
                0x080030a2      0x1e0 ./Drivers/STM32F1xx_HAL_Driver/Src/stm32f1xx_hal_tim.o
                0x080030a2                HAL_TIM_IRQHandler
 .text.HAL_TIM_ConfigClockSource
                0x08003282      0x18e ./Drivers/STM32F1xx_HAL_Driver/Src/stm32f1xx_hal_tim.o
                0x08003282                HAL_TIM_ConfigClockSource
 .text.HAL_TIM_PeriodElapsedCallback
                0x08003410       0x12 ./Drivers/STM32F1xx_HAL_Driver/Src/stm32f1xx_hal_tim.o
                0x08003410                HAL_TIM_PeriodElapsedCallback
 .text.HAL_TIM_OC_DelayElapsedCallback
                0x08003422       0x12 ./Drivers/STM32F1xx_HAL_Driver/Src/stm32f1xx_hal_tim.o
                0x08003422                HAL_TIM_OC_DelayElapsedCallback
 .text.HAL_TIM_IC_CaptureCallback
                0x08003434       0x12 ./Drivers/STM32F1xx_HAL_Driver/Src/stm32f1xx_hal_tim.o
                0x08003434                HAL_TIM_IC_CaptureCallback
 .text.HAL_TIM_PWM_PulseFinishedCallback
                0x08003446       0x12 ./Drivers/STM32F1xx_HAL_Driver/Src/stm32f1xx_hal_tim.o
                0x08003446                HAL_TIM_PWM_PulseFinishedCallback
 .text.HAL_TIM_TriggerCallback
                0x08003458       0x12 ./Drivers/STM32F1xx_HAL_Driver/Src/stm32f1xx_hal_tim.o
                0x08003458                HAL_TIM_TriggerCallback
 *fill*         0x0800346a        0x2 
 .text.TIM_Base_SetConfig
                0x0800346c       0xdc ./Drivers/STM32F1xx_HAL_Driver/Src/stm32f1xx_hal_tim.o
                0x0800346c                TIM_Base_SetConfig
 .text.TIM_TI1_ConfigInputStage
                0x08003548       0x5c ./Drivers/STM32F1xx_HAL_Driver/Src/stm32f1xx_hal_tim.o
 .text.TIM_TI2_ConfigInputStage
                0x080035a4       0x5e ./Drivers/STM32F1xx_HAL_Driver/Src/stm32f1xx_hal_tim.o
 .text.TIM_ITRx_SetConfig
                0x08003602       0x34 ./Drivers/STM32F1xx_HAL_Driver/Src/stm32f1xx_hal_tim.o
 .text.TIM_ETR_SetConfig
                0x08003636       0x3e ./Drivers/STM32F1xx_HAL_Driver/Src/stm32f1xx_hal_tim.o
                0x08003636                TIM_ETR_SetConfig
 .text.HAL_TIMEx_MasterConfigSynchronization
                0x08003674       0xbc ./Drivers/STM32F1xx_HAL_Driver/Src/stm32f1xx_hal_tim_ex.o
                0x08003674                HAL_TIMEx_MasterConfigSynchronization
 .text.HAL_TIMEx_CommutCallback
                0x08003730       0x12 ./Drivers/STM32F1xx_HAL_Driver/Src/stm32f1xx_hal_tim_ex.o
                0x08003730                HAL_TIMEx_CommutCallback
 .text.HAL_TIMEx_BreakCallback
                0x08003742       0x12 ./Drivers/STM32F1xx_HAL_Driver/Src/stm32f1xx_hal_tim_ex.o
                0x08003742                HAL_TIMEx_BreakCallback
 .text.USB_CoreInit
                0x08003754       0x1a ./Drivers/STM32F1xx_HAL_Driver/Src/stm32f1xx_ll_usb.o
                0x08003754                USB_CoreInit
 .text.USB_EnableGlobalInt
                0x0800376e       0x2c ./Drivers/STM32F1xx_HAL_Driver/Src/stm32f1xx_ll_usb.o
                0x0800376e                USB_EnableGlobalInt
 .text.USB_DisableGlobalInt
                0x0800379a       0x34 ./Drivers/STM32F1xx_HAL_Driver/Src/stm32f1xx_ll_usb.o
                0x0800379a                USB_DisableGlobalInt
 .text.USB_SetCurrentMode
                0x080037ce       0x18 ./Drivers/STM32F1xx_HAL_Driver/Src/stm32f1xx_ll_usb.o
                0x080037ce                USB_SetCurrentMode
 .text.USB_DevInit
                0x080037e6       0x3a ./Drivers/STM32F1xx_HAL_Driver/Src/stm32f1xx_ll_usb.o
                0x080037e6                USB_DevInit
 .text.USB_ActivateEndpoint
                0x08003820      0x780 ./Drivers/STM32F1xx_HAL_Driver/Src/stm32f1xx_ll_usb.o
                0x08003820                USB_ActivateEndpoint
 .text.USB_DeactivateEndpoint
                0x08003fa0      0x3d8 ./Drivers/STM32F1xx_HAL_Driver/Src/stm32f1xx_ll_usb.o
                0x08003fa0                USB_DeactivateEndpoint
 .text.USB_EPStartXfer
                0x08004378     0x1762 ./Drivers/STM32F1xx_HAL_Driver/Src/stm32f1xx_ll_usb.o
                0x08004378                USB_EPStartXfer
 .text.USB_EPSetStall
                0x08005ada       0xa0 ./Drivers/STM32F1xx_HAL_Driver/Src/stm32f1xx_ll_usb.o
                0x08005ada                USB_EPSetStall
 .text.USB_EPClearStall
                0x08005b7a      0x15a ./Drivers/STM32F1xx_HAL_Driver/Src/stm32f1xx_ll_usb.o
                0x08005b7a                USB_EPClearStall
 .text.USB_SetDevAddress
                0x08005cd4       0x26 ./Drivers/STM32F1xx_HAL_Driver/Src/stm32f1xx_ll_usb.o
                0x08005cd4                USB_SetDevAddress
 .text.USB_DevConnect
                0x08005cfa       0x14 ./Drivers/STM32F1xx_HAL_Driver/Src/stm32f1xx_ll_usb.o
                0x08005cfa                USB_DevConnect
 .text.USB_DevDisconnect
                0x08005d0e       0x14 ./Drivers/STM32F1xx_HAL_Driver/Src/stm32f1xx_ll_usb.o
                0x08005d0e                USB_DevDisconnect
 .text.USB_ReadInterrupts
                0x08005d22       0x1e ./Drivers/STM32F1xx_HAL_Driver/Src/stm32f1xx_ll_usb.o
                0x08005d22                USB_ReadInterrupts
 .text.USB_EP0_OutStart
                0x08005d40       0x16 ./Drivers/STM32F1xx_HAL_Driver/Src/stm32f1xx_ll_usb.o
                0x08005d40                USB_EP0_OutStart
 .text.USB_WritePMA
                0x08005d56       0x8a ./Drivers/STM32F1xx_HAL_Driver/Src/stm32f1xx_ll_usb.o
                0x08005d56                USB_WritePMA
 .text.USB_ReadPMA
                0x08005de0       0x9e ./Drivers/STM32F1xx_HAL_Driver/Src/stm32f1xx_ll_usb.o
                0x08005de0                USB_ReadPMA
 .text.USBD_CDC_Init
                0x08005e7e       0xf4 ./Middlewares/ST/STM32_USB_Device_Library/Class/CDC/Src/usbd_cdc.o
 .text.USBD_CDC_DeInit
                0x08005f72       0x6e ./Middlewares/ST/STM32_USB_Device_Library/Class/CDC/Src/usbd_cdc.o
 .text.USBD_CDC_Setup
                0x08005fe0      0x146 ./Middlewares/ST/STM32_USB_Device_Library/Class/CDC/Src/usbd_cdc.o
 .text.USBD_CDC_DataIn
                0x08006126       0xa6 ./Middlewares/ST/STM32_USB_Device_Library/Class/CDC/Src/usbd_cdc.o
 .text.USBD_CDC_DataOut
                0x080061cc       0x56 ./Middlewares/ST/STM32_USB_Device_Library/Class/CDC/Src/usbd_cdc.o
 .text.USBD_CDC_EP0_RxReady
                0x08006222       0x4e ./Middlewares/ST/STM32_USB_Device_Library/Class/CDC/Src/usbd_cdc.o
 .text.USBD_CDC_GetFSCfgDesc
                0x08006270       0x20 ./Middlewares/ST/STM32_USB_Device_Library/Class/CDC/Src/usbd_cdc.o
 .text.USBD_CDC_GetHSCfgDesc
                0x08006290       0x20 ./Middlewares/ST/STM32_USB_Device_Library/Class/CDC/Src/usbd_cdc.o
 .text.USBD_CDC_GetOtherSpeedCfgDesc
                0x080062b0       0x20 ./Middlewares/ST/STM32_USB_Device_Library/Class/CDC/Src/usbd_cdc.o
 .text.USBD_CDC_GetDeviceQualifierDescriptor
                0x080062d0       0x20 ./Middlewares/ST/STM32_USB_Device_Library/Class/CDC/Src/usbd_cdc.o
                0x080062d0                USBD_CDC_GetDeviceQualifierDescriptor
 .text.USBD_CDC_RegisterInterface
                0x080062f0       0x2c ./Middlewares/ST/STM32_USB_Device_Library/Class/CDC/Src/usbd_cdc.o
                0x080062f0                USBD_CDC_RegisterInterface
 .text.USBD_CDC_SetTxBuffer
                0x0800631c       0x32 ./Middlewares/ST/STM32_USB_Device_Library/Class/CDC/Src/usbd_cdc.o
                0x0800631c                USBD_CDC_SetTxBuffer
 .text.USBD_CDC_SetRxBuffer
                0x0800634e       0x26 ./Middlewares/ST/STM32_USB_Device_Library/Class/CDC/Src/usbd_cdc.o
                0x0800634e                USBD_CDC_SetRxBuffer
 .text.USBD_CDC_ReceivePacket
                0x08006374       0x54 ./Middlewares/ST/STM32_USB_Device_Library/Class/CDC/Src/usbd_cdc.o
                0x08006374                USBD_CDC_ReceivePacket
 .text.USBD_Init
                0x080063c8       0x56 ./Middlewares/ST/STM32_USB_Device_Library/Core/Src/usbd_core.o
                0x080063c8                USBD_Init
 .text.USBD_RegisterClass
                0x0800641e       0x32 ./Middlewares/ST/STM32_USB_Device_Library/Core/Src/usbd_core.o
                0x0800641e                USBD_RegisterClass
 .text.USBD_Start
                0x08006450       0x18 ./Middlewares/ST/STM32_USB_Device_Library/Core/Src/usbd_core.o
                0x08006450                USBD_Start
 .text.USBD_RunTestMode
                0x08006468       0x14 ./Middlewares/ST/STM32_USB_Device_Library/Core/Src/usbd_core.o
                0x08006468                USBD_RunTestMode
 .text.USBD_SetClassConfig
                0x0800647c       0x3e ./Middlewares/ST/STM32_USB_Device_Library/Core/Src/usbd_core.o
                0x0800647c                USBD_SetClassConfig
 .text.USBD_ClrClassConfig
                0x080064ba       0x26 ./Middlewares/ST/STM32_USB_Device_Library/Core/Src/usbd_core.o
                0x080064ba                USBD_ClrClassConfig
 .text.USBD_LL_SetupStage
                0x080064e0       0x9a ./Middlewares/ST/STM32_USB_Device_Library/Core/Src/usbd_core.o
                0x080064e0                USBD_LL_SetupStage
 .text.USBD_LL_DataOutStage
                0x0800657a       0xe2 ./Middlewares/ST/STM32_USB_Device_Library/Core/Src/usbd_core.o
                0x0800657a                USBD_LL_DataOutStage
 .text.USBD_LL_DataInStage
                0x0800665c      0x14a ./Middlewares/ST/STM32_USB_Device_Library/Core/Src/usbd_core.o
                0x0800665c                USBD_LL_DataInStage
 .text.USBD_LL_Reset
                0x080067a6       0x82 ./Middlewares/ST/STM32_USB_Device_Library/Core/Src/usbd_core.o
                0x080067a6                USBD_LL_Reset
 .text.USBD_LL_SetSpeed
                0x08006828       0x1e ./Middlewares/ST/STM32_USB_Device_Library/Core/Src/usbd_core.o
                0x08006828                USBD_LL_SetSpeed
 .text.USBD_LL_Suspend
                0x08006846       0x28 ./Middlewares/ST/STM32_USB_Device_Library/Core/Src/usbd_core.o
                0x08006846                USBD_LL_Suspend
 .text.USBD_LL_Resume
                0x0800686e       0x2a ./Middlewares/ST/STM32_USB_Device_Library/Core/Src/usbd_core.o
                0x0800686e                USBD_LL_Resume
 .text.USBD_LL_SOF
                0x08006898       0x34 ./Middlewares/ST/STM32_USB_Device_Library/Core/Src/usbd_core.o
                0x08006898                USBD_LL_SOF
 .text.USBD_StdDevReq
                0x080068cc       0xd4 ./Middlewares/ST/STM32_USB_Device_Library/Core/Src/usbd_ctlreq.o
                0x080068cc                USBD_StdDevReq
 .text.USBD_StdItfReq
                0x080069a0       0x90 ./Middlewares/ST/STM32_USB_Device_Library/Core/Src/usbd_ctlreq.o
                0x080069a0                USBD_StdItfReq
 .text.USBD_StdEPReq
                0x08006a30      0x2c6 ./Middlewares/ST/STM32_USB_Device_Library/Core/Src/usbd_ctlreq.o
                0x08006a30                USBD_StdEPReq
 *fill*         0x08006cf6        0x2 
 .text.USBD_GetDescriptor
                0x08006cf8      0x2d0 ./Middlewares/ST/STM32_USB_Device_Library/Core/Src/usbd_ctlreq.o
 .text.USBD_SetAddress
                0x08006fc8       0x86 ./Middlewares/ST/STM32_USB_Device_Library/Core/Src/usbd_ctlreq.o
 *fill*         0x0800704e        0x2 
 .text.USBD_SetConfig
                0x08007050      0x11c ./Middlewares/ST/STM32_USB_Device_Library/Core/Src/usbd_ctlreq.o
 .text.USBD_GetConfig
                0x0800716c       0x6a ./Middlewares/ST/STM32_USB_Device_Library/Core/Src/usbd_ctlreq.o
 .text.USBD_GetStatus
                0x080071d6       0x66 ./Middlewares/ST/STM32_USB_Device_Library/Core/Src/usbd_ctlreq.o
 .text.USBD_SetFeature
                0x0800723c       0x28 ./Middlewares/ST/STM32_USB_Device_Library/Core/Src/usbd_ctlreq.o
 .text.USBD_ClrFeature
                0x08007264       0x42 ./Middlewares/ST/STM32_USB_Device_Library/Core/Src/usbd_ctlreq.o
 .text.USBD_ParseSetupRequest
                0x080072a6       0x72 ./Middlewares/ST/STM32_USB_Device_Library/Core/Src/usbd_ctlreq.o
                0x080072a6                USBD_ParseSetupRequest
 .text.USBD_CtlError
                0x08007318       0x22 ./Middlewares/ST/STM32_USB_Device_Library/Core/Src/usbd_ctlreq.o
                0x08007318                USBD_CtlError
 .text.USBD_GetString
                0x0800733a       0x84 ./Middlewares/ST/STM32_USB_Device_Library/Core/Src/usbd_ctlreq.o
                0x0800733a                USBD_GetString
 .text.USBD_GetLen
                0x080073be       0x2e ./Middlewares/ST/STM32_USB_Device_Library/Core/Src/usbd_ctlreq.o
 .text.USBD_CtlSendData
                0x080073ec       0x38 ./Middlewares/ST/STM32_USB_Device_Library/Core/Src/usbd_ioreq.o
                0x080073ec                USBD_CtlSendData
 .text.USBD_CtlContinueSendData
                0x08007424       0x24 ./Middlewares/ST/STM32_USB_Device_Library/Core/Src/usbd_ioreq.o
                0x08007424                USBD_CtlContinueSendData
 .text.USBD_CtlPrepareRx
                0x08007448       0x3c ./Middlewares/ST/STM32_USB_Device_Library/Core/Src/usbd_ioreq.o
                0x08007448                USBD_CtlPrepareRx
 .text.USBD_CtlContinueRx
                0x08007484       0x24 ./Middlewares/ST/STM32_USB_Device_Library/Core/Src/usbd_ioreq.o
                0x08007484                USBD_CtlContinueRx
 .text.USBD_CtlSendStatus
                0x080074a8       0x26 ./Middlewares/ST/STM32_USB_Device_Library/Core/Src/usbd_ioreq.o
                0x080074a8                USBD_CtlSendStatus
 .text.USBD_CtlReceiveStatus
                0x080074ce       0x26 ./Middlewares/ST/STM32_USB_Device_Library/Core/Src/usbd_ioreq.o
                0x080074ce                USBD_CtlReceiveStatus
 .text.MX_USB_DEVICE_Init
                0x080074f4       0x60 ./USB_DEVICE/App/usb_device.o
                0x080074f4                MX_USB_DEVICE_Init
 .text.CDC_Init_FS
                0x08007554       0x28 ./USB_DEVICE/App/usbd_cdc_if.o
 .text.CDC_DeInit_FS
                0x0800757c        0xe ./USB_DEVICE/App/usbd_cdc_if.o
 *fill*         0x0800758a        0x2 
 .text.CDC_Control_FS
                0x0800758c       0xbc ./USB_DEVICE/App/usbd_cdc_if.o
 .text.CDC_Receive_FS
                0x08007648       0x28 ./USB_DEVICE/App/usbd_cdc_if.o
 .text.USBD_FS_DeviceDescriptor
                0x08007670       0x24 ./USB_DEVICE/App/usbd_desc.o
                0x08007670                USBD_FS_DeviceDescriptor
 .text.USBD_FS_LangIDStrDescriptor
                0x08007694       0x24 ./USB_DEVICE/App/usbd_desc.o
                0x08007694                USBD_FS_LangIDStrDescriptor
 .text.USBD_FS_ProductStrDescriptor
                0x080076b8       0x3c ./USB_DEVICE/App/usbd_desc.o
                0x080076b8                USBD_FS_ProductStrDescriptor
 .text.USBD_FS_ManufacturerStrDescriptor
                0x080076f4       0x28 ./USB_DEVICE/App/usbd_desc.o
                0x080076f4                USBD_FS_ManufacturerStrDescriptor
 .text.USBD_FS_SerialStrDescriptor
                0x0800771c       0x24 ./USB_DEVICE/App/usbd_desc.o
                0x0800771c                USBD_FS_SerialStrDescriptor
 .text.USBD_FS_ConfigStrDescriptor
                0x08007740       0x3c ./USB_DEVICE/App/usbd_desc.o
                0x08007740                USBD_FS_ConfigStrDescriptor
 .text.USBD_FS_InterfaceStrDescriptor
                0x0800777c       0x3c ./USB_DEVICE/App/usbd_desc.o
                0x0800777c                USBD_FS_InterfaceStrDescriptor
 .text.Get_SerialNum
                0x080077b8       0x58 ./USB_DEVICE/App/usbd_desc.o
 .text.IntToUnicode
                0x08007810       0x7c ./USB_DEVICE/App/usbd_desc.o
 .text.HAL_PCD_MspInit
                0x0800788c       0x4c ./USB_DEVICE/Target/usbd_conf.o
                0x0800788c                HAL_PCD_MspInit
 .text.HAL_PCD_SetupStageCallback
                0x080078d8       0x24 ./USB_DEVICE/Target/usbd_conf.o
                0x080078d8                HAL_PCD_SetupStageCallback
 .text.HAL_PCD_DataOutStageCallback
                0x080078fc       0x36 ./USB_DEVICE/Target/usbd_conf.o
                0x080078fc                HAL_PCD_DataOutStageCallback
 .text.HAL_PCD_DataInStageCallback
                0x08007932       0x34 ./USB_DEVICE/Target/usbd_conf.o
                0x08007932                HAL_PCD_DataInStageCallback
 .text.HAL_PCD_SOFCallback
                0x08007966       0x1c ./USB_DEVICE/Target/usbd_conf.o
                0x08007966                HAL_PCD_SOFCallback
 .text.HAL_PCD_ResetCallback
                0x08007982       0x3c ./USB_DEVICE/Target/usbd_conf.o
                0x08007982                HAL_PCD_ResetCallback
 *fill*         0x080079be        0x2 
 .text.HAL_PCD_SuspendCallback
                0x080079c0       0x34 ./USB_DEVICE/Target/usbd_conf.o
                0x080079c0                HAL_PCD_SuspendCallback
 .text.HAL_PCD_ResumeCallback
                0x080079f4       0x1c ./USB_DEVICE/Target/usbd_conf.o
                0x080079f4                HAL_PCD_ResumeCallback
 .text.USBD_LL_Init
                0x08007a10       0xb4 ./USB_DEVICE/Target/usbd_conf.o
                0x08007a10                USBD_LL_Init
 .text.USBD_LL_Start
                0x08007ac4       0x36 ./USB_DEVICE/Target/usbd_conf.o
                0x08007ac4                USBD_LL_Start
 .text.USBD_LL_OpenEP
                0x08007afa       0x4c ./USB_DEVICE/Target/usbd_conf.o
                0x08007afa                USBD_LL_OpenEP
 .text.USBD_LL_CloseEP
                0x08007b46       0x3e ./USB_DEVICE/Target/usbd_conf.o
                0x08007b46                USBD_LL_CloseEP
 .text.USBD_LL_StallEP
                0x08007b84       0x3e ./USB_DEVICE/Target/usbd_conf.o
                0x08007b84                USBD_LL_StallEP
 .text.USBD_LL_ClearStallEP
                0x08007bc2       0x3e ./USB_DEVICE/Target/usbd_conf.o
                0x08007bc2                USBD_LL_ClearStallEP
 .text.USBD_LL_IsStallEP
                0x08007c00       0x56 ./USB_DEVICE/Target/usbd_conf.o
                0x08007c00                USBD_LL_IsStallEP
 .text.USBD_LL_SetUSBAddress
                0x08007c56       0x3e ./USB_DEVICE/Target/usbd_conf.o
                0x08007c56                USBD_LL_SetUSBAddress
 .text.USBD_LL_Transmit
                0x08007c94       0x46 ./USB_DEVICE/Target/usbd_conf.o
                0x08007c94                USBD_LL_Transmit
 .text.USBD_LL_PrepareReceive
                0x08007cda       0x46 ./USB_DEVICE/Target/usbd_conf.o
                0x08007cda                USBD_LL_PrepareReceive
 .text.USBD_LL_GetRxDataSize
                0x08007d20       0x26 ./USB_DEVICE/Target/usbd_conf.o
                0x08007d20                USBD_LL_GetRxDataSize
 *fill*         0x08007d46        0x2 
 .text.USBD_static_malloc
                0x08007d48       0x18 ./USB_DEVICE/Target/usbd_conf.o
                0x08007d48                USBD_static_malloc
 .text.USBD_static_free
                0x08007d60       0x12 ./USB_DEVICE/Target/usbd_conf.o
                0x08007d60                USBD_static_free
 .text.HAL_PCDEx_SetConnectionState
                0x08007d72       0x16 ./USB_DEVICE/Target/usbd_conf.o
                0x08007d72                HAL_PCDEx_SetConnectionState
 .text.USBD_Get_USB_Status
                0x08007d88       0x58 ./USB_DEVICE/Target/usbd_conf.o
 .text.memset   0x08007de0       0x10 C:/ST/STM32CubeIDE_1.15.1/STM32CubeIDE/plugins/com.st.stm32cube.ide.mcu.externaltools.gnu-tools-for-stm32.12.3.rel1.win32_1.0.100.202403111256/tools/bin/../lib/gcc/arm-none-eabi/12.3.1/../../../../arm-none-eabi/lib/thumb/v7-m/nofp\libc_nano.a(libc_a-memset.o)
                0x08007de0                memset
 .text.__libc_init_array
                0x08007df0       0x48 C:/ST/STM32CubeIDE_1.15.1/STM32CubeIDE/plugins/com.st.stm32cube.ide.mcu.externaltools.gnu-tools-for-stm32.12.3.rel1.win32_1.0.100.202403111256/tools/bin/../lib/gcc/arm-none-eabi/12.3.1/../../../../arm-none-eabi/lib/thumb/v7-m/nofp\libc_nano.a(libc_a-init.o)
                0x08007df0                __libc_init_array
 *(.glue_7)
 .glue_7        0x08007e38        0x0 linker stubs
 *(.glue_7t)
 .glue_7t       0x08007e38        0x0 linker stubs
 *(.eh_frame)
 .eh_frame      0x08007e38        0x0 C:/ST/STM32CubeIDE_1.15.1/STM32CubeIDE/plugins/com.st.stm32cube.ide.mcu.externaltools.gnu-tools-for-stm32.12.3.rel1.win32_1.0.100.202403111256/tools/bin/../lib/gcc/arm-none-eabi/12.3.1/thumb/v7-m/nofp/crtbegin.o
 *(.init)
 .init          0x08007e38        0x4 C:/ST/STM32CubeIDE_1.15.1/STM32CubeIDE/plugins/com.st.stm32cube.ide.mcu.externaltools.gnu-tools-for-stm32.12.3.rel1.win32_1.0.100.202403111256/tools/bin/../lib/gcc/arm-none-eabi/12.3.1/thumb/v7-m/nofp/crti.o
                0x08007e38                _init
 .init          0x08007e3c        0x8 C:/ST/STM32CubeIDE_1.15.1/STM32CubeIDE/plugins/com.st.stm32cube.ide.mcu.externaltools.gnu-tools-for-stm32.12.3.rel1.win32_1.0.100.202403111256/tools/bin/../lib/gcc/arm-none-eabi/12.3.1/thumb/v7-m/nofp/crtn.o
 *(.fini)
 .fini          0x08007e44        0x4 C:/ST/STM32CubeIDE_1.15.1/STM32CubeIDE/plugins/com.st.stm32cube.ide.mcu.externaltools.gnu-tools-for-stm32.12.3.rel1.win32_1.0.100.202403111256/tools/bin/../lib/gcc/arm-none-eabi/12.3.1/thumb/v7-m/nofp/crti.o
                0x08007e44                _fini
 .fini          0x08007e48        0x8 C:/ST/STM32CubeIDE_1.15.1/STM32CubeIDE/plugins/com.st.stm32cube.ide.mcu.externaltools.gnu-tools-for-stm32.12.3.rel1.win32_1.0.100.202403111256/tools/bin/../lib/gcc/arm-none-eabi/12.3.1/thumb/v7-m/nofp/crtn.o
                0x08007e50                        . = ALIGN (0x4)
                0x08007e50                        _etext = .

.vfp11_veneer   0x08007e50        0x0
 .vfp11_veneer  0x08007e50        0x0 linker stubs

.v4_bx          0x08007e50        0x0
 .v4_bx         0x08007e50        0x0 linker stubs

.iplt           0x08007e50        0x0
 .iplt          0x08007e50        0x0 C:/ST/STM32CubeIDE_1.15.1/STM32CubeIDE/plugins/com.st.stm32cube.ide.mcu.externaltools.gnu-tools-for-stm32.12.3.rel1.win32_1.0.100.202403111256/tools/bin/../lib/gcc/arm-none-eabi/12.3.1/thumb/v7-m/nofp/crtbegin.o

.rodata         0x08007e50       0x6c
                0x08007e50                        . = ALIGN (0x4)
 *(.rodata)
 .rodata        0x08007e50       0x46 ./USB_DEVICE/App/usbd_desc.o
 *(.rodata*)
 *fill*         0x08007e96        0x2 
 .rodata.AHBPrescTable
                0x08007e98       0x10 ./Core/Src/system_stm32f1xx.o
                0x08007e98                AHBPrescTable
 .rodata.aPLLMULFactorTable.1
                0x08007ea8       0x10 ./Drivers/STM32F1xx_HAL_Driver/Src/stm32f1xx_hal_rcc.o
 .rodata.aPredivFactorTable.0
                0x08007eb8        0x2 ./Drivers/STM32F1xx_HAL_Driver/Src/stm32f1xx_hal_rcc.o
                0x08007ebc                        . = ALIGN (0x4)
 *fill*         0x08007eba        0x2 

.ARM.extab      0x08007ebc        0x0
                0x08007ebc                        . = ALIGN (0x4)
 *(.ARM.extab* .gnu.linkonce.armextab.*)
                0x08007ebc                        . = ALIGN (0x4)

.ARM            0x08007ebc        0x0
                0x08007ebc                        . = ALIGN (0x4)
                0x08007ebc                        __exidx_start = .
 *(.ARM.exidx*)
                0x08007ebc                        __exidx_end = .
                0x08007ebc                        . = ALIGN (0x4)

.preinit_array  0x08007ebc        0x0
                0x08007ebc                        . = ALIGN (0x4)
                0x08007ebc                        PROVIDE (__preinit_array_start = .)
 *(.preinit_array*)
                0x08007ebc                        PROVIDE (__preinit_array_end = .)
                0x08007ebc                        . = ALIGN (0x4)

.init_array     0x08007ebc        0x4
                0x08007ebc                        . = ALIGN (0x4)
                0x08007ebc                        PROVIDE (__init_array_start = .)
 *(SORT_BY_NAME(.init_array.*))
 *(.init_array*)
 .init_array    0x08007ebc        0x4 C:/ST/STM32CubeIDE_1.15.1/STM32CubeIDE/plugins/com.st.stm32cube.ide.mcu.externaltools.gnu-tools-for-stm32.12.3.rel1.win32_1.0.100.202403111256/tools/bin/../lib/gcc/arm-none-eabi/12.3.1/thumb/v7-m/nofp/crtbegin.o
                0x08007ec0                        PROVIDE (__init_array_end = .)
                0x08007ec0                        . = ALIGN (0x4)

.fini_array     0x08007ec0        0x4
                0x08007ec0                        . = ALIGN (0x4)
                [!provide]                        PROVIDE (__fini_array_start = .)
 *(SORT_BY_NAME(.fini_array.*))
 *(.fini_array*)
 .fini_array    0x08007ec0        0x4 C:/ST/STM32CubeIDE_1.15.1/STM32CubeIDE/plugins/com.st.stm32cube.ide.mcu.externaltools.gnu-tools-for-stm32.12.3.rel1.win32_1.0.100.202403111256/tools/bin/../lib/gcc/arm-none-eabi/12.3.1/thumb/v7-m/nofp/crtbegin.o
                [!provide]                        PROVIDE (__fini_array_end = .)
                0x08007ec4                        . = ALIGN (0x4)
                0x08007ec4                        _sidata = LOADADDR (.data)

.rel.dyn        0x08007ec4        0x0
 .rel.iplt      0x08007ec4        0x0 C:/ST/STM32CubeIDE_1.15.1/STM32CubeIDE/plugins/com.st.stm32cube.ide.mcu.externaltools.gnu-tools-for-stm32.12.3.rel1.win32_1.0.100.202403111256/tools/bin/../lib/gcc/arm-none-eabi/12.3.1/thumb/v7-m/nofp/crtbegin.o

.data           0x20000000      0x188 load address 0x08007ec4
                0x20000000                        . = ALIGN (0x4)
                0x20000000                        _sdata = .
 *(.data)
 *(.data*)
 .data.In_Coords
                0x20000000        0xc ./Core/Src/arm_logic.o
                0x20000000                In_Coords
 .data.SystemCoreClock
                0x2000000c        0x4 ./Core/Src/system_stm32f1xx.o
                0x2000000c                SystemCoreClock
 .data.uwTickPrio
                0x20000010        0x4 ./Drivers/STM32F1xx_HAL_Driver/Src/stm32f1xx_hal.o
                0x20000010                uwTickPrio
 .data.uwTickFreq
                0x20000014        0x1 ./Drivers/STM32F1xx_HAL_Driver/Src/stm32f1xx_hal.o
                0x20000014                uwTickFreq
 *fill*         0x20000015        0x3 
 .data.USBD_CDC_DeviceQualifierDesc
                0x20000018        0xa ./Middlewares/ST/STM32_USB_Device_Library/Class/CDC/Src/usbd_cdc.o
 *fill*         0x20000022        0x2 
 .data.USBD_CDC
                0x20000024       0x38 ./Middlewares/ST/STM32_USB_Device_Library/Class/CDC/Src/usbd_cdc.o
                0x20000024                USBD_CDC
 .data.USBD_CDC_CfgHSDesc
                0x2000005c       0x43 ./Middlewares/ST/STM32_USB_Device_Library/Class/CDC/Src/usbd_cdc.o
                0x2000005c                USBD_CDC_CfgHSDesc
 *fill*         0x2000009f        0x1 
 .data.USBD_CDC_CfgFSDesc
                0x200000a0       0x43 ./Middlewares/ST/STM32_USB_Device_Library/Class/CDC/Src/usbd_cdc.o
                0x200000a0                USBD_CDC_CfgFSDesc
 *fill*         0x200000e3        0x1 
 .data.USBD_CDC_OtherSpeedCfgDesc
                0x200000e4       0x43 ./Middlewares/ST/STM32_USB_Device_Library/Class/CDC/Src/usbd_cdc.o
                0x200000e4                USBD_CDC_OtherSpeedCfgDesc
 *fill*         0x20000127        0x1 
 .data.USBD_Interface_fops_FS
                0x20000128       0x10 ./USB_DEVICE/App/usbd_cdc_if.o
                0x20000128                USBD_Interface_fops_FS
 .data.FS_Desc  0x20000138       0x1c ./USB_DEVICE/App/usbd_desc.o
                0x20000138                FS_Desc
 .data.USBD_FS_DeviceDesc
                0x20000154       0x12 ./USB_DEVICE/App/usbd_desc.o
                0x20000154                USBD_FS_DeviceDesc
 *fill*         0x20000166        0x2 
 .data.USBD_LangIDDesc
                0x20000168        0x4 ./USB_DEVICE/App/usbd_desc.o
                0x20000168                USBD_LangIDDesc
 .data.USBD_StringSerial
                0x2000016c       0x1a ./USB_DEVICE/App/usbd_desc.o
                0x2000016c                USBD_StringSerial
 *(.RamFunc)
 *(.RamFunc*)
                0x20000188                        . = ALIGN (0x4)
 *fill*         0x20000186        0x2 
                0x20000188                        _edata = .

.igot.plt       0x20000188        0x0 load address 0x0800804c
 .igot.plt      0x20000188        0x0 C:/ST/STM32CubeIDE_1.15.1/STM32CubeIDE/plugins/com.st.stm32cube.ide.mcu.externaltools.gnu-tools-for-stm32.12.3.rel1.win32_1.0.100.202403111256/tools/bin/../lib/gcc/arm-none-eabi/12.3.1/thumb/v7-m/nofp/crtbegin.o
                0x20000188                        . = ALIGN (0x4)

.bss            0x20000188     0x122c load address 0x0800804c
                0x20000188                        _sbss = .
                0x20000188                        __bss_start__ = _sbss
 *(.bss)
 .bss           0x20000188       0x1c C:/ST/STM32CubeIDE_1.15.1/STM32CubeIDE/plugins/com.st.stm32cube.ide.mcu.externaltools.gnu-tools-for-stm32.12.3.rel1.win32_1.0.100.202403111256/tools/bin/../lib/gcc/arm-none-eabi/12.3.1/thumb/v7-m/nofp/crtbegin.o
 *(.bss*)
 .bss.htim2     0x200001a4       0x48 ./Core/Src/main.o
                0x200001a4                htim2
 .bss.key       0x200001ec        0x1 ./Core/Src/main.o
                0x200001ec                key
 *fill*         0x200001ed        0x3 
 .bss.uwTick    0x200001f0        0x4 ./Drivers/STM32F1xx_HAL_Driver/Src/stm32f1xx_hal.o
                0x200001f0                uwTick
 .bss.cfgidx.0  0x200001f4        0x1 ./Middlewares/ST/STM32_USB_Device_Library/Core/Src/usbd_ctlreq.o
 *fill*         0x200001f5        0x3 
 .bss.hUsbDeviceFS
                0x200001f8      0x2c4 ./USB_DEVICE/App/usb_device.o
                0x200001f8                hUsbDeviceFS
 .bss.UserRxBufferFS
                0x200004bc      0x400 ./USB_DEVICE/App/usbd_cdc_if.o
                0x200004bc                UserRxBufferFS
 .bss.UserTxBufferFS
                0x200008bc      0x400 ./USB_DEVICE/App/usbd_cdc_if.o
                0x200008bc                UserTxBufferFS
 .bss.USBD_StrDesc
                0x20000cbc      0x200 ./USB_DEVICE/App/usbd_desc.o
                0x20000cbc                USBD_StrDesc
 .bss.hpcd_USB_FS
                0x20000ebc      0x2d8 ./USB_DEVICE/Target/usbd_conf.o
                0x20000ebc                hpcd_USB_FS
 .bss.mem.0     0x20001194      0x220 ./USB_DEVICE/Target/usbd_conf.o
 *(COMMON)
                0x200013b4                        . = ALIGN (0x4)
                0x200013b4                        _ebss = .
                0x200013b4                        __bss_end__ = _ebss

._user_heap_stack
                0x200013b4      0x604 load address 0x0800804c
                0x200013b8                        . = ALIGN (0x8)
 *fill*         0x200013b4        0x4 
                [!provide]                        PROVIDE (end = .)
                0x200013b8                        PROVIDE (_end = .)
                0x200015b8                        . = (. + _Min_Heap_Size)
 *fill*         0x200013b8      0x200 
                0x200019b8                        . = (. + _Min_Stack_Size)
 *fill*         0x200015b8      0x400 
                0x200019b8                        . = ALIGN (0x8)

/DISCARD/
 libc.a(*)
 libm.a(*)
 libgcc.a(*)

.ARM.attributes
                0x00000000       0x29
 *(.ARM.attributes)
 .ARM.attributes
                0x00000000       0x1d C:/ST/STM32CubeIDE_1.15.1/STM32CubeIDE/plugins/com.st.stm32cube.ide.mcu.externaltools.gnu-tools-for-stm32.12.3.rel1.win32_1.0.100.202403111256/tools/bin/../lib/gcc/arm-none-eabi/12.3.1/thumb/v7-m/nofp/crti.o
 .ARM.attributes
                0x0000001d       0x2d C:/ST/STM32CubeIDE_1.15.1/STM32CubeIDE/plugins/com.st.stm32cube.ide.mcu.externaltools.gnu-tools-for-stm32.12.3.rel1.win32_1.0.100.202403111256/tools/bin/../lib/gcc/arm-none-eabi/12.3.1/thumb/v7-m/nofp/crtbegin.o
 .ARM.attributes
                0x0000004a       0x2d ./Core/Src/arm_logic.o
 .ARM.attributes
                0x00000077       0x2d ./Core/Src/main.o
 .ARM.attributes
                0x000000a4       0x2d ./Core/Src/stm32f1xx_hal_msp.o
 .ARM.attributes
                0x000000d1       0x2d ./Core/Src/stm32f1xx_it.o
 .ARM.attributes
                0x000000fe       0x2d ./Core/Src/system_stm32f1xx.o
 .ARM.attributes
                0x0000012b       0x21 ./Core/Startup/startup_stm32f103cbtx.o
 .ARM.attributes
                0x0000014c       0x2d ./Drivers/STM32F1xx_HAL_Driver/Src/stm32f1xx_hal.o
 .ARM.attributes
                0x00000179       0x2d ./Drivers/STM32F1xx_HAL_Driver/Src/stm32f1xx_hal_cortex.o
 .ARM.attributes
                0x000001a6       0x2d ./Drivers/STM32F1xx_HAL_Driver/Src/stm32f1xx_hal_gpio.o
 .ARM.attributes
                0x000001d3       0x2d ./Drivers/STM32F1xx_HAL_Driver/Src/stm32f1xx_hal_pcd.o
 .ARM.attributes
                0x00000200       0x2d ./Drivers/STM32F1xx_HAL_Driver/Src/stm32f1xx_hal_pcd_ex.o
 .ARM.attributes
                0x0000022d       0x2d ./Drivers/STM32F1xx_HAL_Driver/Src/stm32f1xx_hal_rcc.o
 .ARM.attributes
                0x0000025a       0x2d ./Drivers/STM32F1xx_HAL_Driver/Src/stm32f1xx_hal_rcc_ex.o
 .ARM.attributes
                0x00000287       0x2d ./Drivers/STM32F1xx_HAL_Driver/Src/stm32f1xx_hal_tim.o
 .ARM.attributes
                0x000002b4       0x2d ./Drivers/STM32F1xx_HAL_Driver/Src/stm32f1xx_hal_tim_ex.o
 .ARM.attributes
                0x000002e1       0x2d ./Drivers/STM32F1xx_HAL_Driver/Src/stm32f1xx_ll_usb.o
 .ARM.attributes
                0x0000030e       0x2d ./Middlewares/ST/STM32_USB_Device_Library/Class/CDC/Src/usbd_cdc.o
 .ARM.attributes
                0x0000033b       0x2d ./Middlewares/ST/STM32_USB_Device_Library/Core/Src/usbd_core.o
 .ARM.attributes
                0x00000368       0x2d ./Middlewares/ST/STM32_USB_Device_Library/Core/Src/usbd_ctlreq.o
 .ARM.attributes
                0x00000395       0x2d ./Middlewares/ST/STM32_USB_Device_Library/Core/Src/usbd_ioreq.o
 .ARM.attributes
                0x000003c2       0x2d ./USB_DEVICE/App/usb_device.o
 .ARM.attributes
                0x000003ef       0x2d ./USB_DEVICE/App/usbd_cdc_if.o
 .ARM.attributes
                0x0000041c       0x2d ./USB_DEVICE/App/usbd_desc.o
 .ARM.attributes
                0x00000449       0x2d ./USB_DEVICE/Target/usbd_conf.o
 .ARM.attributes
                0x00000476       0x2d C:/ST/STM32CubeIDE_1.15.1/STM32CubeIDE/plugins/com.st.stm32cube.ide.mcu.externaltools.gnu-tools-for-stm32.12.3.rel1.win32_1.0.100.202403111256/tools/bin/../lib/gcc/arm-none-eabi/12.3.1/../../../../arm-none-eabi/lib/thumb/v7-m/nofp\libc_nano.a(libc_a-memset.o)
 .ARM.attributes
                0x000004a3       0x2d C:/ST/STM32CubeIDE_1.15.1/STM32CubeIDE/plugins/com.st.stm32cube.ide.mcu.externaltools.gnu-tools-for-stm32.12.3.rel1.win32_1.0.100.202403111256/tools/bin/../lib/gcc/arm-none-eabi/12.3.1/../../../../arm-none-eabi/lib/thumb/v7-m/nofp\libc_nano.a(libc_a-init.o)
 .ARM.attributes
                0x000004d0       0x1d C:/ST/STM32CubeIDE_1.15.1/STM32CubeIDE/plugins/com.st.stm32cube.ide.mcu.externaltools.gnu-tools-for-stm32.12.3.rel1.win32_1.0.100.202403111256/tools/bin/../lib/gcc/arm-none-eabi/12.3.1/thumb/v7-m/nofp/crtn.o
OUTPUT(STM.elf elf32-littlearm)
LOAD linker stubs
LOAD C:/ST/STM32CubeIDE_1.15.1/STM32CubeIDE/plugins/com.st.stm32cube.ide.mcu.externaltools.gnu-tools-for-stm32.12.3.rel1.win32_1.0.100.202403111256/tools/bin/../lib/gcc/arm-none-eabi/12.3.1/../../../../arm-none-eabi/lib/thumb/v7-m/nofp\libc.a
LOAD C:/ST/STM32CubeIDE_1.15.1/STM32CubeIDE/plugins/com.st.stm32cube.ide.mcu.externaltools.gnu-tools-for-stm32.12.3.rel1.win32_1.0.100.202403111256/tools/bin/../lib/gcc/arm-none-eabi/12.3.1/../../../../arm-none-eabi/lib/thumb/v7-m/nofp\libm.a
LOAD C:/ST/STM32CubeIDE_1.15.1/STM32CubeIDE/plugins/com.st.stm32cube.ide.mcu.externaltools.gnu-tools-for-stm32.12.3.rel1.win32_1.0.100.202403111256/tools/bin/../lib/gcc/arm-none-eabi/12.3.1/thumb/v7-m/nofp\libgcc.a

.debug_info     0x00000000    0x11201
 .debug_info    0x00000000      0x372 ./Core/Src/arm_logic.o
 .debug_info    0x00000372      0xc57 ./Core/Src/main.o
 .debug_info    0x00000fc9      0x938 ./Core/Src/stm32f1xx_hal_msp.o
 .debug_info    0x00001901      0xb7a ./Core/Src/stm32f1xx_it.o
 .debug_info    0x0000247b      0x222 ./Core/Src/system_stm32f1xx.o
 .debug_info    0x0000269d       0x30 ./Core/Startup/startup_stm32f103cbtx.o
 .debug_info    0x000026cd      0x704 ./Drivers/STM32F1xx_HAL_Driver/Src/stm32f1xx_hal.o
 .debug_info    0x00002dd1      0xa87 ./Drivers/STM32F1xx_HAL_Driver/Src/stm32f1xx_hal_cortex.o
 .debug_info    0x00003858      0x5ab ./Drivers/STM32F1xx_HAL_Driver/Src/stm32f1xx_hal_gpio.o
 .debug_info    0x00003e03     0x16dc ./Drivers/STM32F1xx_HAL_Driver/Src/stm32f1xx_hal_pcd.o
 .debug_info    0x000054df      0x6c3 ./Drivers/STM32F1xx_HAL_Driver/Src/stm32f1xx_hal_pcd_ex.o
 .debug_info    0x00005ba2      0x7d5 ./Drivers/STM32F1xx_HAL_Driver/Src/stm32f1xx_hal_rcc.o
 .debug_info    0x00006377      0x3c0 ./Drivers/STM32F1xx_HAL_Driver/Src/stm32f1xx_hal_rcc_ex.o
 .debug_info    0x00006737     0x2959 ./Drivers/STM32F1xx_HAL_Driver/Src/stm32f1xx_hal_tim.o
 .debug_info    0x00009090     0x149b ./Drivers/STM32F1xx_HAL_Driver/Src/stm32f1xx_hal_tim_ex.o
 .debug_info    0x0000a52b     0x17ae ./Drivers/STM32F1xx_HAL_Driver/Src/stm32f1xx_ll_usb.o
 .debug_info    0x0000bcd9     0x1043 ./Middlewares/ST/STM32_USB_Device_Library/Class/CDC/Src/usbd_cdc.o
 .debug_info    0x0000cd1c      0xa52 ./Middlewares/ST/STM32_USB_Device_Library/Core/Src/usbd_core.o
 .debug_info    0x0000d76e      0x91c ./Middlewares/ST/STM32_USB_Device_Library/Core/Src/usbd_ctlreq.o
 .debug_info    0x0000e08a      0x6a0 ./Middlewares/ST/STM32_USB_Device_Library/Core/Src/usbd_ioreq.o
 .debug_info    0x0000e72a      0x63d ./USB_DEVICE/App/usb_device.o
 .debug_info    0x0000ed67      0x7ec ./USB_DEVICE/App/usbd_cdc_if.o
 .debug_info    0x0000f553      0x44a ./USB_DEVICE/App/usbd_desc.o
 .debug_info    0x0000f99d     0x1864 ./USB_DEVICE/Target/usbd_conf.o

.debug_abbrev   0x00000000     0x316a
 .debug_abbrev  0x00000000      0x176 ./Core/Src/arm_logic.o
 .debug_abbrev  0x00000176      0x2d1 ./Core/Src/main.o
 .debug_abbrev  0x00000447      0x1ad ./Core/Src/stm32f1xx_hal_msp.o
 .debug_abbrev  0x000005f4      0x1c6 ./Core/Src/stm32f1xx_it.o
 .debug_abbrev  0x000007ba      0x13f ./Core/Src/system_stm32f1xx.o
 .debug_abbrev  0x000008f9       0x24 ./Core/Startup/startup_stm32f103cbtx.o
 .debug_abbrev  0x0000091d      0x201 ./Drivers/STM32F1xx_HAL_Driver/Src/stm32f1xx_hal.o
 .debug_abbrev  0x00000b1e      0x2f8 ./Drivers/STM32F1xx_HAL_Driver/Src/stm32f1xx_hal_cortex.o
 .debug_abbrev  0x00000e16      0x1ca ./Drivers/STM32F1xx_HAL_Driver/Src/stm32f1xx_hal_gpio.o
 .debug_abbrev  0x00000fe0      0x2d6 ./Drivers/STM32F1xx_HAL_Driver/Src/stm32f1xx_hal_pcd.o
 .debug_abbrev  0x000012b6      0x189 ./Drivers/STM32F1xx_HAL_Driver/Src/stm32f1xx_hal_pcd_ex.o
 .debug_abbrev  0x0000143f      0x2b3 ./Drivers/STM32F1xx_HAL_Driver/Src/stm32f1xx_hal_rcc.o
 .debug_abbrev  0x000016f2      0x188 ./Drivers/STM32F1xx_HAL_Driver/Src/stm32f1xx_hal_rcc_ex.o
 .debug_abbrev  0x0000187a      0x277 ./Drivers/STM32F1xx_HAL_Driver/Src/stm32f1xx_hal_tim.o
 .debug_abbrev  0x00001af1      0x282 ./Drivers/STM32F1xx_HAL_Driver/Src/stm32f1xx_hal_tim_ex.o
 .debug_abbrev  0x00001d73      0x1de ./Drivers/STM32F1xx_HAL_Driver/Src/stm32f1xx_ll_usb.o
 .debug_abbrev  0x00001f51      0x2d3 ./Middlewares/ST/STM32_USB_Device_Library/Class/CDC/Src/usbd_cdc.o
 .debug_abbrev  0x00002224      0x24a ./Middlewares/ST/STM32_USB_Device_Library/Core/Src/usbd_core.o
 .debug_abbrev  0x0000246e      0x26b ./Middlewares/ST/STM32_USB_Device_Library/Core/Src/usbd_ctlreq.o
 .debug_abbrev  0x000026d9      0x192 ./Middlewares/ST/STM32_USB_Device_Library/Core/Src/usbd_ioreq.o
 .debug_abbrev  0x0000286b      0x18d ./USB_DEVICE/App/usb_device.o
 .debug_abbrev  0x000029f8      0x25d ./USB_DEVICE/App/usbd_cdc_if.o
 .debug_abbrev  0x00002c55      0x1ff ./USB_DEVICE/App/usbd_desc.o
 .debug_abbrev  0x00002e54      0x316 ./USB_DEVICE/Target/usbd_conf.o

.debug_aranges  0x00000000     0x1018
 .debug_aranges
                0x00000000       0x50 ./Core/Src/arm_logic.o
 .debug_aranges
                0x00000050       0x40 ./Core/Src/main.o
 .debug_aranges
                0x00000090       0x30 ./Core/Src/stm32f1xx_hal_msp.o
 .debug_aranges
                0x000000c0       0x70 ./Core/Src/stm32f1xx_it.o
 .debug_aranges
                0x00000130       0x28 ./Core/Src/system_stm32f1xx.o
 .debug_aranges
                0x00000158       0x28 ./Core/Startup/startup_stm32f103cbtx.o
 .debug_aranges
                0x00000180       0xe0 ./Drivers/STM32F1xx_HAL_Driver/Src/stm32f1xx_hal.o
 .debug_aranges
                0x00000260      0x100 ./Drivers/STM32F1xx_HAL_Driver/Src/stm32f1xx_hal_cortex.o
 .debug_aranges
                0x00000360       0x58 ./Drivers/STM32F1xx_HAL_Driver/Src/stm32f1xx_hal_gpio.o
 .debug_aranges
                0x000003b8      0x140 ./Drivers/STM32F1xx_HAL_Driver/Src/stm32f1xx_hal_pcd.o
 .debug_aranges
                0x000004f8       0x38 ./Drivers/STM32F1xx_HAL_Driver/Src/stm32f1xx_hal_pcd_ex.o
 .debug_aranges
                0x00000530       0x90 ./Drivers/STM32F1xx_HAL_Driver/Src/stm32f1xx_hal_rcc.o
 .debug_aranges
                0x000005c0       0x30 ./Drivers/STM32F1xx_HAL_Driver/Src/stm32f1xx_hal_rcc_ex.o
 .debug_aranges
                0x000005f0      0x3d0 ./Drivers/STM32F1xx_HAL_Driver/Src/stm32f1xx_hal_tim.o
 .debug_aranges
                0x000009c0      0x168 ./Drivers/STM32F1xx_HAL_Driver/Src/stm32f1xx_hal_tim_ex.o
 .debug_aranges
                0x00000b28       0xf8 ./Drivers/STM32F1xx_HAL_Driver/Src/stm32f1xx_ll_usb.o
 .debug_aranges
                0x00000c20       0x90 ./Middlewares/ST/STM32_USB_Device_Library/Class/CDC/Src/usbd_cdc.o
 .debug_aranges
                0x00000cb0       0xb8 ./Middlewares/ST/STM32_USB_Device_Library/Core/Src/usbd_core.o
 .debug_aranges
                0x00000d68       0x88 ./Middlewares/ST/STM32_USB_Device_Library/Core/Src/usbd_ctlreq.o
 .debug_aranges
                0x00000df0       0x50 ./Middlewares/ST/STM32_USB_Device_Library/Core/Src/usbd_ioreq.o
 .debug_aranges
                0x00000e40       0x20 ./USB_DEVICE/App/usb_device.o
 .debug_aranges
                0x00000e60       0x40 ./USB_DEVICE/App/usbd_cdc_if.o
 .debug_aranges
                0x00000ea0       0x60 ./USB_DEVICE/App/usbd_desc.o
 .debug_aranges
                0x00000f00      0x118 ./USB_DEVICE/Target/usbd_conf.o

.debug_rnglists
                0x00000000      0xc29
 .debug_rnglists
                0x00000000       0x38 ./Core/Src/arm_logic.o
 .debug_rnglists
                0x00000038       0x2e ./Core/Src/main.o
 .debug_rnglists
                0x00000066       0x1f ./Core/Src/stm32f1xx_hal_msp.o
 .debug_rnglists
                0x00000085       0x4f ./Core/Src/stm32f1xx_it.o
 .debug_rnglists
                0x000000d4       0x1a ./Core/Src/system_stm32f1xx.o
 .debug_rnglists
                0x000000ee       0x19 ./Core/Startup/startup_stm32f103cbtx.o
 .debug_rnglists
                0x00000107       0xa3 ./Drivers/STM32F1xx_HAL_Driver/Src/stm32f1xx_hal.o
 .debug_rnglists
                0x000001aa       0xbb ./Drivers/STM32F1xx_HAL_Driver/Src/stm32f1xx_hal_cortex.o
 .debug_rnglists
                0x00000265       0x3f ./Drivers/STM32F1xx_HAL_Driver/Src/stm32f1xx_hal_gpio.o
 .debug_rnglists
                0x000002a4       0xf4 ./Drivers/STM32F1xx_HAL_Driver/Src/stm32f1xx_hal_pcd.o
 .debug_rnglists
                0x00000398       0x26 ./Drivers/STM32F1xx_HAL_Driver/Src/stm32f1xx_hal_pcd_ex.o
 .debug_rnglists
                0x000003be       0x6c ./Drivers/STM32F1xx_HAL_Driver/Src/stm32f1xx_hal_rcc.o
 .debug_rnglists
                0x0000042a       0x21 ./Drivers/STM32F1xx_HAL_Driver/Src/stm32f1xx_hal_rcc_ex.o
 .debug_rnglists
                0x0000044b      0x31a ./Drivers/STM32F1xx_HAL_Driver/Src/stm32f1xx_hal_tim.o
 .debug_rnglists
                0x00000765      0x125 ./Drivers/STM32F1xx_HAL_Driver/Src/stm32f1xx_hal_tim_ex.o
 .debug_rnglists
                0x0000088a       0xbd ./Drivers/STM32F1xx_HAL_Driver/Src/stm32f1xx_ll_usb.o
 .debug_rnglists
                0x00000947       0x6a ./Middlewares/ST/STM32_USB_Device_Library/Class/CDC/Src/usbd_cdc.o
 .debug_rnglists
                0x000009b1       0x89 ./Middlewares/ST/STM32_USB_Device_Library/Core/Src/usbd_core.o
 .debug_rnglists
                0x00000a3a       0x68 ./Middlewares/ST/STM32_USB_Device_Library/Core/Src/usbd_ctlreq.o
 .debug_rnglists
                0x00000aa2       0x37 ./Middlewares/ST/STM32_USB_Device_Library/Core/Src/usbd_ioreq.o
 .debug_rnglists
                0x00000ad9       0x13 ./USB_DEVICE/App/usb_device.o
 .debug_rnglists
                0x00000aec       0x2c ./USB_DEVICE/App/usbd_cdc_if.o
 .debug_rnglists
                0x00000b18       0x43 ./USB_DEVICE/App/usbd_desc.o
 .debug_rnglists
                0x00000b5b       0xce ./USB_DEVICE/Target/usbd_conf.o

.debug_macro    0x00000000     0x4bcd
 .debug_macro   0x00000000      0x28e ./Core/Src/arm_logic.o
 .debug_macro   0x0000028e       0x61 ./Core/Src/arm_logic.o
 .debug_macro   0x000002ef       0x24 ./Core/Src/arm_logic.o
 .debug_macro   0x00000313       0x43 ./Core/Src/arm_logic.o
 .debug_macro   0x00000356       0x34 ./Core/Src/arm_logic.o
 .debug_macro   0x0000038a       0x16 ./Core/Src/arm_logic.o
 .debug_macro   0x000003a0       0x43 ./Core/Src/arm_logic.o
 .debug_macro   0x000003e3       0x34 ./Core/Src/arm_logic.o
 .debug_macro   0x00000417       0x10 ./Core/Src/arm_logic.o
 .debug_macro   0x00000427       0x58 ./Core/Src/arm_logic.o
 .debug_macro   0x0000047f       0x8e ./Core/Src/arm_logic.o
 .debug_macro   0x0000050d       0x1c ./Core/Src/arm_logic.o
 .debug_macro   0x00000529      0x177 ./Core/Src/arm_logic.o
 .debug_macro   0x000006a0      0x369 ./Core/Src/arm_logic.o
 .debug_macro   0x00000a09      0x19b ./Core/Src/arm_logic.o
 .debug_macro   0x00000ba4      0x361 ./Core/Src/main.o
 .debug_macro   0x00000f05       0x16 ./Core/Src/main.o
 .debug_macro   0x00000f1b       0x35 ./Core/Src/main.o
 .debug_macro   0x00000f50       0x10 ./Core/Src/main.o
 .debug_macro   0x00000f60       0x16 ./Core/Src/main.o
 .debug_macro   0x00000f76       0x16 ./Core/Src/main.o
 .debug_macro   0x00000f8c      0x146 ./Core/Src/main.o
 .debug_macro   0x000010d2       0x16 ./Core/Src/main.o
 .debug_macro   0x000010e8       0x16 ./Core/Src/main.o
 .debug_macro   0x000010fe       0x29 ./Core/Src/main.o
 .debug_macro   0x00001127       0x16 ./Core/Src/main.o
 .debug_macro   0x0000113d       0x20 ./Core/Src/main.o
 .debug_macro   0x0000115d       0x5f ./Core/Src/main.o
 .debug_macro   0x000011bc      0x1c8 ./Core/Src/main.o
 .debug_macro   0x00001384      0x1cc ./Core/Src/stm32f1xx_hal_msp.o
 .debug_macro   0x00001550      0x1d6 ./Core/Src/stm32f1xx_it.o
 .debug_macro   0x00001726      0x1bd ./Core/Src/system_stm32f1xx.o
 .debug_macro   0x000018e3      0x1e1 ./Drivers/STM32F1xx_HAL_Driver/Src/stm32f1xx_hal.o
 .debug_macro   0x00001ac4      0x1bd ./Drivers/STM32F1xx_HAL_Driver/Src/stm32f1xx_hal_cortex.o
 .debug_macro   0x00001c81      0x228 ./Drivers/STM32F1xx_HAL_Driver/Src/stm32f1xx_hal_gpio.o
 .debug_macro   0x00001ea9      0x1c9 ./Drivers/STM32F1xx_HAL_Driver/Src/stm32f1xx_hal_pcd.o
 .debug_macro   0x00002072      0x1bd ./Drivers/STM32F1xx_HAL_Driver/Src/stm32f1xx_hal_pcd_ex.o
 .debug_macro   0x0000222f      0x1cf ./Drivers/STM32F1xx_HAL_Driver/Src/stm32f1xx_hal_rcc.o
 .debug_macro   0x000023fe      0x1bd ./Drivers/STM32F1xx_HAL_Driver/Src/stm32f1xx_hal_rcc_ex.o
 .debug_macro   0x000025bb      0x1be ./Drivers/STM32F1xx_HAL_Driver/Src/stm32f1xx_hal_tim.o
 .debug_macro   0x00002779      0x1bd ./Drivers/STM32F1xx_HAL_Driver/Src/stm32f1xx_hal_tim_ex.o
 .debug_macro   0x00002936      0x1bd ./Drivers/STM32F1xx_HAL_Driver/Src/stm32f1xx_ll_usb.o
 .debug_macro   0x00002af3      0x35b ./Middlewares/ST/STM32_USB_Device_Library/Class/CDC/Src/usbd_cdc.o
 .debug_macro   0x00002e4e       0x9e ./Middlewares/ST/STM32_USB_Device_Library/Class/CDC/Src/usbd_cdc.o
 .debug_macro   0x00002eec      0x10b ./Middlewares/ST/STM32_USB_Device_Library/Class/CDC/Src/usbd_cdc.o
 .debug_macro   0x00002ff7       0x56 ./Middlewares/ST/STM32_USB_Device_Library/Class/CDC/Src/usbd_cdc.o
 .debug_macro   0x0000304d       0x8f ./Middlewares/ST/STM32_USB_Device_Library/Class/CDC/Src/usbd_cdc.o
 .debug_macro   0x000030dc      0x342 ./Middlewares/ST/STM32_USB_Device_Library/Core/Src/usbd_core.o
 .debug_macro   0x0000341e      0x1ce ./Middlewares/ST/STM32_USB_Device_Library/Core/Src/usbd_core.o
 .debug_macro   0x000035ec      0x34c ./Middlewares/ST/STM32_USB_Device_Library/Core/Src/usbd_ctlreq.o
 .debug_macro   0x00003938      0x348 ./Middlewares/ST/STM32_USB_Device_Library/Core/Src/usbd_ioreq.o
 .debug_macro   0x00003c80      0x37b ./USB_DEVICE/App/usb_device.o
 .debug_macro   0x00003ffb      0x12a ./USB_DEVICE/App/usb_device.o
 .debug_macro   0x00004125       0x22 ./USB_DEVICE/App/usb_device.o
 .debug_macro   0x00004147       0x16 ./USB_DEVICE/App/usb_device.o
 .debug_macro   0x0000415d      0x366 ./USB_DEVICE/App/usbd_cdc_if.o
 .debug_macro   0x000044c3       0x10 ./USB_DEVICE/App/usbd_cdc_if.o
 .debug_macro   0x000044d3      0x37f ./USB_DEVICE/App/usbd_desc.o
 .debug_macro   0x00004852       0x1c ./USB_DEVICE/App/usbd_desc.o
 .debug_macro   0x0000486e      0x35f ./USB_DEVICE/Target/usbd_conf.o

.debug_line     0x00000000    0x14146
 .debug_line    0x00000000      0xa64 ./Core/Src/arm_logic.o
 .debug_line    0x00000a64      0xaea ./Core/Src/main.o
 .debug_line    0x0000154e      0x76f ./Core/Src/stm32f1xx_hal_msp.o
 .debug_line    0x00001cbd      0x826 ./Core/Src/stm32f1xx_it.o
 .debug_line    0x000024e3      0x7b2 ./Core/Src/system_stm32f1xx.o
 .debug_line    0x00002c95       0x78 ./Core/Startup/startup_stm32f103cbtx.o
 .debug_line    0x00002d0d      0x9df ./Drivers/STM32F1xx_HAL_Driver/Src/stm32f1xx_hal.o
 .debug_line    0x000036ec      0xbcb ./Drivers/STM32F1xx_HAL_Driver/Src/stm32f1xx_hal_cortex.o
 .debug_line    0x000042b7      0xa78 ./Drivers/STM32F1xx_HAL_Driver/Src/stm32f1xx_hal_gpio.o
 .debug_line    0x00004d2f     0x1434 ./Drivers/STM32F1xx_HAL_Driver/Src/stm32f1xx_hal_pcd.o
 .debug_line    0x00006163      0x7ad ./Drivers/STM32F1xx_HAL_Driver/Src/stm32f1xx_hal_pcd_ex.o
 .debug_line    0x00006910      0xde8 ./Drivers/STM32F1xx_HAL_Driver/Src/stm32f1xx_hal_rcc.o
 .debug_line    0x000076f8      0x929 ./Drivers/STM32F1xx_HAL_Driver/Src/stm32f1xx_hal_rcc_ex.o
 .debug_line    0x00008021     0x3504 ./Drivers/STM32F1xx_HAL_Driver/Src/stm32f1xx_hal_tim.o
 .debug_line    0x0000b525     0x192e ./Drivers/STM32F1xx_HAL_Driver/Src/stm32f1xx_hal_tim_ex.o
 .debug_line    0x0000ce53     0x10b0 ./Drivers/STM32F1xx_HAL_Driver/Src/stm32f1xx_ll_usb.o
 .debug_line    0x0000df03      0xd37 ./Middlewares/ST/STM32_USB_Device_Library/Class/CDC/Src/usbd_cdc.o
 .debug_line    0x0000ec3a      0xdb3 ./Middlewares/ST/STM32_USB_Device_Library/Core/Src/usbd_core.o
 .debug_line    0x0000f9ed      0xff3 ./Middlewares/ST/STM32_USB_Device_Library/Core/Src/usbd_ctlreq.o
 .debug_line    0x000109e0      0xa49 ./Middlewares/ST/STM32_USB_Device_Library/Core/Src/usbd_ioreq.o
 .debug_line    0x00011429      0xa09 ./USB_DEVICE/App/usb_device.o
 .debug_line    0x00011e32      0xa51 ./USB_DEVICE/App/usbd_cdc_if.o
 .debug_line    0x00012883      0xad2 ./USB_DEVICE/App/usbd_desc.o
 .debug_line    0x00013355      0xdf1 ./USB_DEVICE/Target/usbd_conf.o

.debug_str      0x00000000    0x8d84c
 .debug_str     0x00000000    0x87e76 ./Core/Src/arm_logic.o
                              0x881c8 (size before relaxing)
 .debug_str     0x00087e76     0x1978 ./Core/Src/main.o
                              0x89340 (size before relaxing)
 .debug_str     0x000897ee      0x33a ./Core/Src/stm32f1xx_hal_msp.o
                              0x85051 (size before relaxing)
 .debug_str     0x00089b28      0x405 ./Core/Src/stm32f1xx_it.o
                              0x850bd (size before relaxing)
 .debug_str     0x00089f2d       0x7e ./Core/Src/system_stm32f1xx.o
                              0x844b0 (size before relaxing)
 .debug_str     0x00089fab       0x44 ./Core/Startup/startup_stm32f103cbtx.o
                                 0x79 (size before relaxing)
 .debug_str     0x00089fef      0x384 ./Drivers/STM32F1xx_HAL_Driver/Src/stm32f1xx_hal.o
                              0x84be3 (size before relaxing)
 .debug_str     0x0008a373      0x26c ./Drivers/STM32F1xx_HAL_Driver/Src/stm32f1xx_hal_cortex.o
                              0x84b2f (size before relaxing)
 .debug_str     0x0008a5df      0x2f6 ./Drivers/STM32F1xx_HAL_Driver/Src/stm32f1xx_hal_gpio.o
                              0x84836 (size before relaxing)
 .debug_str     0x0008a8d5      0x5bd ./Drivers/STM32F1xx_HAL_Driver/Src/stm32f1xx_hal_pcd.o
                              0x84dcd (size before relaxing)
 .debug_str     0x0008ae92      0x170 ./Drivers/STM32F1xx_HAL_Driver/Src/stm32f1xx_hal_pcd_ex.o
                              0x8492f (size before relaxing)
 .debug_str     0x0008b002      0x229 ./Drivers/STM32F1xx_HAL_Driver/Src/stm32f1xx_hal_rcc.o
                              0x848df (size before relaxing)
 .debug_str     0x0008b22b       0x9f ./Drivers/STM32F1xx_HAL_Driver/Src/stm32f1xx_hal_rcc_ex.o
                              0x8462f (size before relaxing)
 .debug_str     0x0008b2ca      0xe0b ./Drivers/STM32F1xx_HAL_Driver/Src/stm32f1xx_hal_tim.o
                              0x858e1 (size before relaxing)
 .debug_str     0x0008c0d5      0x493 ./Drivers/STM32F1xx_HAL_Driver/Src/stm32f1xx_hal_tim_ex.o
                              0x850ed (size before relaxing)
 .debug_str     0x0008c568      0x129 ./Drivers/STM32F1xx_HAL_Driver/Src/stm32f1xx_ll_usb.o
                              0x84981 (size before relaxing)
 .debug_str     0x0008c691      0x967 ./Middlewares/ST/STM32_USB_Device_Library/Class/CDC/Src/usbd_cdc.o
                              0x89740 (size before relaxing)
 .debug_str     0x0008cff8      0x281 ./Middlewares/ST/STM32_USB_Device_Library/Core/Src/usbd_core.o
                              0x89070 (size before relaxing)
 .debug_str     0x0008d279      0x120 ./Middlewares/ST/STM32_USB_Device_Library/Core/Src/usbd_ctlreq.o
                              0x88f8a (size before relaxing)
 .debug_str     0x0008d399       0x51 ./Middlewares/ST/STM32_USB_Device_Library/Core/Src/usbd_ioreq.o
                              0x88eb7 (size before relaxing)
 .debug_str     0x0008d3ea      0x105 ./USB_DEVICE/App/usb_device.o
                              0x89242 (size before relaxing)
 .debug_str     0x0008d4ef       0x8d ./USB_DEVICE/App/usbd_cdc_if.o
                              0x89268 (size before relaxing)
 .debug_str     0x0008d57c      0x258 ./USB_DEVICE/App/usbd_desc.o
                              0x88df3 (size before relaxing)
 .debug_str     0x0008d7d4       0x78 ./USB_DEVICE/Target/usbd_conf.o
                              0x89ccd (size before relaxing)

.comment        0x00000000       0x43
 .comment       0x00000000       0x43 ./Core/Src/arm_logic.o
                                 0x44 (size before relaxing)
 .comment       0x00000043       0x44 ./Core/Src/main.o
 .comment       0x00000043       0x44 ./Core/Src/stm32f1xx_hal_msp.o
 .comment       0x00000043       0x44 ./Core/Src/stm32f1xx_it.o
 .comment       0x00000043       0x44 ./Core/Src/system_stm32f1xx.o
 .comment       0x00000043       0x44 ./Drivers/STM32F1xx_HAL_Driver/Src/stm32f1xx_hal.o
 .comment       0x00000043       0x44 ./Drivers/STM32F1xx_HAL_Driver/Src/stm32f1xx_hal_cortex.o
 .comment       0x00000043       0x44 ./Drivers/STM32F1xx_HAL_Driver/Src/stm32f1xx_hal_gpio.o
 .comment       0x00000043       0x44 ./Drivers/STM32F1xx_HAL_Driver/Src/stm32f1xx_hal_pcd.o
 .comment       0x00000043       0x44 ./Drivers/STM32F1xx_HAL_Driver/Src/stm32f1xx_hal_pcd_ex.o
 .comment       0x00000043       0x44 ./Drivers/STM32F1xx_HAL_Driver/Src/stm32f1xx_hal_rcc.o
 .comment       0x00000043       0x44 ./Drivers/STM32F1xx_HAL_Driver/Src/stm32f1xx_hal_rcc_ex.o
 .comment       0x00000043       0x44 ./Drivers/STM32F1xx_HAL_Driver/Src/stm32f1xx_hal_tim.o
 .comment       0x00000043       0x44 ./Drivers/STM32F1xx_HAL_Driver/Src/stm32f1xx_hal_tim_ex.o
 .comment       0x00000043       0x44 ./Drivers/STM32F1xx_HAL_Driver/Src/stm32f1xx_ll_usb.o
 .comment       0x00000043       0x44 ./Middlewares/ST/STM32_USB_Device_Library/Class/CDC/Src/usbd_cdc.o
 .comment       0x00000043       0x44 ./Middlewares/ST/STM32_USB_Device_Library/Core/Src/usbd_core.o
 .comment       0x00000043       0x44 ./Middlewares/ST/STM32_USB_Device_Library/Core/Src/usbd_ctlreq.o
 .comment       0x00000043       0x44 ./Middlewares/ST/STM32_USB_Device_Library/Core/Src/usbd_ioreq.o
 .comment       0x00000043       0x44 ./USB_DEVICE/App/usb_device.o
 .comment       0x00000043       0x44 ./USB_DEVICE/App/usbd_cdc_if.o
 .comment       0x00000043       0x44 ./USB_DEVICE/App/usbd_desc.o
 .comment       0x00000043       0x44 ./USB_DEVICE/Target/usbd_conf.o

.debug_frame    0x00000000     0x4174
 .debug_frame   0x00000000      0x128 ./Core/Src/arm_logic.o
 .debug_frame   0x00000128       0xb0 ./Core/Src/main.o
 .debug_frame   0x000001d8       0x80 ./Core/Src/stm32f1xx_hal_msp.o
 .debug_frame   0x00000258      0x13c ./Core/Src/stm32f1xx_it.o
 .debug_frame   0x00000394       0x58 ./Core/Src/system_stm32f1xx.o
 .debug_frame   0x000003ec      0x334 ./Drivers/STM32F1xx_HAL_Driver/Src/stm32f1xx_hal.o
 .debug_frame   0x00000720      0x428 ./Drivers/STM32F1xx_HAL_Driver/Src/stm32f1xx_hal_cortex.o
 .debug_frame   0x00000b48      0x14c ./Drivers/STM32F1xx_HAL_Driver/Src/stm32f1xx_hal_gpio.o
 .debug_frame   0x00000c94      0x594 ./Drivers/STM32F1xx_HAL_Driver/Src/stm32f1xx_hal_pcd.o
 .debug_frame   0x00001228       0xb0 ./Drivers/STM32F1xx_HAL_Driver/Src/stm32f1xx_hal_pcd_ex.o
 .debug_frame   0x000012d8      0x218 ./Drivers/STM32F1xx_HAL_Driver/Src/stm32f1xx_hal_rcc.o
 .debug_frame   0x000014f0       0x80 ./Drivers/STM32F1xx_HAL_Driver/Src/stm32f1xx_hal_rcc_ex.o
 .debug_frame   0x00001570     0x11b8 ./Drivers/STM32F1xx_HAL_Driver/Src/stm32f1xx_hal_tim.o
 .debug_frame   0x00002728      0x638 ./Drivers/STM32F1xx_HAL_Driver/Src/stm32f1xx_hal_tim_ex.o
 .debug_frame   0x00002d60      0x470 ./Drivers/STM32F1xx_HAL_Driver/Src/stm32f1xx_ll_usb.o
 .debug_frame   0x000031d0      0x248 ./Middlewares/ST/STM32_USB_Device_Library/Class/CDC/Src/usbd_cdc.o
 .debug_frame   0x00003418      0x300 ./Middlewares/ST/STM32_USB_Device_Library/Core/Src/usbd_core.o
 .debug_frame   0x00003718      0x218 ./Middlewares/ST/STM32_USB_Device_Library/Core/Src/usbd_ctlreq.o
 .debug_frame   0x00003930      0x10c ./Middlewares/ST/STM32_USB_Device_Library/Core/Src/usbd_ioreq.o
 .debug_frame   0x00003a3c       0x2c ./USB_DEVICE/App/usb_device.o
 .debug_frame   0x00003a68       0xbc ./USB_DEVICE/App/usbd_cdc_if.o
 .debug_frame   0x00003b24      0x160 ./USB_DEVICE/App/usbd_desc.o
 .debug_frame   0x00003c84      0x4a4 ./USB_DEVICE/Target/usbd_conf.o
 .debug_frame   0x00004128       0x20 C:/ST/STM32CubeIDE_1.15.1/STM32CubeIDE/plugins/com.st.stm32cube.ide.mcu.externaltools.gnu-tools-for-stm32.12.3.rel1.win32_1.0.100.202403111256/tools/bin/../lib/gcc/arm-none-eabi/12.3.1/../../../../arm-none-eabi/lib/thumb/v7-m/nofp\libc_nano.a(libc_a-memset.o)
 .debug_frame   0x00004148       0x2c C:/ST/STM32CubeIDE_1.15.1/STM32CubeIDE/plugins/com.st.stm32cube.ide.mcu.externaltools.gnu-tools-for-stm32.12.3.rel1.win32_1.0.100.202403111256/tools/bin/../lib/gcc/arm-none-eabi/12.3.1/../../../../arm-none-eabi/lib/thumb/v7-m/nofp\libc_nano.a(libc_a-init.o)

.debug_line_str
                0x00000000       0x5d
 .debug_line_str
                0x00000000       0x5d ./Core/Startup/startup_stm32f103cbtx.o
