Archive member included to satisfy reference by file (symbol)

C:/ST/STM32CubeIDE_1.15.1/STM32CubeIDE/plugins/com.st.stm32cube.ide.mcu.externaltools.gnu-tools-for-stm32.12.3.rel1.win32_1.0.100.202403111256/tools/bin/../lib/gcc/arm-none-eabi/12.3.1/../../../../arm-none-eabi/lib/thumb/v7-m/nofp\libc_nano.a(libc_a-exit.o)
                              C:/ST/STM32CubeIDE_1.15.1/STM32CubeIDE/plugins/com.st.stm32cube.ide.mcu.externaltools.gnu-tools-for-stm32.12.3.rel1.win32_1.0.100.202403111256/tools/bin/../lib/gcc/arm-none-eabi/12.3.1/../../../../arm-none-eabi/lib/thumb/v7-m/nofp/crt0.o (exit)
C:/ST/STM32CubeIDE_1.15.1/STM32CubeIDE/plugins/com.st.stm32cube.ide.mcu.externaltools.gnu-tools-for-stm32.12.3.rel1.win32_1.0.100.202403111256/tools/bin/../lib/gcc/arm-none-eabi/12.3.1/../../../../arm-none-eabi/lib/thumb/v7-m/nofp\libc_nano.a(libc_a-findfp.o)
                              C:/ST/STM32CubeIDE_1.15.1/STM32CubeIDE/plugins/com.st.stm32cube.ide.mcu.externaltools.gnu-tools-for-stm32.12.3.rel1.win32_1.0.100.202403111256/tools/bin/../lib/gcc/arm-none-eabi/12.3.1/../../../../arm-none-eabi/lib/thumb/v7-m/nofp\libc_nano.a(libc_a-exit.o) (__stdio_exit_handler)
C:/ST/STM32CubeIDE_1.15.1/STM32CubeIDE/plugins/com.st.stm32cube.ide.mcu.externaltools.gnu-tools-for-stm32.12.3.rel1.win32_1.0.100.202403111256/tools/bin/../lib/gcc/arm-none-eabi/12.3.1/../../../../arm-none-eabi/lib/thumb/v7-m/nofp\libc_nano.a(libc_a-fwalk.o)
                              C:/ST/STM32CubeIDE_1.15.1/STM32CubeIDE/plugins/com.st.stm32cube.ide.mcu.externaltools.gnu-tools-for-stm32.12.3.rel1.win32_1.0.100.202403111256/tools/bin/../lib/gcc/arm-none-eabi/12.3.1/../../../../arm-none-eabi/lib/thumb/v7-m/nofp\libc_nano.a(libc_a-findfp.o) (_fwalk_sglue)
C:/ST/STM32CubeIDE_1.15.1/STM32CubeIDE/plugins/com.st.stm32cube.ide.mcu.externaltools.gnu-tools-for-stm32.12.3.rel1.win32_1.0.100.202403111256/tools/bin/../lib/gcc/arm-none-eabi/12.3.1/../../../../arm-none-eabi/lib/thumb/v7-m/nofp\libc_nano.a(libc_a-stdio.o)
                              C:/ST/STM32CubeIDE_1.15.1/STM32CubeIDE/plugins/com.st.stm32cube.ide.mcu.externaltools.gnu-tools-for-stm32.12.3.rel1.win32_1.0.100.202403111256/tools/bin/../lib/gcc/arm-none-eabi/12.3.1/../../../../arm-none-eabi/lib/thumb/v7-m/nofp\libc_nano.a(libc_a-findfp.o) (__sread)
C:/ST/STM32CubeIDE_1.15.1/STM32CubeIDE/plugins/com.st.stm32cube.ide.mcu.externaltools.gnu-tools-for-stm32.12.3.rel1.win32_1.0.100.202403111256/tools/bin/../lib/gcc/arm-none-eabi/12.3.1/../../../../arm-none-eabi/lib/thumb/v7-m/nofp\libc_nano.a(libc_a-memset.o)
                              C:/ST/STM32CubeIDE_1.15.1/STM32CubeIDE/plugins/com.st.stm32cube.ide.mcu.externaltools.gnu-tools-for-stm32.12.3.rel1.win32_1.0.100.202403111256/tools/bin/../lib/gcc/arm-none-eabi/12.3.1/../../../../arm-none-eabi/lib/thumb/v7-m/nofp/crt0.o (memset)
C:/ST/STM32CubeIDE_1.15.1/STM32CubeIDE/plugins/com.st.stm32cube.ide.mcu.externaltools.gnu-tools-for-stm32.12.3.rel1.win32_1.0.100.202403111256/tools/bin/../lib/gcc/arm-none-eabi/12.3.1/../../../../arm-none-eabi/lib/thumb/v7-m/nofp\libc_nano.a(libc_a-closer.o)
                              C:/ST/STM32CubeIDE_1.15.1/STM32CubeIDE/plugins/com.st.stm32cube.ide.mcu.externaltools.gnu-tools-for-stm32.12.3.rel1.win32_1.0.100.202403111256/tools/bin/../lib/gcc/arm-none-eabi/12.3.1/../../../../arm-none-eabi/lib/thumb/v7-m/nofp\libc_nano.a(libc_a-stdio.o) (_close_r)
C:/ST/STM32CubeIDE_1.15.1/STM32CubeIDE/plugins/com.st.stm32cube.ide.mcu.externaltools.gnu-tools-for-stm32.12.3.rel1.win32_1.0.100.202403111256/tools/bin/../lib/gcc/arm-none-eabi/12.3.1/../../../../arm-none-eabi/lib/thumb/v7-m/nofp\libc_nano.a(libc_a-reent.o)
                              C:/ST/STM32CubeIDE_1.15.1/STM32CubeIDE/plugins/com.st.stm32cube.ide.mcu.externaltools.gnu-tools-for-stm32.12.3.rel1.win32_1.0.100.202403111256/tools/bin/../lib/gcc/arm-none-eabi/12.3.1/../../../../arm-none-eabi/lib/thumb/v7-m/nofp\libc_nano.a(libc_a-closer.o) (errno)
C:/ST/STM32CubeIDE_1.15.1/STM32CubeIDE/plugins/com.st.stm32cube.ide.mcu.externaltools.gnu-tools-for-stm32.12.3.rel1.win32_1.0.100.202403111256/tools/bin/../lib/gcc/arm-none-eabi/12.3.1/../../../../arm-none-eabi/lib/thumb/v7-m/nofp\libc_nano.a(libc_a-impure.o)
                              C:/ST/STM32CubeIDE_1.15.1/STM32CubeIDE/plugins/com.st.stm32cube.ide.mcu.externaltools.gnu-tools-for-stm32.12.3.rel1.win32_1.0.100.202403111256/tools/bin/../lib/gcc/arm-none-eabi/12.3.1/../../../../arm-none-eabi/lib/thumb/v7-m/nofp\libc_nano.a(libc_a-reent.o) (_impure_ptr)
C:/ST/STM32CubeIDE_1.15.1/STM32CubeIDE/plugins/com.st.stm32cube.ide.mcu.externaltools.gnu-tools-for-stm32.12.3.rel1.win32_1.0.100.202403111256/tools/bin/../lib/gcc/arm-none-eabi/12.3.1/../../../../arm-none-eabi/lib/thumb/v7-m/nofp\libc_nano.a(libc_a-lseekr.o)
[...]
Memory Configuration

Name             Origin             Length             Attributes
RAM              0x20000000         0x00005000         xrw
FLASH            0x08000000         0x00020000         xr
*default*        0x00000000         0xffffffff

Linker script and memory map

LOAD C:/ST/STM32CubeIDE_1.15.1/STM32CubeIDE/plugins/com.st.stm32cube.ide.mcu.externaltools.gnu-tools-for-stm32.12.3.rel1.win32_1.0.100.202403111256/tools/bin/../lib/gcc/arm-none-eabi/12.3.1/thumb/v7-m/nofp/crti.o
LOAD C:/ST/STM32CubeIDE_1.15.1/STM32CubeIDE/plugins/com.st.stm32cube.ide.mcu.externaltools.gnu-tools-for-stm32.12.3.rel1.win32_1.0.100.202403111256/tools/bin/../lib/gcc/arm-none-eabi/12.3.1/thumb/v7-m/nofp/crtbegin.o
LOAD C:/ST/STM32CubeIDE_1.15.1/STM32CubeIDE/plugins/com.st.stm32cube.ide.mcu.externaltools.gnu-tools-for-stm32.12.3.rel1.win32_1.0.100.202403111256/tools/bin/../lib/gcc/arm-none-eabi/12.3.1/../../../../arm-none-eabi/lib/thumb/v7-m/nofp/crt0.o
LOAD ./Core/Src/Keyboard.o
LOAD ./Core/Src/UART_Com.o
LOAD ./Core/Src/arm_logic.o
LOAD ./Core/Src/lcd.o
LOAD ./Core/Src/main.o
LOAD ./Core/Src/stm32f1xx_hal_msp.o
LOAD ./Core/Src/stm32f1xx_it.o
LOAD ./Core/Src/syscalls.o
LOAD ./Core/Src/sysmem.o
LOAD ./Core/Src/system_stm32f1xx.o
LOAD ./Core/Startup/startup_stm32f103cbtx.o
LOAD ./Drivers/STM32F1xx_HAL_Driver/Src/stm32f1xx_hal.o
LOAD ./Drivers/STM32F1xx_HAL_Driver/Src/stm32f1xx_hal_cortex.o
LOAD ./Drivers/STM32F1xx_HAL_Driver/Src/stm32f1xx_hal_dma.o
LOAD ./Drivers/STM32F1xx_HAL_Driver/Src/stm32f1xx_hal_exti.o
LOAD ./Drivers/STM32F1xx_HAL_Driver/Src/stm32f1xx_hal_flash.o
LOAD ./Drivers/STM32F1xx_HAL_Driver/Src/stm32f1xx_hal_flash_ex.o
LOAD ./Drivers/STM32F1xx_HAL_Driver/Src/stm32f1xx_hal_gpio.o
LOAD ./Drivers/STM32F1xx_HAL_Driver/Src/stm32f1xx_hal_gpio_ex.o
LOAD ./Drivers/STM32F1xx_HAL_Driver/Src/stm32f1xx_hal_pcd.o
LOAD ./Drivers/STM32F1xx_HAL_Driver/Src/stm32f1xx_hal_pcd_ex.o
LOAD ./Drivers/STM32F1xx_HAL_Driver/Src/stm32f1xx_hal_pwr.o
LOAD ./Drivers/STM32F1xx_HAL_Driver/Src/stm32f1xx_hal_rcc.o
LOAD ./Drivers/STM32F1xx_HAL_Driver/Src/stm32f1xx_hal_rcc_ex.o
LOAD ./Drivers/STM32F1xx_HAL_Driver/Src/stm32f1xx_hal_tim.o
LOAD ./Drivers/STM32F1xx_HAL_Driver/Src/stm32f1xx_hal_tim_ex.o
LOAD ./Drivers/STM32F1xx_HAL_Driver/Src/stm32f1xx_hal_uart.o
LOAD ./Drivers/STM32F1xx_HAL_Driver/Src/stm32f1xx_ll_usb.o
LOAD ./Middlewares/ST/STM32_USB_Device_Library/Class/CDC/Src/usbd_cdc.o
LOAD ./Middlewares/ST/STM32_USB_Device_Library/Core/Src/usbd_core.o
LOAD ./Middlewares/ST/STM32_USB_Device_Library/Core/Src/usbd_ctlreq.o
LOAD ./Middlewares/ST/STM32_USB_Device_Library/Core/Src/usbd_ioreq.o
LOAD ./USB_DEVICE/App/usb_device.o
LOAD ./USB_DEVICE/App/usbd_cdc_if.o
LOAD ./USB_DEVICE/App/usbd_desc.o
LOAD ./USB_DEVICE/Target/usbd_conf.o
START GROUP
LOAD C:/ST/STM32CubeIDE_1.15.1/STM32CubeIDE/plugins/com.st.stm32cube.ide.mcu.externaltools.gnu-tools-for-stm32.12.3.rel1.win32_1.0.100.202403111256/tools/bin/../lib/gcc/arm-none-eabi/12.3.1/../../../../arm-none-eabi/lib/thumb/v7-m/nofp\libc_nano.a
LOAD C:/ST/STM32CubeIDE_1.15.1/STM32CubeIDE/plugins/com.st.stm32cube.ide.mcu.externaltools.gnu-tools-for-stm32.12.3.rel1.win32_1.0.100.202403111256/tools/bin/../lib/gcc/arm-none-eabi/12.3.1/../../../../arm-none-eabi/lib/thumb/v7-m/nofp\libm.a
END GROUP
START GROUP
LOAD C:/ST/STM32CubeIDE_1.15.1/STM32CubeIDE/plugins/com.st.stm32cube.ide.mcu.externaltools.gnu-tools-for-stm32.12.3.rel1.win32_1.0.100.202403111256/tools/bin/../lib/gcc/arm-none-eabi/12.3.1/thumb/v7-m/nofp\libgcc.a
LOAD C:/ST/STM32CubeIDE_1.15.1/STM32CubeIDE/plugins/com.st.stm32cube.ide.mcu.externaltools.gnu-tools-for-stm32.12.3.rel1.win32_1.0.100.202403111256/tools/bin/../lib/gcc/arm-none-eabi/12.3.1/../../../../arm-none-eabi/lib/thumb/v7-m/nofp\libc_nano.a
END GROUP
START GROUP
LOAD C:/ST/STM32CubeIDE_1.15.1/STM32CubeIDE/plugins/com.st.stm32cube.ide.mcu.externaltools.gnu-tools-for-stm32.12.3.rel1.win32_1.0.100.202403111256/tools/bin/../lib/gcc/arm-none-eabi/12.3.1/thumb/v7-m/nofp\libgcc.a
LOAD C:/ST/STM32CubeIDE_1.15.1/STM32CubeIDE/plugins/com.st.stm32cube.ide.mcu.externaltools.gnu-tools-for-stm32.12.3.rel1.win32_1.0.100.202403111256/tools/bin/../lib/gcc/arm-none-eabi/12.3.1/../../../../arm-none-eabi/lib/thumb/v7-m/nofp\libc_nano.a
LOAD C:/ST/STM32CubeIDE_1.15.1/STM32CubeIDE/plugins/com.st.stm32cube.ide.mcu.externaltools.gnu-tools-for-stm32.12.3.rel1.win32_1.0.100.202403111256/tools/bin/../lib/gcc/arm-none-eabi/12.3.1/../../../../arm-none-eabi/lib/thumb/v7-m/nofp\libnosys.a
END GROUP
START GROUP
LOAD C:/ST/STM32CubeIDE_1.15.1/STM32CubeIDE/plugins/com.st.stm32cube.ide.mcu.externaltools.gnu-tools-for-stm32.12.3.rel1.win32_1.0.100.202403111256/tools/bin/../lib/gcc/arm-none-eabi/12.3.1/thumb/v7-m/nofp\libgcc.a
LOAD C:/ST/STM32CubeIDE_1.15.1/STM32CubeIDE/plugins/com.st.stm32cube.ide.mcu.externaltools.gnu-tools-for-stm32.12.3.rel1.win32_1.0.100.202403111256/tools/bin/../lib/gcc/arm-none-eabi/12.3.1/../../../../arm-none-eabi/lib/thumb/v7-m/nofp\libc_nano.a
LOAD C:/ST/STM32CubeIDE_1.15.1/STM32CubeIDE/plugins/com.st.stm32cube.ide.mcu.externaltools.gnu-tools-for-stm32.12.3.rel1.win32_1.0.100.202403111256/tools/bin/../lib/gcc/arm-none-eabi/12.3.1/../../../../arm-none-eabi/lib/thumb/v7-m/nofp\libnosys.a
END GROUP
LOAD C:/ST/STM32CubeIDE_1.15.1/STM32CubeIDE/plugins/com.st.stm32cube.ide.mcu.externaltools.gnu-tools-for-stm32.12.3.rel1.win32_1.0.100.202403111256/tools/bin/../lib/gcc/arm-none-eabi/12.3.1/thumb/v7-m/nofp/crtend.o
LOAD C:/ST/STM32CubeIDE_1.15.1/STM32CubeIDE/plugins/com.st.stm32cube.ide.mcu.externaltools.gnu-tools-for-stm32.12.3.rel1.win32_1.0.100.202403111256/tools/bin/../lib/gcc/arm-none-eabi/12.3.1/thumb/v7-m/nofp/crtn.o
                0x20005000                        _estack = (ORIGIN (RAM) + LENGTH (RAM))
                0x00000200                        _Min_Heap_Size = 0x200
                0x00000400                        _Min_Stack_Size = 0x400

.isr_vector     0x08000000      0x10c
                0x08000000                        . = ALIGN (0x4)
 *(.isr_vector)
 .isr_vector    0x08000000      0x10c ./Core/Startup/startup_stm32f103cbtx.o
                0x08000000                g_pfnVectors
                0x0800010c                        . = ALIGN (0x4)

.text           0x0800010c     0x82fc
                0x0800010c                        . = ALIGN (0x4)
 *(.text)
 .text          0x0800010c       0x40 C:/ST/STM32CubeIDE_1.15.1/STM32CubeIDE/plugins/com.st.stm32cube.ide.mcu.externaltools.gnu-tools-for-stm32.12.3.rel1.win32_1.0.100.202403111256/tools/bin/../lib/gcc/arm-none-eabi/12.3.1/thumb/v7-m/nofp/crtbegin.o
 *(.text*)
 .text.UART_STM
                0x0800014c       0x24 ./Core/Src/UART_Com.o
                0x0800014c                UART_STM
 .text.main     0x08000170       0x64 ./Core/Src/main.o
                0x08000170                main
 .text.SystemClock_Config
                0x080001d4       0xb4 ./Core/Src/main.o
                0x080001d4                SystemClock_Config
 .text.MX_TIM2_Init
                0x08000288       0x98 ./Core/Src/main.o
 .text.MX_USART1_UART_Init
                0x08000320       0x54 ./Core/Src/main.o
 .text.MX_GPIO_Init
                0x08000374      0x12c ./Core/Src/main.o
 .text.Error_Handler
                0x080004a0        0xc ./Core/Src/main.o
                0x080004a0                Error_Handler
 .text.HAL_MspInit
                0x080004ac       0x64 ./Core/Src/stm32f1xx_hal_msp.o
                0x080004ac                HAL_MspInit
 .text.HAL_TIM_Base_MspInit
                0x08000510       0x48 ./Core/Src/stm32f1xx_hal_msp.o
                0x08000510                HAL_TIM_Base_MspInit
 .text.HAL_UART_MspInit
                0x08000558       0x98 ./Core/Src/stm32f1xx_hal_msp.o
                0x08000558                HAL_UART_MspInit
 .text.NMI_Handler
                0x080005f0        0x8 ./Core/Src/stm32f1xx_it.o
                0x080005f0                NMI_Handler
 .text.HardFault_Handler
                0x080005f8        0x8 ./Core/Src/stm32f1xx_it.o
                0x080005f8                HardFault_Handler
 .text.MemManage_Handler
                0x08000600        0x8 ./Core/Src/stm32f1xx_it.o
                0x08000600                MemManage_Handler
 .text.BusFault_Handler
                0x08000608        0x8 ./Core/Src/stm32f1xx_it.o
                0x08000608                BusFault_Handler
 .text.UsageFault_Handler
                0x08000610        0x8 ./Core/Src/stm32f1xx_it.o
                0x08000610                UsageFault_Handler
 .text.SVC_Handler
                0x08000618        0xc ./Core/Src/stm32f1xx_it.o
                0x08000618                SVC_Handler
 .text.DebugMon_Handler
                0x08000624        0xc ./Core/Src/stm32f1xx_it.o
                0x08000624                DebugMon_Handler
 .text.PendSV_Handler
                0x08000630        0xc ./Core/Src/stm32f1xx_it.o
                0x08000630                PendSV_Handler
 .text.SysTick_Handler
                0x0800063c        0xc ./Core/Src/stm32f1xx_it.o
                0x0800063c                SysTick_Handler
 .text.USB_LP_CAN1_RX0_IRQHandler
                0x08000648       0x14 ./Core/Src/stm32f1xx_it.o
                0x08000648                USB_LP_CAN1_RX0_IRQHandler
 .text.TIM2_IRQHandler
                0x0800065c       0x14 ./Core/Src/stm32f1xx_it.o
                0x0800065c                TIM2_IRQHandler
 .text.SystemInit
                0x08000670        0xc ./Core/Src/system_stm32f1xx.o
                0x08000670                SystemInit
 .text.Reset_Handler
                0x0800067c       0x48 ./Core/Startup/startup_stm32f103cbtx.o
                0x0800067c                Reset_Handler
 .text.Default_Handler
                0x080006c4        0x2 ./Core/Startup/startup_stm32f103cbtx.o
                0x080006c4                RTC_Alarm_IRQHandler
                0x080006c4                EXTI2_IRQHandler
                0x080006c4                TIM1_CC_IRQHandler
                0x080006c4                PVD_IRQHandler
                0x080006c4                EXTI3_IRQHandler
                0x080006c4                EXTI0_IRQHandler
                0x080006c4                I2C2_EV_IRQHandler
                0x080006c4                ADC1_2_IRQHandler
                0x080006c4                SPI1_IRQHandler
                0x080006c4                TAMPER_IRQHandler
                0x080006c4                DMA1_Channel4_IRQHandler
                0x080006c4                USART3_IRQHandler
                0x080006c4                RTC_IRQHandler
                0x080006c4                DMA1_Channel7_IRQHandler
                0x080006c4                CAN1_RX1_IRQHandler
                0x080006c4                TIM4_IRQHandler
                0x080006c4                I2C1_EV_IRQHandler
                0x080006c4                DMA1_Channel6_IRQHandler
                0x080006c4                TIM3_IRQHandler
                0x080006c4                RCC_IRQHandler
                0x080006c4                TIM1_TRG_COM_IRQHandler
                0x080006c4                DMA1_Channel1_IRQHandler
                0x080006c4                Default_Handler
                0x080006c4                EXTI15_10_IRQHandler
                0x080006c4                EXTI9_5_IRQHandler
                0x080006c4                SPI2_IRQHandler
                0x080006c4                DMA1_Channel5_IRQHandler
                0x080006c4                EXTI4_IRQHandler
                0x080006c4                USB_HP_CAN1_TX_IRQHandler
                0x080006c4                DMA1_Channel3_IRQHandler
                0x080006c4                TIM1_UP_IRQHandler
                0x080006c4                WWDG_IRQHandler
                0x080006c4                TIM1_BRK_IRQHandler
                0x080006c4                EXTI1_IRQHandler
                0x080006c4                USART2_IRQHandler
                0x080006c4                I2C2_ER_IRQHandler
                0x080006c4                DMA1_Channel2_IRQHandler
                0x080006c4                CAN1_SCE_IRQHandler
                0x080006c4                FLASH_IRQHandler
                0x080006c4                USART1_IRQHandler
                0x080006c4                I2C1_ER_IRQHandler
                0x080006c4                USBWakeUp_IRQHandler
 *fill*         0x080006c6        0x2 
 .text.HAL_Init
                0x080006c8       0x2c ./Drivers/STM32F1xx_HAL_Driver/Src/stm32f1xx_hal.o
                0x080006c8                HAL_Init
 .text.HAL_InitTick
                0x080006f4       0x60 ./Drivers/STM32F1xx_HAL_Driver/Src/stm32f1xx_hal.o
                0x080006f4                HAL_InitTick
 .text.HAL_IncTick
                0x08000754       0x24 ./Drivers/STM32F1xx_HAL_Driver/Src/stm32f1xx_hal.o
                0x08000754                HAL_IncTick
 .text.HAL_GetTick
                0x08000778       0x14 ./Drivers/STM32F1xx_HAL_Driver/Src/stm32f1xx_hal.o
                0x08000778                HAL_GetTick
 .text.HAL_Delay
                0x0800078c       0x48 ./Drivers/STM32F1xx_HAL_Driver/Src/stm32f1xx_hal.o
                0x0800078c                HAL_Delay
 .text.__NVIC_SetPriorityGrouping
                0x080007d4       0x48 ./Drivers/STM32F1xx_HAL_Driver/Src/stm32f1xx_hal_cortex.o
 .text.__NVIC_GetPriorityGrouping
                0x0800081c       0x1c ./Drivers/STM32F1xx_HAL_Driver/Src/stm32f1xx_hal_cortex.o
 .text.__NVIC_EnableIRQ
                0x08000838       0x38 ./Drivers/STM32F1xx_HAL_Driver/Src/stm32f1xx_hal_cortex.o
 .text.__NVIC_SetPriority
                0x08000870       0x54 ./Drivers/STM32F1xx_HAL_Driver/Src/stm32f1xx_hal_cortex.o
 .text.NVIC_EncodePriority
                0x080008c4       0x64 ./Drivers/STM32F1xx_HAL_Driver/Src/stm32f1xx_hal_cortex.o
 .text.SysTick_Config
                0x08000928       0x44 ./Drivers/STM32F1xx_HAL_Driver/Src/stm32f1xx_hal_cortex.o
 .text.HAL_NVIC_SetPriorityGrouping
                0x0800096c       0x16 ./Drivers/STM32F1xx_HAL_Driver/Src/stm32f1xx_hal_cortex.o
                0x0800096c                HAL_NVIC_SetPriorityGrouping
 .text.HAL_NVIC_SetPriority
                0x08000982       0x38 ./Drivers/STM32F1xx_HAL_Driver/Src/stm32f1xx_hal_cortex.o
                0x08000982                HAL_NVIC_SetPriority
 .text.HAL_NVIC_EnableIRQ
                0x080009ba       0x1c ./Drivers/STM32F1xx_HAL_Driver/Src/stm32f1xx_hal_cortex.o
                0x080009ba                HAL_NVIC_EnableIRQ
 .text.HAL_SYSTICK_Config
                0x080009d6       0x18 ./Drivers/STM32F1xx_HAL_Driver/Src/stm32f1xx_hal_cortex.o
                0x080009d6                HAL_SYSTICK_Config
 *fill*         0x080009ee        0x2 
 .text.HAL_GPIO_Init
                0x080009f0      0x308 ./Drivers/STM32F1xx_HAL_Driver/Src/stm32f1xx_hal_gpio.o
                0x080009f0                HAL_GPIO_Init
 .text.HAL_GPIO_WritePin
                0x08000cf8       0x30 ./Drivers/STM32F1xx_HAL_Driver/Src/stm32f1xx_hal_gpio.o
                0x08000cf8                HAL_GPIO_WritePin
 .text.HAL_PCD_Init
                0x08000d28      0x1ec ./Drivers/STM32F1xx_HAL_Driver/Src/stm32f1xx_hal_pcd.o
                0x08000d28                HAL_PCD_Init
 .text.HAL_PCD_Start
                0x08000f14       0x4c ./Drivers/STM32F1xx_HAL_Driver/Src/stm32f1xx_hal_pcd.o
                0x08000f14                HAL_PCD_Start
 .text.HAL_PCD_IRQHandler
                0x08000f60      0x260 ./Drivers/STM32F1xx_HAL_Driver/Src/stm32f1xx_hal_pcd.o
                0x08000f60                HAL_PCD_IRQHandler
 .text.HAL_PCD_SetAddress
                0x080011c0       0x48 ./Drivers/STM32F1xx_HAL_Driver/Src/stm32f1xx_hal_pcd.o
                0x080011c0                HAL_PCD_SetAddress
 .text.HAL_PCD_EP_Open
                0x08001208       0xba ./Drivers/STM32F1xx_HAL_Driver/Src/stm32f1xx_hal_pcd.o
                0x08001208                HAL_PCD_EP_Open
 .text.HAL_PCD_EP_Close
                0x080012c2       0x90 ./Drivers/STM32F1xx_HAL_Driver/Src/stm32f1xx_hal_pcd.o
                0x080012c2                HAL_PCD_EP_Close
 .text.HAL_PCD_EP_Receive
                0x08001352       0x62 ./Drivers/STM32F1xx_HAL_Driver/Src/stm32f1xx_hal_pcd.o
                0x08001352                HAL_PCD_EP_Receive
 .text.HAL_PCD_EP_GetRxCount
                0x080013b4       0x2e ./Drivers/STM32F1xx_HAL_Driver/Src/stm32f1xx_hal_pcd.o
                0x080013b4                HAL_PCD_EP_GetRxCount
 .text.HAL_PCD_EP_Transmit
                0x080013e2       0x6e ./Drivers/STM32F1xx_HAL_Driver/Src/stm32f1xx_hal_pcd.o
                0x080013e2                HAL_PCD_EP_Transmit
 .text.HAL_PCD_EP_SetStall
                0x08001450       0xc0 ./Drivers/STM32F1xx_HAL_Driver/Src/stm32f1xx_hal_pcd.o
                0x08001450                HAL_PCD_EP_SetStall
 .text.HAL_PCD_EP_ClrStall
                0x08001510       0xa8 ./Drivers/STM32F1xx_HAL_Driver/Src/stm32f1xx_hal_pcd.o
                0x08001510                HAL_PCD_EP_ClrStall
 .text.PCD_EP_ISR_Handler
                0x080015b8      0x79e ./Drivers/STM32F1xx_HAL_Driver/Src/stm32f1xx_hal_pcd.o
 .text.HAL_PCD_EP_DB_Receive
                0x08001d56      0x21a ./Drivers/STM32F1xx_HAL_Driver/Src/stm32f1xx_hal_pcd.o
 .text.HAL_PCD_EP_DB_Transmit
                0x08001f70      0x7f4 ./Drivers/STM32F1xx_HAL_Driver/Src/stm32f1xx_hal_pcd.o
 .text.HAL_PCDEx_PMAConfig
                0x08002764       0x84 ./Drivers/STM32F1xx_HAL_Driver/Src/stm32f1xx_hal_pcd_ex.o
                0x08002764                HAL_PCDEx_PMAConfig
 .text.HAL_RCC_OscConfig
                0x080027e8      0x504 ./Drivers/STM32F1xx_HAL_Driver/Src/stm32f1xx_hal_rcc.o
                0x080027e8                HAL_RCC_OscConfig
 .text.HAL_RCC_ClockConfig
                0x08002cec      0x1d4 ./Drivers/STM32F1xx_HAL_Driver/Src/stm32f1xx_hal_rcc.o
                0x08002cec                HAL_RCC_ClockConfig
 .text.HAL_RCC_GetSysClockFreq
                0x08002ec0       0xa8 ./Drivers/STM32F1xx_HAL_Driver/Src/stm32f1xx_hal_rcc.o
                0x08002ec0                HAL_RCC_GetSysClockFreq
 .text.HAL_RCC_GetHCLKFreq
                0x08002f68       0x14 ./Drivers/STM32F1xx_HAL_Driver/Src/stm32f1xx_hal_rcc.o
                0x08002f68                HAL_RCC_GetHCLKFreq
 .text.HAL_RCC_GetPCLK1Freq
                0x08002f7c       0x28 ./Drivers/STM32F1xx_HAL_Driver/Src/stm32f1xx_hal_rcc.o
                0x08002f7c                HAL_RCC_GetPCLK1Freq
 .text.HAL_RCC_GetPCLK2Freq
                0x08002fa4       0x28 ./Drivers/STM32F1xx_HAL_Driver/Src/stm32f1xx_hal_rcc.o
                0x08002fa4                HAL_RCC_GetPCLK2Freq
 .text.RCC_Delay
                0x08002fcc       0x3c ./Drivers/STM32F1xx_HAL_Driver/Src/stm32f1xx_hal_rcc.o
 .text.HAL_RCCEx_PeriphCLKConfig
                0x08003008      0x16c ./Drivers/STM32F1xx_HAL_Driver/Src/stm32f1xx_hal_rcc_ex.o
                0x08003008                HAL_RCCEx_PeriphCLKConfig
 .text.HAL_TIM_Base_Init
                0x08003174       0x9e ./Drivers/STM32F1xx_HAL_Driver/Src/stm32f1xx_hal_tim.o
                0x08003174                HAL_TIM_Base_Init
 .text.HAL_TIM_IRQHandler
                0x08003212      0x1e0 ./Drivers/STM32F1xx_HAL_Driver/Src/stm32f1xx_hal_tim.o
                0x08003212                HAL_TIM_IRQHandler
 .text.HAL_TIM_ConfigClockSource
                0x080033f2      0x18e ./Drivers/STM32F1xx_HAL_Driver/Src/stm32f1xx_hal_tim.o
                0x080033f2                HAL_TIM_ConfigClockSource
 .text.HAL_TIM_PeriodElapsedCallback
                0x08003580       0x12 ./Drivers/STM32F1xx_HAL_Driver/Src/stm32f1xx_hal_tim.o
                0x08003580                HAL_TIM_PeriodElapsedCallback
 .text.HAL_TIM_OC_DelayElapsedCallback
                0x08003592       0x12 ./Drivers/STM32F1xx_HAL_Driver/Src/stm32f1xx_hal_tim.o
                0x08003592                HAL_TIM_OC_DelayElapsedCallback
 .text.HAL_TIM_IC_CaptureCallback
                0x080035a4       0x12 ./Drivers/STM32F1xx_HAL_Driver/Src/stm32f1xx_hal_tim.o
                0x080035a4                HAL_TIM_IC_CaptureCallback
 .text.HAL_TIM_PWM_PulseFinishedCallback
                0x080035b6       0x12 ./Drivers/STM32F1xx_HAL_Driver/Src/stm32f1xx_hal_tim.o
                0x080035b6                HAL_TIM_PWM_PulseFinishedCallback
 .text.HAL_TIM_TriggerCallback
                0x080035c8       0x12 ./Drivers/STM32F1xx_HAL_Driver/Src/stm32f1xx_hal_tim.o
                0x080035c8                HAL_TIM_TriggerCallback
 *fill*         0x080035da        0x2 
 .text.TIM_Base_SetConfig
                0x080035dc       0xdc ./Drivers/STM32F1xx_HAL_Driver/Src/stm32f1xx_hal_tim.o
                0x080035dc                TIM_Base_SetConfig
 .text.TIM_TI1_ConfigInputStage
                0x080036b8       0x5c ./Drivers/STM32F1xx_HAL_Driver/Src/stm32f1xx_hal_tim.o
 .text.TIM_TI2_ConfigInputStage
                0x08003714       0x5e ./Drivers/STM32F1xx_HAL_Driver/Src/stm32f1xx_hal_tim.o
 .text.TIM_ITRx_SetConfig
                0x08003772       0x34 ./Drivers/STM32F1xx_HAL_Driver/Src/stm32f1xx_hal_tim.o
 .text.TIM_ETR_SetConfig
                0x080037a6       0x3e ./Drivers/STM32F1xx_HAL_Driver/Src/stm32f1xx_hal_tim.o
                0x080037a6                TIM_ETR_SetConfig
 .text.HAL_TIMEx_MasterConfigSynchronization
                0x080037e4       0xbc ./Drivers/STM32F1xx_HAL_Driver/Src/stm32f1xx_hal_tim_ex.o
                0x080037e4                HAL_TIMEx_MasterConfigSynchronization
 .text.HAL_TIMEx_CommutCallback
                0x080038a0       0x12 ./Drivers/STM32F1xx_HAL_Driver/Src/stm32f1xx_hal_tim_ex.o
                0x080038a0                HAL_TIMEx_CommutCallback
 .text.HAL_TIMEx_BreakCallback
                0x080038b2       0x12 ./Drivers/STM32F1xx_HAL_Driver/Src/stm32f1xx_hal_tim_ex.o
                0x080038b2                HAL_TIMEx_BreakCallback
 .text.HAL_UART_Init
                0x080038c4       0xa0 ./Drivers/STM32F1xx_HAL_Driver/Src/stm32f1xx_hal_uart.o
                0x080038c4                HAL_UART_Init
 .text.HAL_UART_Transmit
                0x08003964      0x116 ./Drivers/STM32F1xx_HAL_Driver/Src/stm32f1xx_hal_uart.o
                0x08003964                HAL_UART_Transmit
 .text.UART_WaitOnFlagUntilTimeout
                0x08003a7a       0xb2 ./Drivers/STM32F1xx_HAL_Driver/Src/stm32f1xx_hal_uart.o
 .text.UART_EndRxTransfer
                0x08003b2c       0xc4 ./Drivers/STM32F1xx_HAL_Driver/Src/stm32f1xx_hal_uart.o
 .text.UART_SetConfig
                0x08003bf0      0x11c ./Drivers/STM32F1xx_HAL_Driver/Src/stm32f1xx_hal_uart.o
 .text.USB_CoreInit
                0x08003d0c       0x1a ./Drivers/STM32F1xx_HAL_Driver/Src/stm32f1xx_ll_usb.o
                0x08003d0c                USB_CoreInit
 .text.USB_EnableGlobalInt
                0x08003d26       0x2c ./Drivers/STM32F1xx_HAL_Driver/Src/stm32f1xx_ll_usb.o
                0x08003d26                USB_EnableGlobalInt
 .text.USB_DisableGlobalInt
                0x08003d52       0x34 ./Drivers/STM32F1xx_HAL_Driver/Src/stm32f1xx_ll_usb.o
                0x08003d52                USB_DisableGlobalInt
 .text.USB_SetCurrentMode
                0x08003d86       0x18 ./Drivers/STM32F1xx_HAL_Driver/Src/stm32f1xx_ll_usb.o
                0x08003d86                USB_SetCurrentMode
 .text.USB_DevInit
                0x08003d9e       0x3a ./Drivers/STM32F1xx_HAL_Driver/Src/stm32f1xx_ll_usb.o
                0x08003d9e                USB_DevInit
 .text.USB_ActivateEndpoint
                0x08003dd8      0x780 ./Drivers/STM32F1xx_HAL_Driver/Src/stm32f1xx_ll_usb.o
                0x08003dd8                USB_ActivateEndpoint
 .text.USB_DeactivateEndpoint
                0x08004558      0x3d8 ./Drivers/STM32F1xx_HAL_Driver/Src/stm32f1xx_ll_usb.o
                0x08004558                USB_DeactivateEndpoint
 .text.USB_EPStartXfer
                0x08004930     0x1762 ./Drivers/STM32F1xx_HAL_Driver/Src/stm32f1xx_ll_usb.o
                0x08004930                USB_EPStartXfer
 .text.USB_EPSetStall
                0x08006092       0xa0 ./Drivers/STM32F1xx_HAL_Driver/Src/stm32f1xx_ll_usb.o
                0x08006092                USB_EPSetStall
 .text.USB_EPClearStall
                0x08006132      0x15a ./Drivers/STM32F1xx_HAL_Driver/Src/stm32f1xx_ll_usb.o
                0x08006132                USB_EPClearStall
 .text.USB_SetDevAddress
                0x0800628c       0x26 ./Drivers/STM32F1xx_HAL_Driver/Src/stm32f1xx_ll_usb.o
                0x0800628c                USB_SetDevAddress
 .text.USB_DevConnect
                0x080062b2       0x14 ./Drivers/STM32F1xx_HAL_Driver/Src/stm32f1xx_ll_usb.o
                0x080062b2                USB_DevConnect
 .text.USB_DevDisconnect
                0x080062c6       0x14 ./Drivers/STM32F1xx_HAL_Driver/Src/stm32f1xx_ll_usb.o
                0x080062c6                USB_DevDisconnect
 .text.USB_ReadInterrupts
                0x080062da       0x1e ./Drivers/STM32F1xx_HAL_Driver/Src/stm32f1xx_ll_usb.o
                0x080062da                USB_ReadInterrupts
 .text.USB_EP0_OutStart
                0x080062f8       0x16 ./Drivers/STM32F1xx_HAL_Driver/Src/stm32f1xx_ll_usb.o
                0x080062f8                USB_EP0_OutStart
 .text.USB_WritePMA
                0x0800630e       0x8a ./Drivers/STM32F1xx_HAL_Driver/Src/stm32f1xx_ll_usb.o
                0x0800630e                USB_WritePMA
 .text.USB_ReadPMA
                0x08006398       0x9e ./Drivers/STM32F1xx_HAL_Driver/Src/stm32f1xx_ll_usb.o
                0x08006398                USB_ReadPMA
 .text.USBD_CDC_Init
                0x08006436       0xf4 ./Middlewares/ST/STM32_USB_Device_Library/Class/CDC/Src/usbd_cdc.o
 .text.USBD_CDC_DeInit
                0x0800652a       0x6e ./Middlewares/ST/STM32_USB_Device_Library/Class/CDC/Src/usbd_cdc.o
 .text.USBD_CDC_Setup
                0x08006598      0x146 ./Middlewares/ST/STM32_USB_Device_Library/Class/CDC/Src/usbd_cdc.o
 .text.USBD_CDC_DataIn
                0x080066de       0xa6 ./Middlewares/ST/STM32_USB_Device_Library/Class/CDC/Src/usbd_cdc.o
 .text.USBD_CDC_DataOut
                0x08006784       0x56 ./Middlewares/ST/STM32_USB_Device_Library/Class/CDC/Src/usbd_cdc.o
 .text.USBD_CDC_EP0_RxReady
                0x080067da       0x4e ./Middlewares/ST/STM32_USB_Device_Library/Class/CDC/Src/usbd_cdc.o
 .text.USBD_CDC_GetFSCfgDesc
                0x08006828       0x20 ./Middlewares/ST/STM32_USB_Device_Library/Class/CDC/Src/usbd_cdc.o
 .text.USBD_CDC_GetHSCfgDesc
                0x08006848       0x20 ./Middlewares/ST/STM32_USB_Device_Library/Class/CDC/Src/usbd_cdc.o
 .text.USBD_CDC_GetOtherSpeedCfgDesc
                0x08006868       0x20 ./Middlewares/ST/STM32_USB_Device_Library/Class/CDC/Src/usbd_cdc.o
 .text.USBD_CDC_GetDeviceQualifierDescriptor
                0x08006888       0x20 ./Middlewares/ST/STM32_USB_Device_Library/Class/CDC/Src/usbd_cdc.o
                0x08006888                USBD_CDC_GetDeviceQualifierDescriptor
 .text.USBD_CDC_RegisterInterface
                0x080068a8       0x2c ./Middlewares/ST/STM32_USB_Device_Library/Class/CDC/Src/usbd_cdc.o
                0x080068a8                USBD_CDC_RegisterInterface
 .text.USBD_CDC_SetTxBuffer
                0x080068d4       0x32 ./Middlewares/ST/STM32_USB_Device_Library/Class/CDC/Src/usbd_cdc.o
                0x080068d4                USBD_CDC_SetTxBuffer
 .text.USBD_CDC_SetRxBuffer
                0x08006906       0x26 ./Middlewares/ST/STM32_USB_Device_Library/Class/CDC/Src/usbd_cdc.o
                0x08006906                USBD_CDC_SetRxBuffer
 .text.USBD_CDC_ReceivePacket
                0x0800692c       0x54 ./Middlewares/ST/STM32_USB_Device_Library/Class/CDC/Src/usbd_cdc.o
                0x0800692c                USBD_CDC_ReceivePacket
 .text.USBD_Init
                0x08006980       0x56 ./Middlewares/ST/STM32_USB_Device_Library/Core/Src/usbd_core.o
                0x08006980                USBD_Init
 .text.USBD_RegisterClass
                0x080069d6       0x32 ./Middlewares/ST/STM32_USB_Device_Library/Core/Src/usbd_core.o
                0x080069d6                USBD_RegisterClass
 .text.USBD_Start
                0x08006a08       0x18 ./Middlewares/ST/STM32_USB_Device_Library/Core/Src/usbd_core.o
                0x08006a08                USBD_Start
 .text.USBD_RunTestMode
                0x08006a20       0x14 ./Middlewares/ST/STM32_USB_Device_Library/Core/Src/usbd_core.o
                0x08006a20                USBD_RunTestMode
 .text.USBD_SetClassConfig
                0x08006a34       0x3e ./Middlewares/ST/STM32_USB_Device_Library/Core/Src/usbd_core.o
                0x08006a34                USBD_SetClassConfig
 .text.USBD_ClrClassConfig
                0x08006a72       0x26 ./Middlewares/ST/STM32_USB_Device_Library/Core/Src/usbd_core.o
                0x08006a72                USBD_ClrClassConfig
 .text.USBD_LL_SetupStage
                0x08006a98       0x9a ./Middlewares/ST/STM32_USB_Device_Library/Core/Src/usbd_core.o
                0x08006a98                USBD_LL_SetupStage
 .text.USBD_LL_DataOutStage
                0x08006b32       0xe2 ./Middlewares/ST/STM32_USB_Device_Library/Core/Src/usbd_core.o
                0x08006b32                USBD_LL_DataOutStage
 .text.USBD_LL_DataInStage
                0x08006c14      0x14a ./Middlewares/ST/STM32_USB_Device_Library/Core/Src/usbd_core.o
                0x08006c14                USBD_LL_DataInStage
 .text.USBD_LL_Reset
                0x08006d5e       0x82 ./Middlewares/ST/STM32_USB_Device_Library/Core/Src/usbd_core.o
                0x08006d5e                USBD_LL_Reset
 .text.USBD_LL_SetSpeed
                0x08006de0       0x1e ./Middlewares/ST/STM32_USB_Device_Library/Core/Src/usbd_core.o
                0x08006de0                USBD_LL_SetSpeed
 .text.USBD_LL_Suspend
                0x08006dfe       0x28 ./Middlewares/ST/STM32_USB_Device_Library/Core/Src/usbd_core.o
                0x08006dfe                USBD_LL_Suspend
 .text.USBD_LL_Resume
                0x08006e26       0x2a ./Middlewares/ST/STM32_USB_Device_Library/Core/Src/usbd_core.o
                0x08006e26                USBD_LL_Resume
 .text.USBD_LL_SOF
                0x08006e50       0x34 ./Middlewares/ST/STM32_USB_Device_Library/Core/Src/usbd_core.o
                0x08006e50                USBD_LL_SOF
 .text.USBD_StdDevReq
                0x08006e84       0xd4 ./Middlewares/ST/STM32_USB_Device_Library/Core/Src/usbd_ctlreq.o
                0x08006e84                USBD_StdDevReq
 .text.USBD_StdItfReq
                0x08006f58       0x90 ./Middlewares/ST/STM32_USB_Device_Library/Core/Src/usbd_ctlreq.o
                0x08006f58                USBD_StdItfReq
 .text.USBD_StdEPReq
                0x08006fe8      0x2c6 ./Middlewares/ST/STM32_USB_Device_Library/Core/Src/usbd_ctlreq.o
                0x08006fe8                USBD_StdEPReq
 *fill*         0x080072ae        0x2 
 .text.USBD_GetDescriptor
                0x080072b0      0x2d0 ./Middlewares/ST/STM32_USB_Device_Library/Core/Src/usbd_ctlreq.o
 .text.USBD_SetAddress
                0x08007580       0x86 ./Middlewares/ST/STM32_USB_Device_Library/Core/Src/usbd_ctlreq.o
 *fill*         0x08007606        0x2 
 .text.USBD_SetConfig
                0x08007608      0x11c ./Middlewares/ST/STM32_USB_Device_Library/Core/Src/usbd_ctlreq.o
 .text.USBD_GetConfig
                0x08007724       0x6a ./Middlewares/ST/STM32_USB_Device_Library/Core/Src/usbd_ctlreq.o
 .text.USBD_GetStatus
                0x0800778e       0x66 ./Middlewares/ST/STM32_USB_Device_Library/Core/Src/usbd_ctlreq.o
 .text.USBD_SetFeature
                0x080077f4       0x28 ./Middlewares/ST/STM32_USB_Device_Library/Core/Src/usbd_ctlreq.o
 .text.USBD_ClrFeature
                0x0800781c       0x42 ./Middlewares/ST/STM32_USB_Device_Library/Core/Src/usbd_ctlreq.o
 .text.USBD_ParseSetupRequest
                0x0800785e       0x72 ./Middlewares/ST/STM32_USB_Device_Library/Core/Src/usbd_ctlreq.o
                0x0800785e                USBD_ParseSetupRequest
 .text.USBD_CtlError
                0x080078d0       0x22 ./Middlewares/ST/STM32_USB_Device_Library/Core/Src/usbd_ctlreq.o
                0x080078d0                USBD_CtlError
 .text.USBD_GetString
                0x080078f2       0x84 ./Middlewares/ST/STM32_USB_Device_Library/Core/Src/usbd_ctlreq.o
                0x080078f2                USBD_GetString
 .text.USBD_GetLen
                0x08007976       0x2e ./Middlewares/ST/STM32_USB_Device_Library/Core/Src/usbd_ctlreq.o
 .text.USBD_CtlSendData
                0x080079a4       0x38 ./Middlewares/ST/STM32_USB_Device_Library/Core/Src/usbd_ioreq.o
                0x080079a4                USBD_CtlSendData
 .text.USBD_CtlContinueSendData
                0x080079dc       0x24 ./Middlewares/ST/STM32_USB_Device_Library/Core/Src/usbd_ioreq.o
                0x080079dc                USBD_CtlContinueSendData
 .text.USBD_CtlPrepareRx
                0x08007a00       0x3c ./Middlewares/ST/STM32_USB_Device_Library/Core/Src/usbd_ioreq.o
                0x08007a00                USBD_CtlPrepareRx
 .text.USBD_CtlContinueRx
                0x08007a3c       0x24 ./Middlewares/ST/STM32_USB_Device_Library/Core/Src/usbd_ioreq.o
                0x08007a3c                USBD_CtlContinueRx
 .text.USBD_CtlSendStatus
                0x08007a60       0x26 ./Middlewares/ST/STM32_USB_Device_Library/Core/Src/usbd_ioreq.o
                0x08007a60                USBD_CtlSendStatus
 .text.USBD_CtlReceiveStatus
                0x08007a86       0x26 ./Middlewares/ST/STM32_USB_Device_Library/Core/Src/usbd_ioreq.o
                0x08007a86                USBD_CtlReceiveStatus
 .text.MX_USB_DEVICE_Init
                0x08007aac       0x60 ./USB_DEVICE/App/usb_device.o
                0x08007aac                MX_USB_DEVICE_Init
 .text.CDC_Init_FS
                0x08007b0c       0x28 ./USB_DEVICE/App/usbd_cdc_if.o
 .text.CDC_DeInit_FS
                0x08007b34        0xe ./USB_DEVICE/App/usbd_cdc_if.o
 *fill*         0x08007b42        0x2 
 .text.CDC_Control_FS
                0x08007b44       0xbc ./USB_DEVICE/App/usbd_cdc_if.o
 .text.CDC_Receive_FS
                0x08007c00       0x28 ./USB_DEVICE/App/usbd_cdc_if.o
 .text.USBD_FS_DeviceDescriptor
                0x08007c28       0x24 ./USB_DEVICE/App/usbd_desc.o
                0x08007c28                USBD_FS_DeviceDescriptor
 .text.USBD_FS_LangIDStrDescriptor
                0x08007c4c       0x24 ./USB_DEVICE/App/usbd_desc.o
                0x08007c4c                USBD_FS_LangIDStrDescriptor
 .text.USBD_FS_ProductStrDescriptor
                0x08007c70       0x3c ./USB_DEVICE/App/usbd_desc.o
                0x08007c70                USBD_FS_ProductStrDescriptor
 .text.USBD_FS_ManufacturerStrDescriptor
                0x08007cac       0x28 ./USB_DEVICE/App/usbd_desc.o
                0x08007cac                USBD_FS_ManufacturerStrDescriptor
 .text.USBD_FS_SerialStrDescriptor
                0x08007cd4       0x24 ./USB_DEVICE/App/usbd_desc.o
                0x08007cd4                USBD_FS_SerialStrDescriptor
 .text.USBD_FS_ConfigStrDescriptor
                0x08007cf8       0x3c ./USB_DEVICE/App/usbd_desc.o
                0x08007cf8                USBD_FS_ConfigStrDescriptor
 .text.USBD_FS_InterfaceStrDescriptor
                0x08007d34       0x3c ./USB_DEVICE/App/usbd_desc.o
                0x08007d34                USBD_FS_InterfaceStrDescriptor
 .text.Get_SerialNum
                0x08007d70       0x58 ./USB_DEVICE/App/usbd_desc.o
 .text.IntToUnicode
                0x08007dc8       0x7c ./USB_DEVICE/App/usbd_desc.o
 .text.HAL_PCD_MspInit
                0x08007e44       0x4c ./USB_DEVICE/Target/usbd_conf.o
                0x08007e44                HAL_PCD_MspInit
 .text.HAL_PCD_SetupStageCallback
                0x08007e90       0x24 ./USB_DEVICE/Target/usbd_conf.o
                0x08007e90                HAL_PCD_SetupStageCallback
 .text.HAL_PCD_DataOutStageCallback
                0x08007eb4       0x36 ./USB_DEVICE/Target/usbd_conf.o
                0x08007eb4                HAL_PCD_DataOutStageCallback
 .text.HAL_PCD_DataInStageCallback
                0x08007eea       0x34 ./USB_DEVICE/Target/usbd_conf.o
                0x08007eea                HAL_PCD_DataInStageCallback
 .text.HAL_PCD_SOFCallback
                0x08007f1e       0x1c ./USB_DEVICE/Target/usbd_conf.o
                0x08007f1e                HAL_PCD_SOFCallback
 .text.HAL_PCD_ResetCallback
                0x08007f3a       0x3c ./USB_DEVICE/Target/usbd_conf.o
                0x08007f3a                HAL_PCD_ResetCallback
 *fill*         0x08007f76        0x2 
 .text.HAL_PCD_SuspendCallback
                0x08007f78       0x34 ./USB_DEVICE/Target/usbd_conf.o
                0x08007f78                HAL_PCD_SuspendCallback
 .text.HAL_PCD_ResumeCallback
                0x08007fac       0x1c ./USB_DEVICE/Target/usbd_conf.o
                0x08007fac                HAL_PCD_ResumeCallback
 .text.USBD_LL_Init
                0x08007fc8       0xb4 ./USB_DEVICE/Target/usbd_conf.o
                0x08007fc8                USBD_LL_Init
 .text.USBD_LL_Start
                0x0800807c       0x36 ./USB_DEVICE/Target/usbd_conf.o
                0x0800807c                USBD_LL_Start
 .text.USBD_LL_OpenEP
                0x080080b2       0x4c ./USB_DEVICE/Target/usbd_conf.o
                0x080080b2                USBD_LL_OpenEP
 .text.USBD_LL_CloseEP
                0x080080fe       0x3e ./USB_DEVICE/Target/usbd_conf.o
                0x080080fe                USBD_LL_CloseEP
 .text.USBD_LL_StallEP
                0x0800813c       0x3e ./USB_DEVICE/Target/usbd_conf.o
                0x0800813c                USBD_LL_StallEP
 .text.USBD_LL_ClearStallEP
                0x0800817a       0x3e ./USB_DEVICE/Target/usbd_conf.o
                0x0800817a                USBD_LL_ClearStallEP
 .text.USBD_LL_IsStallEP
                0x080081b8       0x56 ./USB_DEVICE/Target/usbd_conf.o
                0x080081b8                USBD_LL_IsStallEP
 .text.USBD_LL_SetUSBAddress
                0x0800820e       0x3e ./USB_DEVICE/Target/usbd_conf.o
                0x0800820e                USBD_LL_SetUSBAddress
 .text.USBD_LL_Transmit
                0x0800824c       0x46 ./USB_DEVICE/Target/usbd_conf.o
                0x0800824c                USBD_LL_Transmit
 .text.USBD_LL_PrepareReceive
                0x08008292       0x46 ./USB_DEVICE/Target/usbd_conf.o
                0x08008292                USBD_LL_PrepareReceive
 .text.USBD_LL_GetRxDataSize
                0x080082d8       0x26 ./USB_DEVICE/Target/usbd_conf.o
                0x080082d8                USBD_LL_GetRxDataSize
 *fill*         0x080082fe        0x2 
 .text.USBD_static_malloc
                0x08008300       0x18 ./USB_DEVICE/Target/usbd_conf.o
                0x08008300                USBD_static_malloc
 .text.USBD_static_free
                0x08008318       0x12 ./USB_DEVICE/Target/usbd_conf.o
                0x08008318                USBD_static_free
 .text.HAL_PCDEx_SetConnectionState
                0x0800832a       0x16 ./USB_DEVICE/Target/usbd_conf.o
                0x0800832a                HAL_PCDEx_SetConnectionState
 .text.USBD_Get_USB_Status
                0x08008340       0x58 ./USB_DEVICE/Target/usbd_conf.o
 .text.memset   0x08008398       0x10 C:/ST/STM32CubeIDE_1.15.1/STM32CubeIDE/plugins/com.st.stm32cube.ide.mcu.externaltools.gnu-tools-for-stm32.12.3.rel1.win32_1.0.100.202403111256/tools/bin/../lib/gcc/arm-none-eabi/12.3.1/../../../../arm-none-eabi/lib/thumb/v7-m/nofp\libc_nano.a(libc_a-memset.o)
                0x08008398                memset
 .text.__libc_init_array
                0x080083a8       0x48 C:/ST/STM32CubeIDE_1.15.1/STM32CubeIDE/plugins/com.st.stm32cube.ide.mcu.externaltools.gnu-tools-for-stm32.12.3.rel1.win32_1.0.100.202403111256/tools/bin/../lib/gcc/arm-none-eabi/12.3.1/../../../../arm-none-eabi/lib/thumb/v7-m/nofp\libc_nano.a(libc_a-init.o)
                0x080083a8                __libc_init_array
 *(.glue_7)
 .glue_7        0x080083f0        0x0 linker stubs
 *(.glue_7t)
 .glue_7t       0x080083f0        0x0 linker stubs
 *(.eh_frame)
 .eh_frame      0x080083f0        0x0 C:/ST/STM32CubeIDE_1.15.1/STM32CubeIDE/plugins/com.st.stm32cube.ide.mcu.externaltools.gnu-tools-for-stm32.12.3.rel1.win32_1.0.100.202403111256/tools/bin/../lib/gcc/arm-none-eabi/12.3.1/thumb/v7-m/nofp/crtbegin.o
 *(.init)
 .init          0x080083f0        0x4 C:/ST/STM32CubeIDE_1.15.1/STM32CubeIDE/plugins/com.st.stm32cube.ide.mcu.externaltools.gnu-tools-for-stm32.12.3.rel1.win32_1.0.100.202403111256/tools/bin/../lib/gcc/arm-none-eabi/12.3.1/thumb/v7-m/nofp/crti.o
                0x080083f0                _init
 .init          0x080083f4        0x8 C:/ST/STM32CubeIDE_1.15.1/STM32CubeIDE/plugins/com.st.stm32cube.ide.mcu.externaltools.gnu-tools-for-stm32.12.3.rel1.win32_1.0.100.202403111256/tools/bin/../lib/gcc/arm-none-eabi/12.3.1/thumb/v7-m/nofp/crtn.o
 *(.fini)
 .fini          0x080083fc        0x4 C:/ST/STM32CubeIDE_1.15.1/STM32CubeIDE/plugins/com.st.stm32cube.ide.mcu.externaltools.gnu-tools-for-stm32.12.3.rel1.win32_1.0.100.202403111256/tools/bin/../lib/gcc/arm-none-eabi/12.3.1/thumb/v7-m/nofp/crti.o
                0x080083fc                _fini
 .fini          0x08008400        0x8 C:/ST/STM32CubeIDE_1.15.1/STM32CubeIDE/plugins/com.st.stm32cube.ide.mcu.externaltools.gnu-tools-for-stm32.12.3.rel1.win32_1.0.100.202403111256/tools/bin/../lib/gcc/arm-none-eabi/12.3.1/thumb/v7-m/nofp/crtn.o
                0x08008408                        . = ALIGN (0x4)
                0x08008408                        _etext = .

.vfp11_veneer   0x08008408        0x0
 .vfp11_veneer  0x08008408        0x0 linker stubs

.v4_bx          0x08008408        0x0
 .v4_bx         0x08008408        0x0 linker stubs

.iplt           0x08008408        0x0
 .iplt          0x08008408        0x0 C:/ST/STM32CubeIDE_1.15.1/STM32CubeIDE/plugins/com.st.stm32cube.ide.mcu.externaltools.gnu-tools-for-stm32.12.3.rel1.win32_1.0.100.202403111256/tools/bin/../lib/gcc/arm-none-eabi/12.3.1/thumb/v7-m/nofp/crtbegin.o

.rodata         0x08008408       0x78
                0x08008408                        . = ALIGN (0x4)
 *(.rodata)
 .rodata        0x08008408        0x2 ./Core/Src/main.o
 *fill*         0x0800840a        0x2 
 .rodata        0x0800840c       0x46 ./USB_DEVICE/App/usbd_desc.o
 *(.rodata*)
 *fill*         0x08008452        0x2 
 .rodata.AHBPrescTable
                0x08008454       0x10 ./Core/Src/system_stm32f1xx.o
                0x08008454                AHBPrescTable
 .rodata.APBPrescTable
                0x08008464        0x8 ./Core/Src/system_stm32f1xx.o
                0x08008464                APBPrescTable
 .rodata.aPLLMULFactorTable.1
                0x0800846c       0x10 ./Drivers/STM32F1xx_HAL_Driver/Src/stm32f1xx_hal_rcc.o
 .rodata.aPredivFactorTable.0
                0x0800847c        0x2 ./Drivers/STM32F1xx_HAL_Driver/Src/stm32f1xx_hal_rcc.o
                0x08008480                        . = ALIGN (0x4)
 *fill*         0x0800847e        0x2 

.ARM.extab      0x08008480        0x0
                0x08008480                        . = ALIGN (0x4)
 *(.ARM.extab* .gnu.linkonce.armextab.*)
                0x08008480                        . = ALIGN (0x4)

.ARM            0x08008480        0x0
                0x08008480                        . = ALIGN (0x4)
                0x08008480                        __exidx_start = .
 *(.ARM.exidx*)
                0x08008480                        __exidx_end = .
                0x08008480                        . = ALIGN (0x4)

.preinit_array  0x08008480        0x0
                0x08008480                        . = ALIGN (0x4)
                0x08008480                        PROVIDE (__preinit_array_start = .)
 *(.preinit_array*)
                0x08008480                        PROVIDE (__preinit_array_end = .)
                0x08008480                        . = ALIGN (0x4)

.init_array     0x08008480        0x4
                0x08008480                        . = ALIGN (0x4)
                0x08008480                        PROVIDE (__init_array_start = .)
 *(SORT_BY_NAME(.init_array.*))
 *(.init_array*)
 .init_array    0x08008480        0x4 C:/ST/STM32CubeIDE_1.15.1/STM32CubeIDE/plugins/com.st.stm32cube.ide.mcu.externaltools.gnu-tools-for-stm32.12.3.rel1.win32_1.0.100.202403111256/tools/bin/../lib/gcc/arm-none-eabi/12.3.1/thumb/v7-m/nofp/crtbegin.o
                0x08008484                        PROVIDE (__init_array_end = .)
                0x08008484                        . = ALIGN (0x4)

.fini_array     0x08008484        0x4
                0x08008484                        . = ALIGN (0x4)
                [!provide]                        PROVIDE (__fini_array_start = .)
 *(SORT_BY_NAME(.fini_array.*))
 *(.fini_array*)
 .fini_array    0x08008484        0x4 C:/ST/STM32CubeIDE_1.15.1/STM32CubeIDE/plugins/com.st.stm32cube.ide.mcu.externaltools.gnu-tools-for-stm32.12.3.rel1.win32_1.0.100.202403111256/tools/bin/../lib/gcc/arm-none-eabi/12.3.1/thumb/v7-m/nofp/crtbegin.o
                [!provide]                        PROVIDE (__fini_array_end = .)
                0x08008488                        . = ALIGN (0x4)
                0x08008488                        _sidata = LOADADDR (.data)

.rel.dyn        0x08008488        0x0
 .rel.iplt      0x08008488        0x0 C:/ST/STM32CubeIDE_1.15.1/STM32CubeIDE/plugins/com.st.stm32cube.ide.mcu.externaltools.gnu-tools-for-stm32.12.3.rel1.win32_1.0.100.202403111256/tools/bin/../lib/gcc/arm-none-eabi/12.3.1/thumb/v7-m/nofp/crtbegin.o

.data           0x20000000      0x188 load address 0x08008488
                0x20000000                        . = ALIGN (0x4)
                0x20000000                        _sdata = .
 *(.data)
 *(.data*)
 .data.In_Coords
                0x20000000        0xc ./Core/Src/arm_logic.o
                0x20000000                In_Coords
 .data.SystemCoreClock
                0x2000000c        0x4 ./Core/Src/system_stm32f1xx.o
                0x2000000c                SystemCoreClock
 .data.uwTickPrio
                0x20000010        0x4 ./Drivers/STM32F1xx_HAL_Driver/Src/stm32f1xx_hal.o
                0x20000010                uwTickPrio
 .data.uwTickFreq
                0x20000014        0x1 ./Drivers/STM32F1xx_HAL_Driver/Src/stm32f1xx_hal.o
                0x20000014                uwTickFreq
 *fill*         0x20000015        0x3 
 .data.USBD_CDC_DeviceQualifierDesc
                0x20000018        0xa ./Middlewares/ST/STM32_USB_Device_Library/Class/CDC/Src/usbd_cdc.o
 *fill*         0x20000022        0x2 
 .data.USBD_CDC
                0x20000024       0x38 ./Middlewares/ST/STM32_USB_Device_Library/Class/CDC/Src/usbd_cdc.o
                0x20000024                USBD_CDC
 .data.USBD_CDC_CfgHSDesc
                0x2000005c       0x43 ./Middlewares/ST/STM32_USB_Device_Library/Class/CDC/Src/usbd_cdc.o
                0x2000005c                USBD_CDC_CfgHSDesc
 *fill*         0x2000009f        0x1 
 .data.USBD_CDC_CfgFSDesc
                0x200000a0       0x43 ./Middlewares/ST/STM32_USB_Device_Library/Class/CDC/Src/usbd_cdc.o
                0x200000a0                USBD_CDC_CfgFSDesc
 *fill*         0x200000e3        0x1 
 .data.USBD_CDC_OtherSpeedCfgDesc
                0x200000e4       0x43 ./Middlewares/ST/STM32_USB_Device_Library/Class/CDC/Src/usbd_cdc.o
                0x200000e4                USBD_CDC_OtherSpeedCfgDesc
 *fill*         0x20000127        0x1 
 .data.USBD_Interface_fops_FS
                0x20000128       0x10 ./USB_DEVICE/App/usbd_cdc_if.o
                0x20000128                USBD_Interface_fops_FS
 .data.FS_Desc  0x20000138       0x1c ./USB_DEVICE/App/usbd_desc.o
                0x20000138                FS_Desc
 .data.USBD_FS_DeviceDesc
                0x20000154       0x12 ./USB_DEVICE/App/usbd_desc.o
                0x20000154                USBD_FS_DeviceDesc
 *fill*         0x20000166        0x2 
 .data.USBD_LangIDDesc
                0x20000168        0x4 ./USB_DEVICE/App/usbd_desc.o
                0x20000168                USBD_LangIDDesc
 .data.USBD_StringSerial
                0x2000016c       0x1a ./USB_DEVICE/App/usbd_desc.o
                0x2000016c                USBD_StringSerial
 *(.RamFunc)
 *(.RamFunc*)
                0x20000188                        . = ALIGN (0x4)
 *fill*         0x20000186        0x2 
                0x20000188                        _edata = .

.igot.plt       0x20000188        0x0 load address 0x08008610
 .igot.plt      0x20000188        0x0 C:/ST/STM32CubeIDE_1.15.1/STM32CubeIDE/plugins/com.st.stm32cube.ide.mcu.externaltools.gnu-tools-for-stm32.12.3.rel1.win32_1.0.100.202403111256/tools/bin/../lib/gcc/arm-none-eabi/12.3.1/thumb/v7-m/nofp/crtbegin.o
                0x20000188                        . = ALIGN (0x4)

.bss            0x20000188     0x1274 load address 0x08008610
                0x20000188                        _sbss = .
                0x20000188                        __bss_start__ = _sbss
 *(.bss)
 .bss           0x20000188       0x1c C:/ST/STM32CubeIDE_1.15.1/STM32CubeIDE/plugins/com.st.stm32cube.ide.mcu.externaltools.gnu-tools-for-stm32.12.3.rel1.win32_1.0.100.202403111256/tools/bin/../lib/gcc/arm-none-eabi/12.3.1/thumb/v7-m/nofp/crtbegin.o
 *(.bss*)
 .bss.htim2     0x200001a4       0x48 ./Core/Src/main.o
                0x200001a4                htim2
 .bss.huart1    0x200001ec       0x48 ./Core/Src/main.o
                0x200001ec                huart1
 .bss.key       0x20000234        0x1 ./Core/Src/main.o
                0x20000234                key
 *fill*         0x20000235        0x3 
 .bss.uwTick    0x20000238        0x4 ./Drivers/STM32F1xx_HAL_Driver/Src/stm32f1xx_hal.o
                0x20000238                uwTick
 .bss.cfgidx.0  0x2000023c        0x1 ./Middlewares/ST/STM32_USB_Device_Library/Core/Src/usbd_ctlreq.o
 *fill*         0x2000023d        0x3 
 .bss.hUsbDeviceFS
                0x20000240      0x2c4 ./USB_DEVICE/App/usb_device.o
                0x20000240                hUsbDeviceFS
 .bss.UserRxBufferFS
                0x20000504      0x400 ./USB_DEVICE/App/usbd_cdc_if.o
                0x20000504                UserRxBufferFS
 .bss.UserTxBufferFS
                0x20000904      0x400 ./USB_DEVICE/App/usbd_cdc_if.o
                0x20000904                UserTxBufferFS
 .bss.USBD_StrDesc
                0x20000d04      0x200 ./USB_DEVICE/App/usbd_desc.o
                0x20000d04                USBD_StrDesc
 .bss.hpcd_USB_FS
                0x20000f04      0x2d8 ./USB_DEVICE/Target/usbd_conf.o
                0x20000f04                hpcd_USB_FS
 .bss.mem.0     0x200011dc      0x220 ./USB_DEVICE/Target/usbd_conf.o
 *(COMMON)
                0x200013fc                        . = ALIGN (0x4)
                0x200013fc                        _ebss = .
                0x200013fc                        __bss_end__ = _ebss

._user_heap_stack
                0x200013fc      0x604 load address 0x08008610
                0x20001400                        . = ALIGN (0x8)
 *fill*         0x200013fc        0x4 
                [!provide]                        PROVIDE (end = .)
                0x20001400                        PROVIDE (_end = .)
                0x20001600                        . = (. + _Min_Heap_Size)
 *fill*         0x20001400      0x200 
                0x20001a00                        . = (. + _Min_Stack_Size)
 *fill*         0x20001600      0x400 
                0x20001a00                        . = ALIGN (0x8)

/DISCARD/
 libc.a(*)
 libm.a(*)
 libgcc.a(*)

.ARM.attributes
                0x00000000       0x29
 *(.ARM.attributes)
 .ARM.attributes
                0x00000000       0x1d C:/ST/STM32CubeIDE_1.15.1/STM32CubeIDE/plugins/com.st.stm32cube.ide.mcu.externaltools.gnu-tools-for-stm32.12.3.rel1.win32_1.0.100.202403111256/tools/bin/../lib/gcc/arm-none-eabi/12.3.1/thumb/v7-m/nofp/crti.o
 .ARM.attributes
                0x0000001d       0x2d C:/ST/STM32CubeIDE_1.15.1/STM32CubeIDE/plugins/com.st.stm32cube.ide.mcu.externaltools.gnu-tools-for-stm32.12.3.rel1.win32_1.0.100.202403111256/tools/bin/../lib/gcc/arm-none-eabi/12.3.1/thumb/v7-m/nofp/crtbegin.o
 .ARM.attributes
                0x0000004a       0x2d ./Core/Src/UART_Com.o
 .ARM.attributes
                0x00000077       0x2d ./Core/Src/arm_logic.o
 .ARM.attributes
                0x000000a4       0x2d ./Core/Src/main.o
 .ARM.attributes
                0x000000d1       0x2d ./Core/Src/stm32f1xx_hal_msp.o
 .ARM.attributes
                0x000000fe       0x2d ./Core/Src/stm32f1xx_it.o
 .ARM.attributes
                0x0000012b       0x2d ./Core/Src/system_stm32f1xx.o
 .ARM.attributes
                0x00000158       0x21 ./Core/Startup/startup_stm32f103cbtx.o
 .ARM.attributes
                0x00000179       0x2d ./Drivers/STM32F1xx_HAL_Driver/Src/stm32f1xx_hal.o
 .ARM.attributes
                0x000001a6       0x2d ./Drivers/STM32F1xx_HAL_Driver/Src/stm32f1xx_hal_cortex.o
 .ARM.attributes
                0x000001d3       0x2d ./Drivers/STM32F1xx_HAL_Driver/Src/stm32f1xx_hal_gpio.o
 .ARM.attributes
                0x00000200       0x2d ./Drivers/STM32F1xx_HAL_Driver/Src/stm32f1xx_hal_pcd.o
 .ARM.attributes
                0x0000022d       0x2d ./Drivers/STM32F1xx_HAL_Driver/Src/stm32f1xx_hal_pcd_ex.o
 .ARM.attributes
                0x0000025a       0x2d ./Drivers/STM32F1xx_HAL_Driver/Src/stm32f1xx_hal_rcc.o
 .ARM.attributes
                0x00000287       0x2d ./Drivers/STM32F1xx_HAL_Driver/Src/stm32f1xx_hal_rcc_ex.o
 .ARM.attributes
                0x000002b4       0x2d ./Drivers/STM32F1xx_HAL_Driver/Src/stm32f1xx_hal_tim.o
 .ARM.attributes
                0x000002e1       0x2d ./Drivers/STM32F1xx_HAL_Driver/Src/stm32f1xx_hal_tim_ex.o
 .ARM.attributes
                0x0000030e       0x2d ./Drivers/STM32F1xx_HAL_Driver/Src/stm32f1xx_hal_uart.o
 .ARM.attributes
                0x0000033b       0x2d ./Drivers/STM32F1xx_HAL_Driver/Src/stm32f1xx_ll_usb.o
 .ARM.attributes
                0x00000368       0x2d ./Middlewares/ST/STM32_USB_Device_Library/Class/CDC/Src/usbd_cdc.o
 .ARM.attributes
                0x00000395       0x2d ./Middlewares/ST/STM32_USB_Device_Library/Core/Src/usbd_core.o
 .ARM.attributes
                0x000003c2       0x2d ./Middlewares/ST/STM32_USB_Device_Library/Core/Src/usbd_ctlreq.o
 .ARM.attributes
                0x000003ef       0x2d ./Middlewares/ST/STM32_USB_Device_Library/Core/Src/usbd_ioreq.o
 .ARM.attributes
                0x0000041c       0x2d ./USB_DEVICE/App/usb_device.o
 .ARM.attributes
                0x00000449       0x2d ./USB_DEVICE/App/usbd_cdc_if.o
 .ARM.attributes
                0x00000476       0x2d ./USB_DEVICE/App/usbd_desc.o
 .ARM.attributes
                0x000004a3       0x2d ./USB_DEVICE/Target/usbd_conf.o
 .ARM.attributes
                0x000004d0       0x2d C:/ST/STM32CubeIDE_1.15.1/STM32CubeIDE/plugins/com.st.stm32cube.ide.mcu.externaltools.gnu-tools-for-stm32.12.3.rel1.win32_1.0.100.202403111256/tools/bin/../lib/gcc/arm-none-eabi/12.3.1/../../../../arm-none-eabi/lib/thumb/v7-m/nofp\libc_nano.a(libc_a-memset.o)
 .ARM.attributes
                0x000004fd       0x2d C:/ST/STM32CubeIDE_1.15.1/STM32CubeIDE/plugins/com.st.stm32cube.ide.mcu.externaltools.gnu-tools-for-stm32.12.3.rel1.win32_1.0.100.202403111256/tools/bin/../lib/gcc/arm-none-eabi/12.3.1/../../../../arm-none-eabi/lib/thumb/v7-m/nofp\libc_nano.a(libc_a-init.o)
 .ARM.attributes
                0x0000052a       0x1d C:/ST/STM32CubeIDE_1.15.1/STM32CubeIDE/plugins/com.st.stm32cube.ide.mcu.externaltools.gnu-tools-for-stm32.12.3.rel1.win32_1.0.100.202403111256/tools/bin/../lib/gcc/arm-none-eabi/12.3.1/thumb/v7-m/nofp/crtn.o
OUTPUT(STM.elf elf32-littlearm)
LOAD linker stubs
LOAD C:/ST/STM32CubeIDE_1.15.1/STM32CubeIDE/plugins/com.st.stm32cube.ide.mcu.externaltools.gnu-tools-for-stm32.12.3.rel1.win32_1.0.100.202403111256/tools/bin/../lib/gcc/arm-none-eabi/12.3.1/../../../../arm-none-eabi/lib/thumb/v7-m/nofp\libc.a
LOAD C:/ST/STM32CubeIDE_1.15.1/STM32CubeIDE/plugins/com.st.stm32cube.ide.mcu.externaltools.gnu-tools-for-stm32.12.3.rel1.win32_1.0.100.202403111256/tools/bin/../lib/gcc/arm-none-eabi/12.3.1/../../../../arm-none-eabi/lib/thumb/v7-m/nofp\libm.a
LOAD C:/ST/STM32CubeIDE_1.15.1/STM32CubeIDE/plugins/com.st.stm32cube.ide.mcu.externaltools.gnu-tools-for-stm32.12.3.rel1.win32_1.0.100.202403111256/tools/bin/../lib/gcc/arm-none-eabi/12.3.1/thumb/v7-m/nofp\libgcc.a

.debug_info     0x00000000    0x14db0
 .debug_info    0x00000000      0x60e ./Core/Src/UART_Com.o
 .debug_info    0x0000060e      0x372 ./Core/Src/arm_logic.o
 .debug_info    0x00000980      0xf16 ./Core/Src/main.o
 .debug_info    0x00001896      0xd2d ./Core/Src/stm32f1xx_hal_msp.o
 .debug_info    0x000025c3      0xb7a ./Core/Src/stm32f1xx_it.o
 .debug_info    0x0000313d      0x222 ./Core/Src/system_stm32f1xx.o
 .debug_info    0x0000335f       0x30 ./Core/Startup/startup_stm32f103cbtx.o
 .debug_info    0x0000338f      0x704 ./Drivers/STM32F1xx_HAL_Driver/Src/stm32f1xx_hal.o
 .debug_info    0x00003a93      0xa87 ./Drivers/STM32F1xx_HAL_Driver/Src/stm32f1xx_hal_cortex.o
 .debug_info    0x0000451a      0x5ab ./Drivers/STM32F1xx_HAL_Driver/Src/stm32f1xx_hal_gpio.o
 .debug_info    0x00004ac5     0x16dc ./Drivers/STM32F1xx_HAL_Driver/Src/stm32f1xx_hal_pcd.o
 .debug_info    0x000061a1      0x6c3 ./Drivers/STM32F1xx_HAL_Driver/Src/stm32f1xx_hal_pcd_ex.o
 .debug_info    0x00006864      0x7d5 ./Drivers/STM32F1xx_HAL_Driver/Src/stm32f1xx_hal_rcc.o
 .debug_info    0x00007039      0x3c0 ./Drivers/STM32F1xx_HAL_Driver/Src/stm32f1xx_hal_rcc_ex.o
 .debug_info    0x000073f9     0x2959 ./Drivers/STM32F1xx_HAL_Driver/Src/stm32f1xx_hal_tim.o
 .debug_info    0x00009d52     0x149b ./Drivers/STM32F1xx_HAL_Driver/Src/stm32f1xx_hal_tim_ex.o
 .debug_info    0x0000b1ed     0x2eed ./Drivers/STM32F1xx_HAL_Driver/Src/stm32f1xx_hal_uart.o
 .debug_info    0x0000e0da     0x17ae ./Drivers/STM32F1xx_HAL_Driver/Src/stm32f1xx_ll_usb.o
 .debug_info    0x0000f888     0x1043 ./Middlewares/ST/STM32_USB_Device_Library/Class/CDC/Src/usbd_cdc.o
 .debug_info    0x000108cb      0xa52 ./Middlewares/ST/STM32_USB_Device_Library/Core/Src/usbd_core.o
 .debug_info    0x0001131d      0x91c ./Middlewares/ST/STM32_USB_Device_Library/Core/Src/usbd_ctlreq.o
 .debug_info    0x00011c39      0x6a0 ./Middlewares/ST/STM32_USB_Device_Library/Core/Src/usbd_ioreq.o
 .debug_info    0x000122d9      0x63d ./USB_DEVICE/App/usb_device.o
 .debug_info    0x00012916      0x7ec ./USB_DEVICE/App/usbd_cdc_if.o
 .debug_info    0x00013102      0x44a ./USB_DEVICE/App/usbd_desc.o
 .debug_info    0x0001354c     0x1864 ./USB_DEVICE/Target/usbd_conf.o

.debug_abbrev   0x00000000     0x3650
 .debug_abbrev  0x00000000      0x198 ./Core/Src/UART_Com.o
 .debug_abbrev  0x00000198      0x176 ./Core/Src/arm_logic.o
 .debug_abbrev  0x0000030e      0x2f7 ./Core/Src/main.o
 .debug_abbrev  0x00000605      0x1dd ./Core/Src/stm32f1xx_hal_msp.o
 .debug_abbrev  0x000007e2      0x1c6 ./Core/Src/stm32f1xx_it.o
 .debug_abbrev  0x000009a8      0x13f ./Core/Src/system_stm32f1xx.o
 .debug_abbrev  0x00000ae7       0x24 ./Core/Startup/startup_stm32f103cbtx.o
 .debug_abbrev  0x00000b0b      0x201 ./Drivers/STM32F1xx_HAL_Driver/Src/stm32f1xx_hal.o
 .debug_abbrev  0x00000d0c      0x2f8 ./Drivers/STM32F1xx_HAL_Driver/Src/stm32f1xx_hal_cortex.o
 .debug_abbrev  0x00001004      0x1ca ./Drivers/STM32F1xx_HAL_Driver/Src/stm32f1xx_hal_gpio.o
 .debug_abbrev  0x000011ce      0x2d6 ./Drivers/STM32F1xx_HAL_Driver/Src/stm32f1xx_hal_pcd.o
 .debug_abbrev  0x000014a4      0x189 ./Drivers/STM32F1xx_HAL_Driver/Src/stm32f1xx_hal_pcd_ex.o
 .debug_abbrev  0x0000162d      0x2b3 ./Drivers/STM32F1xx_HAL_Driver/Src/stm32f1xx_hal_rcc.o
 .debug_abbrev  0x000018e0      0x188 ./Drivers/STM32F1xx_HAL_Driver/Src/stm32f1xx_hal_rcc_ex.o
 .debug_abbrev  0x00001a68      0x277 ./Drivers/STM32F1xx_HAL_Driver/Src/stm32f1xx_hal_tim.o
 .debug_abbrev  0x00001cdf      0x282 ./Drivers/STM32F1xx_HAL_Driver/Src/stm32f1xx_hal_tim_ex.o
 .debug_abbrev  0x00001f61      0x2f8 ./Drivers/STM32F1xx_HAL_Driver/Src/stm32f1xx_hal_uart.o
 .debug_abbrev  0x00002259      0x1de ./Drivers/STM32F1xx_HAL_Driver/Src/stm32f1xx_ll_usb.o
 .debug_abbrev  0x00002437      0x2d3 ./Middlewares/ST/STM32_USB_Device_Library/Class/CDC/Src/usbd_cdc.o
 .debug_abbrev  0x0000270a      0x24a ./Middlewares/ST/STM32_USB_Device_Library/Core/Src/usbd_core.o
 .debug_abbrev  0x00002954      0x26b ./Middlewares/ST/STM32_USB_Device_Library/Core/Src/usbd_ctlreq.o
 .debug_abbrev  0x00002bbf      0x192 ./Middlewares/ST/STM32_USB_Device_Library/Core/Src/usbd_ioreq.o
 .debug_abbrev  0x00002d51      0x18d ./USB_DEVICE/App/usb_device.o
 .debug_abbrev  0x00002ede      0x25d ./USB_DEVICE/App/usbd_cdc_if.o
 .debug_abbrev  0x0000313b      0x1ff ./USB_DEVICE/App/usbd_desc.o
 .debug_abbrev  0x0000333a      0x316 ./USB_DEVICE/Target/usbd_conf.o

.debug_aranges  0x00000000     0x1260
 .debug_aranges
                0x00000000       0x28 ./Core/Src/UART_Com.o
 .debug_aranges
                0x00000028       0x50 ./Core/Src/arm_logic.o
 .debug_aranges
                0x00000078       0x48 ./Core/Src/main.o
 .debug_aranges
                0x000000c0       0x40 ./Core/Src/stm32f1xx_hal_msp.o
 .debug_aranges
                0x00000100       0x70 ./Core/Src/stm32f1xx_it.o
 .debug_aranges
                0x00000170       0x28 ./Core/Src/system_stm32f1xx.o
 .debug_aranges
                0x00000198       0x28 ./Core/Startup/startup_stm32f103cbtx.o
 .debug_aranges
                0x000001c0       0xe0 ./Drivers/STM32F1xx_HAL_Driver/Src/stm32f1xx_hal.o
 .debug_aranges
                0x000002a0      0x100 ./Drivers/STM32F1xx_HAL_Driver/Src/stm32f1xx_hal_cortex.o
 .debug_aranges
                0x000003a0       0x58 ./Drivers/STM32F1xx_HAL_Driver/Src/stm32f1xx_hal_gpio.o
 .debug_aranges
                0x000003f8      0x140 ./Drivers/STM32F1xx_HAL_Driver/Src/stm32f1xx_hal_pcd.o
 .debug_aranges
                0x00000538       0x38 ./Drivers/STM32F1xx_HAL_Driver/Src/stm32f1xx_hal_pcd_ex.o
 .debug_aranges
                0x00000570       0x90 ./Drivers/STM32F1xx_HAL_Driver/Src/stm32f1xx_hal_rcc.o
 .debug_aranges
                0x00000600       0x30 ./Drivers/STM32F1xx_HAL_Driver/Src/stm32f1xx_hal_rcc_ex.o
 .debug_aranges
                0x00000630      0x3d0 ./Drivers/STM32F1xx_HAL_Driver/Src/stm32f1xx_hal_tim.o
 .debug_aranges
                0x00000a00      0x168 ./Drivers/STM32F1xx_HAL_Driver/Src/stm32f1xx_hal_tim_ex.o
 .debug_aranges
                0x00000b68      0x208 ./Drivers/STM32F1xx_HAL_Driver/Src/stm32f1xx_hal_uart.o
 .debug_aranges
                0x00000d70       0xf8 ./Drivers/STM32F1xx_HAL_Driver/Src/stm32f1xx_ll_usb.o
 .debug_aranges
                0x00000e68       0x90 ./Middlewares/ST/STM32_USB_Device_Library/Class/CDC/Src/usbd_cdc.o
 .debug_aranges
                0x00000ef8       0xb8 ./Middlewares/ST/STM32_USB_Device_Library/Core/Src/usbd_core.o
 .debug_aranges
                0x00000fb0       0x88 ./Middlewares/ST/STM32_USB_Device_Library/Core/Src/usbd_ctlreq.o
 .debug_aranges
                0x00001038       0x50 ./Middlewares/ST/STM32_USB_Device_Library/Core/Src/usbd_ioreq.o
 .debug_aranges
                0x00001088       0x20 ./USB_DEVICE/App/usb_device.o
 .debug_aranges
                0x000010a8       0x40 ./USB_DEVICE/App/usbd_cdc_if.o
 .debug_aranges
                0x000010e8       0x60 ./USB_DEVICE/App/usbd_desc.o
 .debug_aranges
                0x00001148      0x118 ./USB_DEVICE/Target/usbd_conf.o

.debug_rnglists
                0x00000000      0xe13
 .debug_rnglists
                0x00000000       0x1a ./Core/Src/UART_Com.o
 .debug_rnglists
                0x0000001a       0x39 ./Core/Src/arm_logic.o
 .debug_rnglists
                0x00000053       0x34 ./Core/Src/main.o
 .debug_rnglists
                0x00000087       0x2c ./Core/Src/stm32f1xx_hal_msp.o
 .debug_rnglists
                0x000000b3       0x4f ./Core/Src/stm32f1xx_it.o
 .debug_rnglists
                0x00000102       0x1a ./Core/Src/system_stm32f1xx.o
 .debug_rnglists
                0x0000011c       0x19 ./Core/Startup/startup_stm32f103cbtx.o
 .debug_rnglists
                0x00000135       0xa3 ./Drivers/STM32F1xx_HAL_Driver/Src/stm32f1xx_hal.o
 .debug_rnglists
                0x000001d8       0xbb ./Drivers/STM32F1xx_HAL_Driver/Src/stm32f1xx_hal_cortex.o
 .debug_rnglists
                0x00000293       0x3f ./Drivers/STM32F1xx_HAL_Driver/Src/stm32f1xx_hal_gpio.o
 .debug_rnglists
                0x000002d2       0xf4 ./Drivers/STM32F1xx_HAL_Driver/Src/stm32f1xx_hal_pcd.o
 .debug_rnglists
                0x000003c6       0x26 ./Drivers/STM32F1xx_HAL_Driver/Src/stm32f1xx_hal_pcd_ex.o
 .debug_rnglists
                0x000003ec       0x6c ./Drivers/STM32F1xx_HAL_Driver/Src/stm32f1xx_hal_rcc.o
 .debug_rnglists
                0x00000458       0x21 ./Drivers/STM32F1xx_HAL_Driver/Src/stm32f1xx_hal_rcc_ex.o
 .debug_rnglists
                0x00000479      0x31a ./Drivers/STM32F1xx_HAL_Driver/Src/stm32f1xx_hal_tim.o
 .debug_rnglists
                0x00000793      0x125 ./Drivers/STM32F1xx_HAL_Driver/Src/stm32f1xx_hal_tim_ex.o
 .debug_rnglists
                0x000008b8      0x1bc ./Drivers/STM32F1xx_HAL_Driver/Src/stm32f1xx_hal_uart.o
 .debug_rnglists
                0x00000a74       0xbd ./Drivers/STM32F1xx_HAL_Driver/Src/stm32f1xx_ll_usb.o
 .debug_rnglists
                0x00000b31       0x6a ./Middlewares/ST/STM32_USB_Device_Library/Class/CDC/Src/usbd_cdc.o
 .debug_rnglists
                0x00000b9b       0x89 ./Middlewares/ST/STM32_USB_Device_Library/Core/Src/usbd_core.o
 .debug_rnglists
                0x00000c24       0x68 ./Middlewares/ST/STM32_USB_Device_Library/Core/Src/usbd_ctlreq.o
 .debug_rnglists
                0x00000c8c       0x37 ./Middlewares/ST/STM32_USB_Device_Library/Core/Src/usbd_ioreq.o
 .debug_rnglists
                0x00000cc3       0x13 ./USB_DEVICE/App/usb_device.o
 .debug_rnglists
                0x00000cd6       0x2c ./USB_DEVICE/App/usbd_cdc_if.o
 .debug_rnglists
                0x00000d02       0x43 ./USB_DEVICE/App/usbd_desc.o
 .debug_rnglists
                0x00000d45       0xce ./USB_DEVICE/Target/usbd_conf.o

.debug_macro    0x00000000     0x5065
 .debug_macro   0x00000000      0x1e0 ./Core/Src/UART_Com.o
 .debug_macro   0x000001e0      0x298 ./Core/Src/arm_logic.o
 .debug_macro   0x00000478       0x61 ./Core/Src/arm_logic.o
 .debug_macro   0x000004d9       0x24 ./Core/Src/arm_logic.o
 .debug_macro   0x000004fd       0x43 ./Core/Src/arm_logic.o
 .debug_macro   0x00000540       0x34 ./Core/Src/arm_logic.o
 .debug_macro   0x00000574       0x16 ./Core/Src/arm_logic.o
 .debug_macro   0x0000058a       0x43 ./Core/Src/arm_logic.o
 .debug_macro   0x000005cd       0x34 ./Core/Src/arm_logic.o
 .debug_macro   0x00000601       0x10 ./Core/Src/arm_logic.o
 .debug_macro   0x00000611       0x58 ./Core/Src/arm_logic.o
 .debug_macro   0x00000669       0x8e ./Core/Src/arm_logic.o
 .debug_macro   0x000006f7       0x1c ./Core/Src/arm_logic.o
 .debug_macro   0x00000713      0x177 ./Core/Src/arm_logic.o
 .debug_macro   0x0000088a      0x369 ./Core/Src/arm_logic.o
 .debug_macro   0x00000bf3      0x19b ./Core/Src/arm_logic.o
 .debug_macro   0x00000d8e      0x375 ./Core/Src/main.o
 .debug_macro   0x00001103       0x16 ./Core/Src/main.o
 .debug_macro   0x00001119       0x35 ./Core/Src/main.o
 .debug_macro   0x0000114e       0x10 ./Core/Src/main.o
 .debug_macro   0x0000115e       0x16 ./Core/Src/main.o
 .debug_macro   0x00001174       0x16 ./Core/Src/main.o
 .debug_macro   0x0000118a      0x146 ./Core/Src/main.o
 .debug_macro   0x000012d0       0x16 ./Core/Src/main.o
 .debug_macro   0x000012e6       0x16 ./Core/Src/main.o
 .debug_macro   0x000012fc       0x29 ./Core/Src/main.o
 .debug_macro   0x00001325       0x16 ./Core/Src/main.o
 .debug_macro   0x0000133b       0x20 ./Core/Src/main.o
 .debug_macro   0x0000135b       0x5f ./Core/Src/main.o
 .debug_macro   0x000013ba      0x1c8 ./Core/Src/main.o
 .debug_macro   0x00001582      0x1d6 ./Core/Src/stm32f1xx_hal_msp.o
 .debug_macro   0x00001758      0x1e0 ./Core/Src/stm32f1xx_it.o
 .debug_macro   0x00001938      0x1c7 ./Core/Src/system_stm32f1xx.o
 .debug_macro   0x00001aff      0x1eb ./Drivers/STM32F1xx_HAL_Driver/Src/stm32f1xx_hal.o
 .debug_macro   0x00001cea      0x1c7 ./Drivers/STM32F1xx_HAL_Driver/Src/stm32f1xx_hal_cortex.o
 .debug_macro   0x00001eb1      0x232 ./Drivers/STM32F1xx_HAL_Driver/Src/stm32f1xx_hal_gpio.o
 .debug_macro   0x000020e3      0x1d3 ./Drivers/STM32F1xx_HAL_Driver/Src/stm32f1xx_hal_pcd.o
 .debug_macro   0x000022b6      0x1c7 ./Drivers/STM32F1xx_HAL_Driver/Src/stm32f1xx_hal_pcd_ex.o
 .debug_macro   0x0000247d      0x1d9 ./Drivers/STM32F1xx_HAL_Driver/Src/stm32f1xx_hal_rcc.o
 .debug_macro   0x00002656      0x1c7 ./Drivers/STM32F1xx_HAL_Driver/Src/stm32f1xx_hal_rcc_ex.o
 .debug_macro   0x0000281d      0x1c8 ./Drivers/STM32F1xx_HAL_Driver/Src/stm32f1xx_hal_tim.o
 .debug_macro   0x000029e5      0x1c7 ./Drivers/STM32F1xx_HAL_Driver/Src/stm32f1xx_hal_tim_ex.o
 .debug_macro   0x00002bac      0x1c8 ./Drivers/STM32F1xx_HAL_Driver/Src/stm32f1xx_hal_uart.o
 .debug_macro   0x00002d74      0x1c7 ./Drivers/STM32F1xx_HAL_Driver/Src/stm32f1xx_ll_usb.o
 .debug_macro   0x00002f3b      0x365 ./Middlewares/ST/STM32_USB_Device_Library/Class/CDC/Src/usbd_cdc.o
 .debug_macro   0x000032a0       0x9e ./Middlewares/ST/STM32_USB_Device_Library/Class/CDC/Src/usbd_cdc.o
 .debug_macro   0x0000333e      0x10b ./Middlewares/ST/STM32_USB_Device_Library/Class/CDC/Src/usbd_cdc.o
 .debug_macro   0x00003449       0x56 ./Middlewares/ST/STM32_USB_Device_Library/Class/CDC/Src/usbd_cdc.o
 .debug_macro   0x0000349f       0x8f ./Middlewares/ST/STM32_USB_Device_Library/Class/CDC/Src/usbd_cdc.o
 .debug_macro   0x0000352e      0x34c ./Middlewares/ST/STM32_USB_Device_Library/Core/Src/usbd_core.o
 .debug_macro   0x0000387a      0x1ce ./Middlewares/ST/STM32_USB_Device_Library/Core/Src/usbd_core.o
 .debug_macro   0x00003a48      0x356 ./Middlewares/ST/STM32_USB_Device_Library/Core/Src/usbd_ctlreq.o
 .debug_macro   0x00003d9e      0x352 ./Middlewares/ST/STM32_USB_Device_Library/Core/Src/usbd_ioreq.o
 .debug_macro   0x000040f0      0x385 ./USB_DEVICE/App/usb_device.o
 .debug_macro   0x00004475      0x12a ./USB_DEVICE/App/usb_device.o
 .debug_macro   0x0000459f       0x22 ./USB_DEVICE/App/usb_device.o
 .debug_macro   0x000045c1       0x16 ./USB_DEVICE/App/usb_device.o
 .debug_macro   0x000045d7      0x370 ./USB_DEVICE/App/usbd_cdc_if.o
 .debug_macro   0x00004947       0x10 ./USB_DEVICE/App/usbd_cdc_if.o
 .debug_macro   0x00004957      0x389 ./USB_DEVICE/App/usbd_desc.o
 .debug_macro   0x00004ce0       0x1c ./USB_DEVICE/App/usbd_desc.o
 .debug_macro   0x00004cfc      0x369 ./USB_DEVICE/Target/usbd_conf.o

.debug_line     0x00000000    0x174bf
 .debug_line    0x00000000      0x77c ./Core/Src/UART_Com.o
 .debug_line    0x0000077c      0xae8 ./Core/Src/arm_logic.o
 .debug_line    0x00001264      0xb42 ./Core/Src/main.o
 .debug_line    0x00001da6      0x7da ./Core/Src/stm32f1xx_hal_msp.o
 .debug_line    0x00002580      0x83e ./Core/Src/stm32f1xx_it.o
 .debug_line    0x00002dbe      0x7ca ./Core/Src/system_stm32f1xx.o
 .debug_line    0x00003588       0x78 ./Core/Startup/startup_stm32f103cbtx.o
 .debug_line    0x00003600      0x9f7 ./Drivers/STM32F1xx_HAL_Driver/Src/stm32f1xx_hal.o
 .debug_line    0x00003ff7      0xbe3 ./Drivers/STM32F1xx_HAL_Driver/Src/stm32f1xx_hal_cortex.o
 .debug_line    0x00004bda      0xa90 ./Drivers/STM32F1xx_HAL_Driver/Src/stm32f1xx_hal_gpio.o
 .debug_line    0x0000566a     0x144c ./Drivers/STM32F1xx_HAL_Driver/Src/stm32f1xx_hal_pcd.o
 .debug_line    0x00006ab6      0x7c5 ./Drivers/STM32F1xx_HAL_Driver/Src/stm32f1xx_hal_pcd_ex.o
 .debug_line    0x0000727b      0xe00 ./Drivers/STM32F1xx_HAL_Driver/Src/stm32f1xx_hal_rcc.o
 .debug_line    0x0000807b      0x941 ./Drivers/STM32F1xx_HAL_Driver/Src/stm32f1xx_hal_rcc_ex.o
 .debug_line    0x000089bc     0x351c ./Drivers/STM32F1xx_HAL_Driver/Src/stm32f1xx_hal_tim.o
 .debug_line    0x0000bed8     0x1946 ./Drivers/STM32F1xx_HAL_Driver/Src/stm32f1xx_hal_tim_ex.o
 .debug_line    0x0000d81e     0x28d6 ./Drivers/STM32F1xx_HAL_Driver/Src/stm32f1xx_hal_uart.o
 .debug_line    0x000100f4     0x10c8 ./Drivers/STM32F1xx_HAL_Driver/Src/stm32f1xx_ll_usb.o
 .debug_line    0x000111bc      0xd4f ./Middlewares/ST/STM32_USB_Device_Library/Class/CDC/Src/usbd_cdc.o
 .debug_line    0x00011f0b      0xdcb ./Middlewares/ST/STM32_USB_Device_Library/Core/Src/usbd_core.o
 .debug_line    0x00012cd6     0x100b ./Middlewares/ST/STM32_USB_Device_Library/Core/Src/usbd_ctlreq.o
 .debug_line    0x00013ce1      0xa61 ./Middlewares/ST/STM32_USB_Device_Library/Core/Src/usbd_ioreq.o
 .debug_line    0x00014742      0xa21 ./USB_DEVICE/App/usb_device.o
 .debug_line    0x00015163      0xa69 ./USB_DEVICE/App/usbd_cdc_if.o
 .debug_line    0x00015bcc      0xaea ./USB_DEVICE/App/usbd_desc.o
 .debug_line    0x000166b6      0xe09 ./USB_DEVICE/Target/usbd_conf.o

.debug_str      0x00000000    0x8fd2a
 .debug_str     0x00000000    0x864fb ./Core/Src/UART_Com.o
                              0x8688a (size before relaxing)
 .debug_str     0x000864fb     0x3a04 ./Core/Src/arm_logic.o
                              0x89e10 (size before relaxing)
 .debug_str     0x00089eff     0x17a5 ./Core/Src/main.o
                              0x8b1da (size before relaxing)
 .debug_str     0x0008b6a4      0x374 ./Core/Src/stm32f1xx_hal_msp.o
                              0x86f47 (size before relaxing)
 .debug_str     0x0008ba18      0x3fb ./Core/Src/stm32f1xx_it.o
                              0x86d05 (size before relaxing)
 .debug_str     0x0008be13       0x7e ./Core/Src/system_stm32f1xx.o
                              0x860f8 (size before relaxing)
 .debug_str     0x0008be91       0x44 ./Core/Startup/startup_stm32f103cbtx.o
                                 0x79 (size before relaxing)
 .debug_str     0x0008bed5      0x384 ./Drivers/STM32F1xx_HAL_Driver/Src/stm32f1xx_hal.o
                              0x8682b (size before relaxing)
 .debug_str     0x0008c259      0x26c ./Drivers/STM32F1xx_HAL_Driver/Src/stm32f1xx_hal_cortex.o
                              0x86777 (size before relaxing)
 .debug_str     0x0008c4c5      0x2e6 ./Drivers/STM32F1xx_HAL_Driver/Src/stm32f1xx_hal_gpio.o
                              0x8647e (size before relaxing)
 .debug_str     0x0008c7ab      0x5bd ./Drivers/STM32F1xx_HAL_Driver/Src/stm32f1xx_hal_pcd.o
                              0x86a15 (size before relaxing)
 .debug_str     0x0008cd68      0x170 ./Drivers/STM32F1xx_HAL_Driver/Src/stm32f1xx_hal_pcd_ex.o
                              0x86577 (size before relaxing)
 .debug_str     0x0008ced8      0x229 ./Drivers/STM32F1xx_HAL_Driver/Src/stm32f1xx_hal_rcc.o
                              0x86527 (size before relaxing)
 .debug_str     0x0008d101       0x9f ./Drivers/STM32F1xx_HAL_Driver/Src/stm32f1xx_hal_rcc_ex.o
                              0x86277 (size before relaxing)
 .debug_str     0x0008d1a0      0xe0b ./Drivers/STM32F1xx_HAL_Driver/Src/stm32f1xx_hal_tim.o
                              0x87529 (size before relaxing)
 .debug_str     0x0008dfab      0x493 ./Drivers/STM32F1xx_HAL_Driver/Src/stm32f1xx_hal_tim_ex.o
                              0x86d35 (size before relaxing)
 .debug_str     0x0008e43e      0x61f ./Drivers/STM32F1xx_HAL_Driver/Src/stm32f1xx_hal_uart.o
                              0x86b98 (size before relaxing)
 .debug_str     0x0008ea5d      0x129 ./Drivers/STM32F1xx_HAL_Driver/Src/stm32f1xx_ll_usb.o
                              0x865c9 (size before relaxing)
 .debug_str     0x0008eb86      0x957 ./Middlewares/ST/STM32_USB_Device_Library/Class/CDC/Src/usbd_cdc.o
                              0x8b388 (size before relaxing)
 .debug_str     0x0008f4dd      0x281 ./Middlewares/ST/STM32_USB_Device_Library/Core/Src/usbd_core.o
                              0x8acb8 (size before relaxing)
 .debug_str     0x0008f75e      0x120 ./Middlewares/ST/STM32_USB_Device_Library/Core/Src/usbd_ctlreq.o
                              0x8abd2 (size before relaxing)
 .debug_str     0x0008f87e       0x51 ./Middlewares/ST/STM32_USB_Device_Library/Core/Src/usbd_ioreq.o
                              0x8aaff (size before relaxing)
 .debug_str     0x0008f8cf      0x105 ./USB_DEVICE/App/usb_device.o
                              0x8ae8a (size before relaxing)
 .debug_str     0x0008f9d4       0x86 ./USB_DEVICE/App/usbd_cdc_if.o
                              0x8aeb0 (size before relaxing)
 .debug_str     0x0008fa5a      0x258 ./USB_DEVICE/App/usbd_desc.o
                              0x8aa3b (size before relaxing)
 .debug_str     0x0008fcb2       0x78 ./USB_DEVICE/Target/usbd_conf.o
                              0x8b915 (size before relaxing)

.comment        0x00000000       0x43
 .comment       0x00000000       0x43 ./Core/Src/UART_Com.o
                                 0x44 (size before relaxing)
 .comment       0x00000043       0x44 ./Core/Src/arm_logic.o
 .comment       0x00000043       0x44 ./Core/Src/main.o
 .comment       0x00000043       0x44 ./Core/Src/stm32f1xx_hal_msp.o
 .comment       0x00000043       0x44 ./Core/Src/stm32f1xx_it.o
 .comment       0x00000043       0x44 ./Core/Src/system_stm32f1xx.o
 .comment       0x00000043       0x44 ./Drivers/STM32F1xx_HAL_Driver/Src/stm32f1xx_hal.o
 .comment       0x00000043       0x44 ./Drivers/STM32F1xx_HAL_Driver/Src/stm32f1xx_hal_cortex.o
 .comment       0x00000043       0x44 ./Drivers/STM32F1xx_HAL_Driver/Src/stm32f1xx_hal_gpio.o
 .comment       0x00000043       0x44 ./Drivers/STM32F1xx_HAL_Driver/Src/stm32f1xx_hal_pcd.o
 .comment       0x00000043       0x44 ./Drivers/STM32F1xx_HAL_Driver/Src/stm32f1xx_hal_pcd_ex.o
 .comment       0x00000043       0x44 ./Drivers/STM32F1xx_HAL_Driver/Src/stm32f1xx_hal_rcc.o
 .comment       0x00000043       0x44 ./Drivers/STM32F1xx_HAL_Driver/Src/stm32f1xx_hal_rcc_ex.o
 .comment       0x00000043       0x44 ./Drivers/STM32F1xx_HAL_Driver/Src/stm32f1xx_hal_tim.o
 .comment       0x00000043       0x44 ./Drivers/STM32F1xx_HAL_Driver/Src/stm32f1xx_hal_tim_ex.o
 .comment       0x00000043       0x44 ./Drivers/STM32F1xx_HAL_Driver/Src/stm32f1xx_hal_uart.o
 .comment       0x00000043       0x44 ./Drivers/STM32F1xx_HAL_Driver/Src/stm32f1xx_ll_usb.o
 .comment       0x00000043       0x44 ./Middlewares/ST/STM32_USB_Device_Library/Class/CDC/Src/usbd_cdc.o
 .comment       0x00000043       0x44 ./Middlewares/ST/STM32_USB_Device_Library/Core/Src/usbd_core.o
 .comment       0x00000043       0x44 ./Middlewares/ST/STM32_USB_Device_Library/Core/Src/usbd_ctlreq.o
 .comment       0x00000043       0x44 ./Middlewares/ST/STM32_USB_Device_Library/Core/Src/usbd_ioreq.o
 .comment       0x00000043       0x44 ./USB_DEVICE/App/usb_device.o
 .comment       0x00000043       0x44 ./USB_DEVICE/App/usbd_cdc_if.o
 .comment       0x00000043       0x44 ./USB_DEVICE/App/usbd_desc.o
 .comment       0x00000043       0x44 ./USB_DEVICE/Target/usbd_conf.o

.debug_frame    0x00000000     0x4b74
 .debug_frame   0x00000000       0x5c ./Core/Src/UART_Com.o
 .debug_frame   0x0000005c      0x124 ./Core/Src/arm_logic.o
 .debug_frame   0x00000180       0xcc ./Core/Src/main.o
 .debug_frame   0x0000024c       0xc8 ./Core/Src/stm32f1xx_hal_msp.o
 .debug_frame   0x00000314      0x13c ./Core/Src/stm32f1xx_it.o
 .debug_frame   0x00000450       0x58 ./Core/Src/system_stm32f1xx.o
 .debug_frame   0x000004a8      0x334 ./Drivers/STM32F1xx_HAL_Driver/Src/stm32f1xx_hal.o
 .debug_frame   0x000007dc      0x428 ./Drivers/STM32F1xx_HAL_Driver/Src/stm32f1xx_hal_cortex.o
 .debug_frame   0x00000c04      0x14c ./Drivers/STM32F1xx_HAL_Driver/Src/stm32f1xx_hal_gpio.o
 .debug_frame   0x00000d50      0x594 ./Drivers/STM32F1xx_HAL_Driver/Src/stm32f1xx_hal_pcd.o
 .debug_frame   0x000012e4       0xb0 ./Drivers/STM32F1xx_HAL_Driver/Src/stm32f1xx_hal_pcd_ex.o
 .debug_frame   0x00001394      0x218 ./Drivers/STM32F1xx_HAL_Driver/Src/stm32f1xx_hal_rcc.o
 .debug_frame   0x000015ac       0x80 ./Drivers/STM32F1xx_HAL_Driver/Src/stm32f1xx_hal_rcc_ex.o
 .debug_frame   0x0000162c     0x11b8 ./Drivers/STM32F1xx_HAL_Driver/Src/stm32f1xx_hal_tim.o
 .debug_frame   0x000027e4      0x638 ./Drivers/STM32F1xx_HAL_Driver/Src/stm32f1xx_hal_tim_ex.o
 .debug_frame   0x00002e1c      0x944 ./Drivers/STM32F1xx_HAL_Driver/Src/stm32f1xx_hal_uart.o
 .debug_frame   0x00003760      0x470 ./Drivers/STM32F1xx_HAL_Driver/Src/stm32f1xx_ll_usb.o
 .debug_frame   0x00003bd0      0x248 ./Middlewares/ST/STM32_USB_Device_Library/Class/CDC/Src/usbd_cdc.o
 .debug_frame   0x00003e18      0x300 ./Middlewares/ST/STM32_USB_Device_Library/Core/Src/usbd_core.o
 .debug_frame   0x00004118      0x218 ./Middlewares/ST/STM32_USB_Device_Library/Core/Src/usbd_ctlreq.o
 .debug_frame   0x00004330      0x10c ./Middlewares/ST/STM32_USB_Device_Library/Core/Src/usbd_ioreq.o
 .debug_frame   0x0000443c       0x2c ./USB_DEVICE/App/usb_device.o
 .debug_frame   0x00004468       0xbc ./USB_DEVICE/App/usbd_cdc_if.o
 .debug_frame   0x00004524      0x160 ./USB_DEVICE/App/usbd_desc.o
 .debug_frame   0x00004684      0x4a4 ./USB_DEVICE/Target/usbd_conf.o
 .debug_frame   0x00004b28       0x20 C:/ST/STM32CubeIDE_1.15.1/STM32CubeIDE/plugins/com.st.stm32cube.ide.mcu.externaltools.gnu-tools-for-stm32.12.3.rel1.win32_1.0.100.202403111256/tools/bin/../lib/gcc/arm-none-eabi/12.3.1/../../../../arm-none-eabi/lib/thumb/v7-m/nofp\libc_nano.a(libc_a-memset.o)
 .debug_frame   0x00004b48       0x2c C:/ST/STM32CubeIDE_1.15.1/STM32CubeIDE/plugins/com.st.stm32cube.ide.mcu.externaltools.gnu-tools-for-stm32.12.3.rel1.win32_1.0.100.202403111256/tools/bin/../lib/gcc/arm-none-eabi/12.3.1/../../../../arm-none-eabi/lib/thumb/v7-m/nofp\libc_nano.a(libc_a-init.o)

.debug_line_str
                0x00000000       0x5d
 .debug_line_str
                0x00000000       0x5d ./Core/Startup/startup_stm32f103cbtx.o
