12:16:49 **** Incremental Build of configuration Debug for project STM ****
make -j6 all 
arm-none-eabi-gcc "../Core/Src/Mem_Tac.c" -mcpu=cortex-m3 -std=gnu11 -g3 -DDEBUG -DUSE_HAL_DRIVER -DSTM32F103xB -c -I../Core/Inc -I../Drivers/STM32F1xx_HAL_Driver/Inc/Legacy -I../Drivers/STM32F1xx_HAL_Driver/Inc -I../Drivers/CMSIS/Device/ST/STM32F1xx/Include -I../Drivers/CMSIS/Include -O0 -ffunction-sections -fdata-sections -Wall -fstack-usage -fcyclomatic-complexity -MMD -MP -MF"Core/Src/Mem_Tac.d" -MT"Core/Src/Mem_Tac.o" --specs=nano.specs -mfloat-abi=soft -mthumb -o "Core/Src/Mem_Tac.o"
arm-none-eabi-gcc "../Core/Src/main.c" -mcpu=cortex-m3 -std=gnu11 -g3 -DDEBUG -DUSE_HAL_DRIVER -DSTM32F103xB -c -I../Core/Inc -I../Drivers/STM32F1xx_HAL_Driver/Inc/Legacy -I../Drivers/STM32F1xx_HAL_Driver/Inc -I../Drivers/CMSIS/Device/ST/STM32F1xx/Include -I../Drivers/CMSIS/Include -O0 -ffunction-sections -fdata-sections -Wall -fstack-usage -fcyclomatic-complexity -MMD -MP -MF"Core/Src/main.d" -MT"Core/Src/main.o" --specs=nano.specs -mfloat-abi=soft -mthumb -o "Core/Src/main.o"
../Core/Src/Mem_Tac.c: In function 'Lire_Tab':
../Core/Src/Mem_Tac.c:46:32: warning: array subscript has type 'char' [-Wchar-subscripts]
   46 |     Coord_Mem = Tableau_Mem[Tab.y][Tab.x];
      |                             ~~~^~
../Core/Src/Mem_Tac.c:46:39: warning: array subscript has type 'char' [-Wchar-subscripts]
   46 |     Coord_Mem = Tableau_Mem[Tab.y][Tab.x];
      |                                    ~~~^~
../Core/Src/main.c: In function 'main':
../Core/Src/main.c:133:28: warning: implicit declaration of function 'Clavier_MX' [-Wimplicit-function-declaration]
  133 |           Valeur_Prnt[0] = Clavier_MX();
      |                            ^~~~~~~~~~
../Core/Src/main.c:134:46: warning: passing argument 1 of 'LCD_Print' from incompatible pointer type [-Wincompatible-pointer-types]
  134 |           if (Valeur_Prnt[0] != 0){LCD_Print(Valeur_Prnt);}
      |                                              ^~~~~~~~~~~
      |                                              |
      |                                              int *
In file included from ../Core/Src/main.c:24:
../Core/Inc/lcd.h:27:22: note: expected 'char *' but argument is of type 'int *'
   27 | void LCD_Print(char *str);
      |                ~~~~~~^~~
../Core/Src/main.c:156:15: warning: passing argument 1 of 'LCD_Print' from incompatible pointer type [-Wincompatible-pointer-types]
  156 |     LCD_Print(Valeur_Prnt);
      |               ^~~~~~~~~~~
      |               |
      |               int *
../Core/Inc/lcd.h:27:22: note: expected 'char *' but argument is of type 'int *'
   27 | void LCD_Print(char *str);
      |                ~~~~~~^~~
../Core/Src/main.c:159:15: warning: passing argument 1 of 'LCD_Print' from incompatible pointer type [-Wincompatible-pointer-types]
  159 |     LCD_Print(Valeur_Prnt);
      |               ^~~~~~~~~~~
      |               |
      |               int *
../Core/Inc/lcd.h:27:22: note: expected 'char *' but argument is of type 'int *'
   27 | void LCD_Print(char *str);
      |                ~~~~~~^~~
../Core/Src/main.c:161:15: warning: passing argument 1 of 'LCD_Print' from incompatible pointer type [-Wincompatible-pointer-types]
  161 |     LCD_Print(Valeur_Prnt);
      |               ^~~~~~~~~~~
      |               |
      |               int *
../Core/Inc/lcd.h:27:22: note: expected 'char *' but argument is of type 'int *'
   27 | void LCD_Print(char *str);
      |                ~~~~~~^~~
../Core/Src/main.c:163:15: warning: passing argument 1 of 'LCD_Print' from incompatible pointer type [-Wincompatible-pointer-types]
  163 |     LCD_Print(Valeur_Prnt);
      |               ^~~~~~~~~~~
      |               |
      |               int *
../Core/Inc/lcd.h:27:22: note: expected 'char *' but argument is of type 'int *'
   27 | void LCD_Print(char *str);
      |                ~~~~~~^~~
../Core/Src/main.c:169:13: warning: passing argument 1 of 'LCD_Print' from incompatible pointer type [-Wincompatible-pointer-types]
  169 |   LCD_Print(Valeur_Prnt);
      |             ^~~~~~~~~~~
      |             |
      |             int *
../Core/Inc/lcd.h:27:22: note: expected 'char *' but argument is of type 'int *'
   27 | void LCD_Print(char *str);
      |                ~~~~~~^~~
../Core/Src/main.c:171:13: warning: passing argument 1 of 'LCD_Print' from incompatible pointer type [-Wincompatible-pointer-types]
  171 |   LCD_Print(Valeur_Prnt);
      |             ^~~~~~~~~~~
      |             |
      |             int *
../Core/Inc/lcd.h:27:22: note: expected 'char *' but argument is of type 'int *'
   27 | void LCD_Print(char *str);
      |                ~~~~~~^~~
../Core/Src/main.c:175:13: warning: passing argument 1 of 'LCD_Print' from incompatible pointer type [-Wincompatible-pointer-types]
  175 |   LCD_Print(Valeur_Prnt);
      |             ^~~~~~~~~~~
      |             |
      |             int *
../Core/Inc/lcd.h:27:22: note: expected 'char *' but argument is of type 'int *'
   27 | void LCD_Print(char *str);
      |                ~~~~~~^~~
../Core/Src/main.c:177:13: warning: passing argument 1 of 'LCD_Print' from incompatible pointer type [-Wincompatible-pointer-types]
  177 |   LCD_Print(Valeur_Prnt);
      |             ^~~~~~~~~~~
      |             |
      |             int *
../Core/Inc/lcd.h:27:22: note: expected 'char *' but argument is of type 'int *'
   27 | void LCD_Print(char *str);
      |                ~~~~~~^~~
arm-none-eabi-gcc -o "STM.elf" @"objects.list"   -mcpu=cortex-m3 -T"U:\Session 3\Projet-session-3\Logiciel\STM\STM\STM32F103CBTX_FLASH.ld" --specs=nosys.specs -Wl,-Map="STM.map" -Wl,--gc-sections -static --specs=nano.specs -mfloat-abi=soft -mthumb -Wl,--start-group -lc -lm -Wl,--end-group
Finished building target: STM.elf
 
arm-none-eabi-size  STM.elf 
arm-none-eabi-objdump -h -S STM.elf  > "STM.list"
arm-none-eabi-objcopy  -O binary STM.elf  "STM.bin"
   text	   data	    bss	    dec	    hex	filename
  22240	    112	   2240	  24592	   6010	STM.elf
Finished building: default.size.stdout
 
Finished building: STM.bin
 
Finished building: STM.list
 
