13:23:23 **** Incremental Build of configuration Debug for project STM ****
make -j6 all 
arm-none-eabi-gcc "../Core/Src/main.c" -mcpu=cortex-m3 -std=gnu11 -g3 -DDEBUG -DUSE_HAL_DRIVER -DSTM32F103xB -c -I../Core/Inc -I../Drivers/STM32F1xx_HAL_Driver/Inc/Legacy -I../Drivers/STM32F1xx_HAL_Driver/Inc -I../Drivers/CMSIS/Device/ST/STM32F1xx/Include -I../Drivers/CMSIS/Include -O0 -ffunction-sections -fdata-sections -Wall -fstack-usage -fcyclomatic-complexity -MMD -MP -MF"Core/Src/main.d" -MT"Core/Src/main.o" --specs=nano.specs -mfloat-abi=soft -mthumb -o "Core/Src/main.o"
../Core/Src/main.c: In function 'main':
../Core/Src/main.c:138:32: warning: passing argument 2 of 'HAL_UART_Transmit' from incompatible pointer type [-Wincompatible-pointer-types]
  138 |     HAL_UART_Transmit(&huart1, &Valeur_Prnt[0], 1, 1);
      |                                ^~~~~~~~~~~~~~~
      |                                |
      |                                int *
In file included from ../Core/Inc/stm32f1xx_hal_conf.h:338,
                 from ../Drivers/STM32F1xx_HAL_Driver/Inc/stm32f1xx_hal.h:29,
                 from ../Core/Inc/main.h:30,
                 from ../Core/Src/main.c:20:
../Drivers/STM32F1xx_HAL_Driver/Inc/stm32f1xx_hal_uart.h:749:79: note: expected 'const uint8_t *' {aka 'const unsigned char *'} but argument is of type 'int *'
  749 | HAL_StatusTypeDef HAL_UART_Transmit(UART_HandleTypeDef *huart, const uint8_t *pData, uint16_t Size, uint32_t Timeout);
      |                                                                ~~~~~~~~~~~~~~~^~~~~
../Core/Src/main.c:141:32: warning: passing argument 2 of 'HAL_UART_Transmit' from incompatible pointer type [-Wincompatible-pointer-types]
  141 |     HAL_UART_Transmit(&huart1, &Valeur_Prnt[0], 1, 1);
      |                                ^~~~~~~~~~~~~~~
      |                                |
      |                                int *
../Drivers/STM32F1xx_HAL_Driver/Inc/stm32f1xx_hal_uart.h:749:79: note: expected 'const uint8_t *' {aka 'const unsigned char *'} but argument is of type 'int *'
  749 | HAL_StatusTypeDef HAL_UART_Transmit(UART_HandleTypeDef *huart, const uint8_t *pData, uint16_t Size, uint32_t Timeout);
      |                                                                ~~~~~~~~~~~~~~~^~~~~
../Core/Src/main.c:168:15: warning: passing argument 1 of 'LCD_Print' from incompatible pointer type [-Wincompatible-pointer-types]
  168 |     LCD_Print(Valeur_Prnt);
      |               ^~~~~~~~~~~
      |               |
      |               int *
In file included from ../Core/Src/main.c:24:
../Core/Inc/lcd.h:27:22: note: expected 'char *' but argument is of type 'int *'
   27 | void LCD_Print(char *str);
      |                ~~~~~~^~~
../Core/Src/main.c:171:15: warning: passing argument 1 of 'LCD_Print' from incompatible pointer type [-Wincompatible-pointer-types]
  171 |     LCD_Print(Valeur_Prnt);
      |               ^~~~~~~~~~~
      |               |
      |               int *
../Core/Inc/lcd.h:27:22: note: expected 'char *' but argument is of type 'int *'
   27 | void LCD_Print(char *str);
      |                ~~~~~~^~~
../Core/Src/main.c:173:15: warning: passing argument 1 of 'LCD_Print' from incompatible pointer type [-Wincompatible-pointer-types]
  173 |     LCD_Print(Valeur_Prnt);
      |               ^~~~~~~~~~~
      |               |
      |               int *
../Core/Inc/lcd.h:27:22: note: expected 'char *' but argument is of type 'int *'
   27 | void LCD_Print(char *str);
      |                ~~~~~~^~~
../Core/Src/main.c:175:15: warning: passing argument 1 of 'LCD_Print' from incompatible pointer type [-Wincompatible-pointer-types]
  175 |     LCD_Print(Valeur_Prnt);
      |               ^~~~~~~~~~~
      |               |
      |               int *
../Core/Inc/lcd.h:27:22: note: expected 'char *' but argument is of type 'int *'
   27 | void LCD_Print(char *str);
      |                ~~~~~~^~~
../Core/Src/main.c:181:13: warning: passing argument 1 of 'LCD_Print' from incompatible pointer type [-Wincompatible-pointer-types]
  181 |   LCD_Print(Valeur_Prnt);
      |             ^~~~~~~~~~~
      |             |
      |             int *
../Core/Inc/lcd.h:27:22: note: expected 'char *' but argument is of type 'int *'
   27 | void LCD_Print(char *str);
      |                ~~~~~~^~~
../Core/Src/main.c:183:13: warning: passing argument 1 of 'LCD_Print' from incompatible pointer type [-Wincompatible-pointer-types]
  183 |   LCD_Print(Valeur_Prnt);
      |             ^~~~~~~~~~~
      |             |
      |             int *
../Core/Inc/lcd.h:27:22: note: expected 'char *' but argument is of type 'int *'
   27 | void LCD_Print(char *str);
      |                ~~~~~~^~~
../Core/Src/main.c:187:13: warning: passing argument 1 of 'LCD_Print' from incompatible pointer type [-Wincompatible-pointer-types]
  187 |   LCD_Print(Valeur_Prnt);
      |             ^~~~~~~~~~~
      |             |
      |             int *
../Core/Inc/lcd.h:27:22: note: expected 'char *' but argument is of type 'int *'
   27 | void LCD_Print(char *str);
      |                ~~~~~~^~~
../Core/Src/main.c:189:13: warning: passing argument 1 of 'LCD_Print' from incompatible pointer type [-Wincompatible-pointer-types]
  189 |   LCD_Print(Valeur_Prnt);
      |             ^~~~~~~~~~~
      |             |
      |             int *
../Core/Inc/lcd.h:27:22: note: expected 'char *' but argument is of type 'int *'
   27 | void LCD_Print(char *str);
      |                ~~~~~~^~~
arm-none-eabi-gcc -o "STM.elf" @"objects.list"   -mcpu=cortex-m3 -T"U:\Session 3\Projet-session-3\Logiciel\STM\STM\STM32F103CBTX_FLASH.ld" --specs=nosys.specs -Wl,-Map="STM.map" -Wl,--gc-sections -static --specs=nano.specs -mfloat-abi=soft -mthumb -Wl,--start-group -lc -lm -Wl,--end-group
Finished building target: STM.elf
 
arm-none-eabi-size  STM.elf 
arm-none-eabi-objdump -h -S STM.elf  > "STM.list"
arm-none-eabi-objcopy  -O binary STM.elf  "STM.bin"
   text	   data	    bss	    dec	    hex	filename
  15044	     12	   1852	  16908	   420c	STM.elf
Finished building: default.size.stdout
 
Finished building: STM.bin
 
Finished building: STM.list
 

13:23:28 Build Finished. 0 errors, 10 warnings. (took 4s.481ms)

